[msg] 8月7日 08時 | 2000年8月7日。ニュータウンの なつやすみ。
[label]  | 2000年8月7日。ニュータウンの なつやすみ。
[day] 8月7日(月)  08:00  はれ  (t=0.1s)
[msg] 8月7日 09時 | 「うちの 子は もう おきないの。 / えらいわねえ、あなたは」
[label] 8月7日(月)  09:39  はれ | 「うちの 子は もう おきないの。 / えらいわねえ、あなたは」
[msg] 8月7日 10時 | 「ぼうや、水分は とってる？」
[label] 8月7日(月)  10:24  はれ | 「ぼうや、水分は とってる？」
[msg] 8月7日 11時 | つるが しちゅうに まきついて いる。 / ひだり まわりだ。
[label] 8月7日(月)  11:47  はれ | つるが しちゅうに まきついて いる。 / ひだり まわりだ。
[msg] 8月7日 12時 | じはんきの したを のぞくと、ときどき 十円が おちて いる。 / きょうは なかった。
[label] 8月7日(月)  12:45  はれ | じはんきの したを のぞくと、ときどき 十円が おちて いる。 / きょうは なかった。
[msg] 8月7日 13時 | クマゼミの こえが やんだ。
[label] 8月7日(月)  13:00  はれ | クマゼミの こえが やんだ。
[msg] 8月7日 13時 | 「あしたは 雨が くるよ。 / 足が いたむ日は だいたい あたる」
[label] 8月7日(月)  13:51  はれ | 「あしたは 雨が くるよ。 / 足が いたむ日は だいたい あたる」
[msg] 8月7日 14時 | おこづかい 100円 / ▶ ラムネ　100円 / 　 あたりくじ　20円 / 　 アイス　50円 / やじるしで えらぶ／スペースで かう／Ｚ で やめる
[label] 8月7日(月)  14:41  はれ | おこづかい 100円 / ▶ ラムネ　100円 / 　 あたりくじ　20円 / 　 アイス　50円 / やじるしで えらぶ／スペースで かう／Ｚ で やめる
[msg] 8月7日 15時 | ツクツクボウシが 鳴きはじめた。
[label] 8月7日(月)  15:00  はれ | ツクツクボウシが 鳴きはじめた。
[msg] 8月7日 15時 | 「また おいで」
[label] 8月7日(月)  15:20  はれ | 「また おいで」
[msg] 8月7日 16時 | セミの こえが かわった。
[label] 8月7日(月)  16:00  はれ | セミの こえが かわった。
[msg] 8月7日 17時 | 五時の チャイムが 鳴った。
[msg!] 上書き（0.00秒）: 「五時の チャイムが 鳴った。」→「ヒグラシが 鳴きはじめた。」
[msg] 8月7日 17時 | ヒグラシが 鳴きはじめた。
[label] 8月7日(月)  17:00  はれ | ヒグラシが 鳴きはじめた。
[msg] 8月7日 17時 | 「この先の 空き地は、ずっと 田んぼだったんだ」
[label] 8月7日(月)  17:51  はれ | 「この先の 空き地は、ずっと 田んぼだったんだ」
[diary] 【日記】8月7日(月) / きょうは セミが とれなかった。 / ラジオたいそうの さいごの日。はんこが そろった。 / あしたは なにを しようかな。
[msg] 8月8日 08時 | 8月8日の あさ。 / きょうは どこへ いこう。
[label] 8月7日(月)  19:00  はれ | 8月8日の あさ。 / きょうは どこへ いこう。
[day] 8月8日(火)  08:01  雨  (t=29.1s)
[msg] 8月8日 09時 | 「あそこの 木、また セミが すごいのよ」
[label] 8月8日(火)  09:40  雨 | 「あそこの 木、また セミが すごいのよ」
