[msg] 8月1日 08時 | 2000年8月1日。ニュータウンの なつやすみ。
[label]  | 2000年8月1日。ニュータウンの なつやすみ。
[day] 8月1日(火)  08:00  はれ  (t=0.1s)
[msg] 8月1日 10時 | アブラゼミが 鳴きはじめた。
[label] 8月1日(火)  10:00  はれ | アブラゼミが 鳴きはじめた。
[msg] 8月1日 11時 | ニイニイゼミの こえが やんだ。
[label] 8月1日(火)  11:00  はれ | ニイニイゼミの こえが やんだ。
[label] 8月1日(火)  12:32  はれ | あさがお　スペースで みる
[msg] 8月1日 13時 | クマゼミの こえが やんだ。
[label] 8月1日(火)  13:00  はれ | クマゼミの こえが やんだ。
[msg] 8月1日 13時 | 「あついねえ。 / ラムネ、ひやして あるよ」
[label] 8月1日(火)  13:51  はれ | 「あついねえ。 / ラムネ、ひやして あるよ」
[msg] 8月1日 15時 | ツクツクボウシが 鳴きはじめた。
[label] 8月1日(火)  15:00  はれ | ツクツクボウシが 鳴きはじめた。
[msg] 8月1日 15時 | おこづかい 100円 / ▶ ラムネ　100円 / 　 あたりくじ　20円 / 　 アイス　50円 / やじるしで えらぶ／スペースで かう／Ｚ で やめる
[label] 8月1日(火)  15:32  はれ | おこづかい 100円 / ▶ ラムネ　100円 / 　 あたりくじ　20円 / 　 アイス　50円 / やじるしで えらぶ／スペースで かう／Ｚ で やめる
[msg~] 待ち1: セミの こえが かわった。
[msg] 8月1日 17時 | 五時の チャイムが 鳴った。
[msg~] 待ち2: ヒグラシが 鳴きはじめた。
[label] 8月1日(火)  17:00  はれ | 五時の チャイムが 鳴った。
[msg+] 8月1日 18時 | セミの こえが かわった。
[label] 8月1日(火)  18:31  はれ | セミの こえが かわった。
[diary] 【日記】8月1日(火) / きょうは セミが とれなかった。 / だがしやの おばあさんと はなした。 / あしたは なにを しようかな。
[msg] 8月2日 08時 | 8月2日の あさ。 / ラジオたいそうへ いこう。
[label] 8月1日(火)  19:00  はれ | 8月2日の あさ。 / ラジオたいそうへ いこう。
[day] 8月2日(水)  08:01  はれ  (t=29.1s)
[msg] 8月2日 10時 | アブラゼミが 鳴きはじめた。
[label] 8月2日(水)  10:00  はれ | アブラゼミが 鳴きはじめた。
