[msg] 8月1日 08時 | 2000年8月1日。ニュータウンの なつやすみ。
[label]  | 2000年8月1日。ニュータウンの なつやすみ。
[day] 8月1日(火)  08:04  はれ  (t=0.1s)
[msg] 8月1日 13時 | クマゼミの こえが やんだ。
[label] 8月1日(火)  13:01  はれ | クマゼミの こえが やんだ。
[msg] 8月1日 15時 | ツクツクボウシが 鳴きはじめた。
[label] 8月1日(火)  15:01  はれ | ツクツクボウシが 鳴きはじめた。
[msg!] 上書き（0.37秒）: 「ツクツクボウシが 鳴きはじめた。」→「セミの こえが かわった。」
[msg] 8月1日 16時 | セミの こえが かわった。
[label] 8月1日(火)  16:04  はれ | セミの こえが かわった。
[msg!] 上書き（0.33秒）: 「セミの こえが かわった。」→「五時の チャイムが 鳴った。」
[msg] 8月1日 17時 | 五時の チャイムが 鳴った。
[msg!] 上書き（0.00秒）: 「五時の チャイムが 鳴った。」→「ヒグラシが 鳴きはじめた。」
[msg] 8月1日 17時 | ヒグラシが 鳴きはじめた。
[label] 8月1日(火)  17:01  はれ | ヒグラシが 鳴きはじめた。
[msg!] 上書き（0.17秒）: 「ヒグラシが 鳴きはじめた。」→「「ラジオたいそう、行った？ はんこ もらえるうちに 行きなさい」」
[msg] 8月1日 17時 | 「ラジオたいそう、行った？ / はんこ もらえるうちに 行きなさい」
[label] 8月1日(火)  17:30  はれ | 「ラジオたいそう、行った？ / はんこ もらえるうちに 行きなさい」
[diary] 【日記】8月1日(火) / きょうは セミが とれなかった。 / とくべつな ことは なかった。それも わるくない。 / あしたは なにを しようかな。
[msg] 8月2日 08時 | 8月2日の あさ。 / ラジオたいそうへ いこう。
[label] 8月1日(火)  19:01  はれ | 8月2日の あさ。 / ラジオたいそうへ いこう。
[day] 8月2日(水)  08:05  はれ  (t=11.0s)
[msg] 8月2日 10時 | アブラゼミが 鳴きはじめた。
[label] 8月2日(水)  10:00  はれ | アブラゼミが 鳴きはじめた。
[msg!] 上書き（0.37秒）: 「アブラゼミが 鳴きはじめた。」→「ニイニイゼミの こえが やんだ。」
[msg] 8月2日 11時 | ニイニイゼミの こえが やんだ。
[label] 8月2日(水)  11:02  はれ | ニイニイゼミの こえが やんだ。
[msg] 8月2日 13時 | クマゼミの こえが やんだ。
[label] 8月2日(水)  13:02  はれ | クマゼミの こえが やんだ。
[msg] 8月2日 15時 | ツクツクボウシが 鳴きはじめた。
[label] 8月2日(水)  15:02  はれ | ツクツクボウシが 鳴きはじめた。
[msg!] 上書き（0.33秒）: 「ツクツクボウシが 鳴きはじめた。」→「セミの こえが かわった。」
[msg] 8月2日 16時 | セミの こえが かわった。
[label] 8月2日(水)  16:00  はれ | セミの こえが かわった。
[msg!] 上書き（0.37秒）: 「セミの こえが かわった。」→「五時の チャイムが 鳴った。」
[msg] 8月2日 17時 | 五時の チャイムが 鳴った。
[msg!] 上書き（0.00秒）: 「五時の チャイムが 鳴った。」→「ヒグラシが 鳴きはじめた。」
[msg] 8月2日 17時 | ヒグラシが 鳴きはじめた。
[label] 8月2日(水)  17:02  はれ | ヒグラシが 鳴きはじめた。
[msg!] 上書き（0.17秒）: 「ヒグラシが 鳴きはじめた。」→「「うちの 子は もう おきないの。 えらいわねえ、あなたは」」
[msg] 8月2日 17時 | 「うちの 子は もう おきないの。 / えらいわねえ、あなたは」
[label] 8月2日(水)  17:31  はれ | 「うちの 子は もう おきないの。 / えらいわねえ、あなたは」
[diary] 【日記】8月2日(水) / きょうは セミが とれなかった。 / とくべつな ことは なかった。それも わるくない。 / あしたは なにを しようかな。
[msg] 8月3日 08時 | 8月3日の あさ。 / ラジオたいそうへ いこう。
[label] 8月2日(水)  19:02  はれ | 8月3日の あさ。 / ラジオたいそうへ いこう。
[day] 8月3日(木)  08:05  くもり  (t=22.0s)
[msg] 8月3日 10時 | アブラゼミが 鳴きはじめた。
[label] 8月3日(木)  10:00  くもり | アブラゼミが 鳴きはじめた。
[msg!] 上書き（0.37秒）: 「アブラゼミが 鳴きはじめた。」→「ニイニイゼミの こえが やんだ。」
[msg] 8月3日 11時 | ニイニイゼミの こえが やんだ。
[label] 8月3日(木)  11:02  くもり | ニイニイゼミの こえが やんだ。
[msg] 8月3日 13時 | クマゼミの こえが やんだ。
[label] 8月3日(木)  13:02  くもり | クマゼミの こえが やんだ。
[msg] 8月3日 15時 | ツクツクボウシが 鳴きはじめた。
[label] 8月3日(木)  15:02  くもり | ツクツクボウシが 鳴きはじめた。
[msg!] 上書き（0.33秒）: 「ツクツクボウシが 鳴きはじめた。」→「セミの こえが かわった。」
[msg] 8月3日 16時 | セミの こえが かわった。
[label] 8月3日(木)  16:00  くもり | セミの こえが かわった。
[msg!] 上書き（0.37秒）: 「セミの こえが かわった。」→「五時の チャイムが 鳴った。」
[msg] 8月3日 17時 | 五時の チャイムが 鳴った。
[msg!] 上書き（0.00秒）: 「五時の チャイムが 鳴った。」→「ヒグラシが 鳴きはじめた。」
[msg] 8月3日 17時 | ヒグラシが 鳴きはじめた。
[label] 8月3日(木)  17:02  くもり | ヒグラシが 鳴きはじめた。
[msg!] 上書き（0.17秒）: 「ヒグラシが 鳴きはじめた。」→「「あそこの 木、また セミが すごいのよ」」
[msg] 8月3日 17時 | 「あそこの 木、また セミが すごいのよ」
[label] 8月3日(木)  17:31  くもり | 「あそこの 木、また セミが すごいのよ」
[diary] 【日記】8月3日(木) / きょうは セミが とれなかった。 / とくべつな ことは なかった。それも わるくない。 / あしたは なにを しようかな。
[msg] 8月4日 08時 | 8月4日の あさ。 / ラジオたいそうへ いこう。
[label] 8月3日(木)  19:02  くもり | 8月4日の あさ。 / ラジオたいそうへ いこう。
[day] 8月4日(金)  08:05  はれ  (t=33.0s)
[msg] 8月4日 10時 | アブラゼミが 鳴きはじめた。
[label] 8月4日(金)  10:00  はれ | アブラゼミが 鳴きはじめた。
[msg!] 上書き（0.37秒）: 「アブラゼミが 鳴きはじめた。」→「ニイニイゼミの こえが やんだ。」
[msg] 8月4日 11時 | ニイニイゼミの こえが やんだ。
[label] 8月4日(金)  11:02  はれ | ニイニイゼミの こえが やんだ。
[msg] 8月4日 13時 | クマゼミの こえが やんだ。
[label] 8月4日(金)  13:02  はれ | クマゼミの こえが やんだ。
[msg] 8月4日 15時 | ツクツクボウシが 鳴きはじめた。
[label] 8月4日(金)  15:02  はれ | ツクツクボウシが 鳴きはじめた。
[msg!] 上書き（0.33秒）: 「ツクツクボウシが 鳴きはじめた。」→「セミの こえが かわった。」
[msg] 8月4日 16時 | セミの こえが かわった。
[label] 8月4日(金)  16:00  はれ | セミの こえが かわった。
[msg!] 上書き（0.37秒）: 「セミの こえが かわった。」→「五時の チャイムが 鳴った。」
[msg] 8月4日 17時 | 五時の チャイムが 鳴った。
[msg!] 上書き（0.00秒）: 「五時の チャイムが 鳴った。」→「ヒグラシが 鳴きはじめた。」
[msg] 8月4日 17時 | ヒグラシが 鳴きはじめた。
[label] 8月4日(金)  17:02  はれ | ヒグラシが 鳴きはじめた。
[msg!] 上書き（0.17秒）: 「ヒグラシが 鳴きはじめた。」→「「夕立が くるかも しれないわ。 かさ、もってる？」」
[msg] 8月4日 17時 | 「夕立が くるかも しれないわ。 / かさ、もってる？」
[label] 8月4日(金)  17:31  はれ | 「夕立が くるかも しれないわ。 / かさ、もってる？」
[diary] 【日記】8月4日(金) / きょうは セミが とれなかった。 / とくべつな ことは なかった。それも わるくない。 / あしたは なにを しようかな。
[msg] 8月5日 08時 | 8月5日の あさ。 / ラジオたいそうへ いこう。
[label] 8月4日(金)  19:02  はれ | 8月5日の あさ。 / ラジオたいそうへ いこう。
[day] 8月5日(土)  08:05  はれ  (t=43.9s)
[msg] 8月5日 10時 | アブラゼミが 鳴きはじめた。
[label] 8月5日(土)  10:00  はれ | アブラゼミが 鳴きはじめた。
[msg!] 上書き（0.37秒）: 「アブラゼミが 鳴きはじめた。」→「ニイニイゼミの こえが やんだ。」
[msg] 8月5日 11時 | ニイニイゼミの こえが やんだ。
[label] 8月5日(土)  11:02  はれ | ニイニイゼミの こえが やんだ。
[msg] 8月5日 13時 | クマゼミの こえが やんだ。
[label] 8月5日(土)  13:02  はれ | クマゼミの こえが やんだ。
[msg] 8月5日 15時 | ツクツクボウシが 鳴きはじめた。
[label] 8月5日(土)  15:02  はれ | ツクツクボウシが 鳴きはじめた。
[msg!] 上書き（0.33秒）: 「ツクツクボウシが 鳴きはじめた。」→「セミの こえが かわった。」
[msg] 8月5日 16時 | セミの こえが かわった。
