[msg] 8月1日 08時 | 2000年8月1日。ニュータウンの なつやすみ。
[label]  | 2000年8月1日。ニュータウンの なつやすみ。
[day] 8月1日(火)  08:00  はれ  (t=0.1s)
[msg] 8月1日 10時 | アブラゼミが 鳴きはじめた。
[label] 8月1日(火)  10:00  はれ | アブラゼミが 鳴きはじめた。
[msg] 8月1日 11時 | ニイニイゼミの こえが やんだ。
[label] 8月1日(火)  11:00  はれ | ニイニイゼミの こえが やんだ。
[label] 8月1日(火)  12:32  はれ | あさがお　スペースで みる
[msg] 8月1日 13時 | クマゼミの こえが やんだ。
[label] 8月1日(火)  13:00  はれ | クマゼミの こえが やんだ。
[msg] 8月1日 13時 | 「あついねえ。 / ラムネ、ひやして あるよ」
[label] 8月1日(火)  13:51  はれ | 「あついねえ。 / ラムネ、ひやして あるよ」
[msg] 8月1日 15時 | ツクツクボウシが 鳴きはじめた。
[label] 8月1日(火)  15:00  はれ | ツクツクボウシが 鳴きはじめた。
[msg] 8月1日 15時 | おこづかい 100円 / ▶ ラムネ　100円 / 　 あたりくじ　20円 / 　 アイス　50円 / やじるしで えらぶ／スペースで かう／Ｚ で やめる
[label] 8月1日(火)  15:17  はれ | おこづかい 100円 / ▶ ラムネ　100円 / 　 あたりくじ　20円 / 　 アイス　50円 / やじるしで えらぶ／スペースで かう／Ｚ で やめる
[msg] 8月1日 15時 | おこづかい 100円 / 　 ラムネ　100円 / ▶ あたりくじ　20円 / 　 アイス　50円 / やじるしで えらぶ／スペースで かう／Ｚ で やめる
[label] 8月1日(火)  15:35  はれ | おこづかい 100円 / 　 ラムネ　100円 / ▶ あたりくじ　20円 / 　 アイス　50円 / やじるしで えらぶ／スペースで かう／Ｚ で やめる
[msg!] 上書き（0.40秒）: 「おこづかい 100円 　 ラムネ　100円 ▶ あたりくじ　20円 　 アイス　50円 やじるしで えらぶ／スペースで かう／Ｚ で やめる」→「「はずれ。まあ そんなもんさ」 かみきれを ポケットに いれた。」
[msg] 8月1日 15時 | 「はずれ。まあ そんなもんさ」 / かみきれを ポケットに いれた。
[label] 8月1日(火)  15:47  はれ | 「はずれ。まあ そんなもんさ」 / かみきれを ポケットに いれた。
[msg] 8月1日 17時 | 五時の チャイムが 鳴った。
[label] 8月1日(火)  17:00  はれ | 五時の チャイムが 鳴った。
[msg+] 8月1日 18時 | セミの こえが かわった。
[label] 8月1日(火)  18:31  はれ | セミの こえが かわった。
[diary] 【日記】8月1日(火) / きょうは セミが とれなかった。 / だがしやで あたりくじを かった。 / あしたは なにを しようかな。
[msg] 8月2日 08時 | 8月2日の あさ。 / ラジオたいそうへ いこう。
[label] 8月1日(火)  19:00  はれ | 8月2日の あさ。 / ラジオたいそうへ いこう。
[day] 8月2日(水)  08:01  はれ  (t=29.1s)
[msg] 8月2日 10時 | アブラゼミが 鳴きはじめた。
[label] 8月2日(水)  10:00  はれ | アブラゼミが 鳴きはじめた。
[msg] 8月2日 11時 | ニイニイゼミの こえが やんだ。
[label] 8月2日(水)  11:00  はれ | ニイニイゼミの こえが やんだ。
[label] 8月2日(水)  12:32  はれ | あさがお　スペースで みる
[msg] 8月2日 13時 | クマゼミの こえが やんだ。
[label] 8月2日(水)  13:00  はれ | クマゼミの こえが やんだ。
[msg] 8月2日 13時 | 「その あみ、じょうずに つかえるかい。 / むかしの 子は みんな もってた」
[label] 8月2日(水)  13:52  はれ | 「その あみ、じょうずに つかえるかい。 / むかしの 子は みんな もってた」
[msg] 8月2日 15時 | ツクツクボウシが 鳴きはじめた。
[label] 8月2日(水)  15:00  はれ | ツクツクボウシが 鳴きはじめた。
[msg] 8月2日 15時 | おこづかい 180円 / ▶ ラムネ　100円 / 　 あたりくじ　20円 / 　 アイス　50円 / やじるしで えらぶ／スペースで かう／Ｚ で やめる
[label] 8月2日(水)  15:18  はれ | おこづかい 180円 / ▶ ラムネ　100円 / 　 あたりくじ　20円 / 　 アイス　50円 / やじるしで えらぶ／スペースで かう／Ｚ で やめる
[msg] 8月2日 15時 | おこづかい 180円 / 　 ラムネ　100円 / ▶ あたりくじ　20円 / 　 アイス　50円 / やじるしで えらぶ／スペースで かう／Ｚ で やめる
[label] 8月2日(水)  15:36  はれ | おこづかい 180円 / 　 ラムネ　100円 / ▶ あたりくじ　20円 / 　 アイス　50円 / やじるしで えらぶ／スペースで かう／Ｚ で やめる
[msg!] 上書き（0.40秒）: 「おこづかい 180円 　 ラムネ　100円 ▶ あたりくじ　20円 　 アイス　50円 やじるしで えらぶ／スペースで かう／Ｚ で やめる」→「「はずれ。まあ そんなもんさ」 かみきれを ポケットに いれた。」
[msg] 8月2日 15時 | 「はずれ。まあ そんなもんさ」 / かみきれを ポケットに いれた。
[label] 8月2日(水)  15:48  はれ | 「はずれ。まあ そんなもんさ」 / かみきれを ポケットに いれた。
[msg] 8月2日 17時 | 五時の チャイムが 鳴った。
[label] 8月2日(水)  17:00  はれ | 五時の チャイムが 鳴った。
[msg+] 8月2日 18時 | セミの こえが かわった。
[label] 8月2日(水)  18:31  はれ | セミの こえが かわった。
[diary] 【日記】8月2日(水) / きょうは セミが とれなかった。 / だがしやで あたりくじを かった。 / あしたは なにを しようかな。
[msg] 8月3日 08時 | 8月3日の あさ。 / ラジオたいそうへ いこう。
[label] 8月2日(水)  19:00  はれ | 8月3日の あさ。 / ラジオたいそうへ いこう。
[day] 8月3日(木)  08:01  くもり  (t=58.2s)
[msg] 8月3日 10時 | アブラゼミが 鳴きはじめた。
[label] 8月3日(木)  10:00  くもり | アブラゼミが 鳴きはじめた。
