[msg] 8月1日 08時 | 2000年8月1日。ニュータウンの なつやすみ。
[label]  | 2000年8月1日。ニュータウンの なつやすみ。
[day] 8月1日(火)  08:00  はれ  (t=0.1s)
[msg] 8月1日 08時 | ラジオたいそう。 / カードに はんこを おしてもらった。（1/7）
[label] 8月1日(火)  08:40  はれ | ラジオたいそう。 / カードに はんこを おしてもらった。（1/7）
[msg] 8月1日 09時 | 「ラジオたいそう、行った？ / はんこ もらえるうちに 行きなさい」
[label] 8月1日(火)  09:39  はれ | 「ラジオたいそう、行った？ / はんこ もらえるうちに 行きなさい」
[msg~] 待ち1: アブラゼミが 鳴きはじめた。
[msg] 8月1日 10時 | 「せんたくもの、はやく 入れなさいって / おかあさんに 言っといて」
[label] 8月1日(火)  10:24  はれ | 「せんたくもの、はやく 入れなさいって / おかあさんに 言っといて」
[msg~] 待ち2: ニイニイゼミの こえが やんだ。
[msg] 8月1日 11時 | ふたばが 出て いる。 / まだ これだけ。
[label] 8月1日(火)  11:47  はれ | ふたばが 出て いる。 / まだ これだけ。
[msg] 8月1日 12時 | じはんきの したを のぞくと、ときどき 十円が おちて いる。 / きょうは なかった。
[label] 8月1日(火)  12:45  はれ | じはんきの したを のぞくと、ときどき 十円が おちて いる。 / きょうは なかった。
[msg] 8月1日 13時 | 「あついねえ。 / ラムネ、ひやして あるよ」
[label] 8月1日(火)  13:51  はれ | 「あついねえ。 / ラムネ、ひやして あるよ」
[msg] 8月1日 14時 | おこづかい 100円 / ▶ ラムネ　100円 / 　 あたりくじ　20円 / 　 アイス　50円 / やじるしで えらぶ／スペースで かう／Ｚ で やめる
[label] 8月1日(火)  14:41  はれ | おこづかい 100円 / ▶ ラムネ　100円 / 　 あたりくじ　20円 / 　 アイス　50円 / やじるしで えらぶ／スペースで かう／Ｚ で やめる
[msg] 8月1日 14時 | 「また おいで」
[label] 8月1日(火)  14:56  はれ | 「また おいで」
[msg~] 待ち1: ツクツクボウシが 鳴きはじめた。
[msg+] 8月1日 15時 | ツクツクボウシが 鳴きはじめた。
[label] 8月1日(火)  15:57  はれ | ツクツクボウシが 鳴きはじめた。
[msg~] 待ち1: セミの こえが かわった。
[msg] 8月1日 17時 | 五時の チャイムが 鳴った。
[msg~] 待ち2: ヒグラシが 鳴きはじめた。
[label] 8月1日(火)  17:00  はれ | 五時の チャイムが 鳴った。
[msg] 8月1日 17時 | 「この あつさは、むかしの 夏には なかったよ」
[label] 8月1日(火)  17:51  はれ | 「この あつさは、むかしの 夏には なかったよ」
[diary] 【日記】8月1日(火) / きょうは セミが とれなかった。 / あさ、はんこを おしてもらった。（1/7） / あしたは なにを しようかな。
[msg] 8月2日 08時 | 8月2日の あさ。 / ラジオたいそうへ いこう。
[label] 8月1日(火)  19:00  はれ | 8月2日の あさ。 / ラジオたいそうへ いこう。
[day] 8月2日(水)  08:01  はれ  (t=29.1s)
[msg] 8月2日 08時 | ラジオたいそう。 / カードに はんこを おしてもらった。（2/7）
[label] 8月2日(水)  08:41  はれ | ラジオたいそう。 / カードに はんこを おしてもらった。（2/7）
[msg] 8月2日 09時 | 「うちの 子は もう おきないの。 / えらいわねえ、あなたは」
[label] 8月2日(水)  09:40  はれ | 「うちの 子は もう おきないの。 / えらいわねえ、あなたは」
[msg~] 待ち1: アブラゼミが 鳴きはじめた。
