[save] つづきから=False 日付=8月1日 セミ=0 ずかん=0 はっけん=0
[spawn] 8月1日 8.00時 ニイニイゼミ @ (0, 0, -20)
[spawn] 8月1日 8.00時 ニイニイゼミ @ (-4, 0, -9)
[spawn] 8月1日 8.00時 クマゼミ @ (-8, 0, -18)
[spawn] 8月1日 8.00時 ニイニイゼミ @ (27, 0, -4)
[spawn] 8月1日 8.00時 カブトムシ @ (19, 0, 5)
[msg] 8月1日 08時 | 2000年8月1日。ニュータウンの なつやすみ。
[label]  | 2000年8月1日。ニュータウンの なつやすみ。
[day] 8月1日(火)  08:00  はれ  (t=0.1s)
[msg] 8月1日 08時 | ラジオたいそう。 / カードに はんこを おしてもらった。（1/7）
[label] 8月1日(火)  08:40  はれ | ラジオたいそう。 / カードに はんこを おしてもらった。（1/7）
[spawn] 8月1日 9.51時 ニイニイゼミ @ (0, 0, -20)
[spawn] 8月1日 9.51時 ニイニイゼミ @ (-4, 0, -9)
[spawn] 8月1日 9.51時 クマゼミ @ (-8, 0, -18)
[spawn] 8月1日 9.51時 ニイニイゼミ @ (27, 0, -4)
[msg] 8月1日 09時 | 「ラジオたいそう、行った？ / はんこ もらえるうちに 行きなさい」
[label] 8月1日(火)  09:39  はれ | 「ラジオたいそう、行った？ / はんこ もらえるうちに 行きなさい」
[spawn] 8月1日 10.01時 ニイニイゼミ @ (0, 0, -20)
[spawn] 8月1日 10.01時 ニイニイゼミ @ (-4, 0, -9)
[spawn] 8月1日 10.01時 クマゼミ @ (-8, 0, -18)
[spawn] 8月1日 10.01時 ニイニイゼミ @ (27, 0, -4)
[spawn] 8月1日 10.01時 アブラゼミ @ (15, 0, -13)
[msg~] 待ち1: アブラゼミが 鳴きはじめた。
[msg] 8月1日 10時 | 「せんたくもの、はやく 入れなさいって / おかあさんに 言っといて」
[label] 8月1日(火)  10:24  はれ | 「せんたくもの、はやく 入れなさいって / おかあさんに 言っといて」
[spawn] 8月1日 11.01時 ミンミンゼミ @ (19, 0, 5)
[spawn] 8月1日 11.01時 アブラゼミ @ (-26, 0, -11)
[spawn] 8月1日 11.01時 ミンミンゼミ @ (15, 0, -13)
[spawn] 8月1日 11.01時 クマゼミ @ (-6, 0, 4.6)
[msg~] 待ち2: ニイニイゼミの こえが やんだ。
[msg] 8月1日 11時 | ふたばが 出て いる。 / まだ これだけ。
[label] 8月1日(火)  11:47  はれ | ふたばが 出て いる。 / まだ これだけ。
[msg] 8月1日 12時 | じはんきの したを のぞくと、ときどき 十円が おちて いる。 / きょうは なかった。
[label] 8月1日(火)  12:45  はれ | じはんきの したを のぞくと、ときどき 十円が おちて いる。 / きょうは なかった。
[spawn] 8月1日 13.01時 ミンミンゼミ @ (19, 0, 5)
[spawn] 8月1日 13.01時 アブラゼミ @ (-26, 0, -11)
[spawn] 8月1日 13.01時 ミンミンゼミ @ (15, 0, -13)
[msg!] 上書き（0.47秒・待ち2）: 「じはんきの したを のぞくと、ときどき 十円が おちて いる。 きょうは なかった。」→「クマゼミの こえが やんだ。」
[msg] 8月1日 13時 | クマゼミの こえが やんだ。
[label] 8月1日(火)  13:00  はれ | クマゼミの こえが やんだ。
[msg] 8月1日 13時 | 「あついねえ。 / ラムネ、ひやして あるよ」
[label] 8月1日(火)  13:51  はれ | 「あついねえ。 / ラムネ、ひやして あるよ」
[msg] 8月1日 14時 | おこづかい 100円 / ▶ ラムネ　100円 / 　 あたりくじ　20円 / 　 アイス　50円 / やじるしで えらぶ／スペースで かう／Ｚ で やめる
[label] 8月1日(火)  14:41  はれ | おこづかい 100円 / ▶ ラムネ　100円 / 　 あたりくじ　20円 / 　 アイス　50円 / やじるしで えらぶ／スペースで かう／Ｚ で やめる
[spawn] 8月1日 15.01時 ミンミンゼミ @ (19, 0, 5)
[spawn] 8月1日 15.01時 アブラゼミ @ (-26, 0, -11)
[spawn] 8月1日 15.01時 ミンミンゼミ @ (15, 0, -13)
[spawn] 8月1日 15.01時 ツクツクボウシ @ (-8, 0, -18)
[msg~] 待ち1: ツクツクボウシが 鳴きはじめた。
[msg] 8月1日 15時 | 「また おいで」
[label] 8月1日(火)  15:20  はれ | 「また おいで」
[spawn] 8月1日 16.01時 アブラゼミ @ (-4, 0, -9)
[spawn] 8月1日 16.01時 ツクツクボウシ @ (19, 0, 5)
[spawn] 8月1日 16.01時 アブラゼミ @ (27, 0, -4)
[spawn] 8月1日 16.01時 アブラゼミ @ (-26, 0, -11)
[msg] 8月1日 16時 | セミの こえが かわった。
[label] 8月1日(火)  16:00  はれ | セミの こえが かわった。
[msg] 8月1日 17時 | 五時の チャイムが 鳴った。
[spawn] 8月1日 17.01時 ツクツクボウシ @ (19, 0, 5)
[spawn] 8月1日 17.01時 ヒグラシ @ (-26, 0, -11)
[spawn] 8月1日 17.01時 ヒグラシ @ (-4, 0, -9)
[spawn] 8月1日 17.01時 ヒグラシ @ (0, 0, -20)
[spawn] 8月1日 17.01時 カブトムシ @ (19, 0, 5)
[spawn] 8月1日 17.01時 カブトムシ @ (19, 0, 5)
[msg~] 待ち2: ヒグラシが 鳴きはじめた。
[label] 8月1日(火)  17:00  はれ | 五時の チャイムが 鳴った。
[msg] 8月1日 17時 | 「この あつさは、むかしの 夏には なかったよ」
[label] 8月1日(火)  17:51  はれ | 「この あつさは、むかしの 夏には なかったよ」
[diary] 【日記】8月1日(火) / きょうは セミが とれなかった。 / あさ、はんこを おしてもらった。（1/7） / あしたは なにを しようかな。
[spawn] 8月2日 8.00時 クマゼミ @ (-4, 0, -9)
[spawn] 8月2日 8.00時 ニイニイゼミ @ (0, 0, -20)
[spawn] 8月2日 8.00時 クマゼミ @ (15, 0, -13)
[spawn] 8月2日 8.00時 ニイニイゼミ @ (-8, 0, -18)
[spawn] 8月2日 8.00時 カブトムシ @ (19, 0, 5)
[spawn] 8月2日 8.00時 クワガタ @ (19, 0, 5)
[msg] 8月2日 08時 | 8月2日の あさ。 / ラジオたいそうへ いこう。
[label] 8月1日(火)  19:00  はれ | 8月2日の あさ。 / ラジオたいそうへ いこう。
[day] 8月2日(水)  08:01  はれ  (t=29.1s)
[msg] 8月2日 08時 | ラジオたいそう。 / カードに はんこを おしてもらった。（2/7）
[label] 8月2日(水)  08:41  はれ | ラジオたいそう。 / カードに はんこを おしてもらった。（2/7）
[spawn] 8月2日 9.50時 クマゼミ @ (-4, 0, -9)
[spawn] 8月2日 9.50時 ニイニイゼミ @ (0, 0, -20)
[spawn] 8月2日 9.50時 クマゼミ @ (15, 0, -13)
[spawn] 8月2日 9.50時 ニイニイゼミ @ (-8, 0, -18)
[msg] 8月2日 09時 | 「うちの 子は もう おきないの。 / えらいわねえ、あなたは」
[label] 8月2日(水)  09:40  はれ | 「うちの 子は もう おきないの。 / えらいわねえ、あなたは」
[spawn] 8月2日 10.00時 クマゼミ @ (-4, 0, -9)
[spawn] 8月2日 10.00時 ニイニイゼミ @ (0, 0, -20)
[spawn] 8月2日 10.00時 クマゼミ @ (15, 0, -13)
[spawn] 8月2日 10.00時 ニイニイゼミ @ (-8, 0, -18)
[spawn] 8月2日 10.00時 ミンミンゼミ @ (-26, 0, -11)
[msg~] 待ち1: アブラゼミが 鳴きはじめた。
[msg] 8月2日 10時 | 「ぼうや、水分は とってる？」
[label] 8月2日(水)  10:25  はれ | 「ぼうや、水分は とってる？」
[spawn] 8月2日 11.00時 ミンミンゼミ @ (-12, 0, 4.2)
[spawn] 8月2日 11.00時 クマゼミ @ (-6, 0, 4.6)
[spawn] 8月2日 11.00時 アブラゼミ @ (-4, 0, -9)
[spawn] 8月2日 11.00時 クマゼミ @ (27, 0, -4)
[msg~] 待ち2: ニイニイゼミの こえが やんだ。
[msg] 8月2日 11時 | ふたばが 出て いる。 / まだ これだけ。
[label] 8月2日(水)  11:48  はれ | ふたばが 出て いる。 / まだ これだけ。
[spawn] 8月2日 13.00時 ミンミンゼミ @ (-12, 0, 4.2)
[spawn] 8月2日 13.00時 アブラゼミ @ (-4, 0, -9)
[msg] 8月2日 13時 | クマゼミの こえが やんだ。
[label] 8月2日(水)  13:00  はれ | クマゼミの こえが やんだ。
[msg] 8月2日 13時 | 「その あみ、じょうずに つかえるかい。 / むかしの 子は みんな もってた」
[label] 8月2日(水)  13:52  はれ | 「その あみ、じょうずに つかえるかい。 / むかしの 子は みんな もってた」
[msg] 8月2日 14時 | おこづかい 200円 / ▶ ラムネ　100円 / 　 あたりくじ　20円 / 　 アイス　50円 / やじるしで えらぶ／スペースで かう／Ｚ で やめる
[label] 8月2日(水)  14:42  はれ | おこづかい 200円 / ▶ ラムネ　100円 / 　 あたりくじ　20円 / 　 アイス　50円 / やじるしで えらぶ／スペースで かう／Ｚ で やめる
[spawn] 8月2日 15.00時 ミンミンゼミ @ (-12, 0, 4.2)
[spawn] 8月2日 15.00時 アブラゼミ @ (-4, 0, -9)
[spawn] 8月2日 15.00時 ツクツクボウシ @ (27, 0, -4)
[spawn] 8月2日 15.00時 ツクツクボウシ @ (-8, 0, -18)
[msg~] 待ち1: ツクツクボウシが 鳴きはじめた。
[msg] 8月2日 15時 | 「また おいで」
[label] 8月2日(水)  15:21  はれ | 「また おいで」
[spawn] 8月2日 16.00時 ツクツクボウシ @ (-9.5, 0, 5.8)
[spawn] 8月2日 16.00時 ツクツクボウシ @ (27, 0, -4)
[spawn] 8月2日 16.00時 アブラゼミ @ (19, 0, 5)
[spawn] 8月2日 16.00時 ツクツクボウシ @ (-6, 0, 4.6)
[msg] 8月2日 16時 | セミの こえが かわった。
[label] 8月2日(水)  16:00  はれ | セミの こえが かわった。
[msg] 8月2日 17時 | 五時の チャイムが 鳴った。
[spawn] 8月2日 17.00時 ツクツクボウシ @ (-9.5, 0, 5.8)
[spawn] 8月2日 17.00時 ツクツクボウシ @ (27, 0, -4)
[spawn] 8月2日 17.00時 ツクツクボウシ @ (-6, 0, 4.6)
[spawn] 8月2日 17.00時 ヒグラシ @ (19, 0, 5)
[spawn] 8月2日 17.00時 カブトムシ @ (19, 0, 5)
[msg~] 待ち2: ヒグラシが 鳴きはじめた。
[label] 8月2日(水)  17:00  はれ | 五時の チャイムが 鳴った。
[msg] 8月2日 17時 | 「この先の 空き地は、ずっと 田んぼだったんだ」
[label] 8月2日(水)  17:52  はれ | 「この先の 空き地は、ずっと 田んぼだったんだ」
[diary] 【日記】8月2日(水) / きょうは セミが とれなかった。 / あさ、はんこを おしてもらった。（2/7） / あしたは なにを しようかな。
[spawn] 8月3日 8.00時 クマゼミ @ (19, 0, 5)
[spawn] 8月3日 8.00時 クマゼミ @ (0, 0, -20)
[spawn] 8月3日 8.00時 ニイニイゼミ @ (-6, 0, 4.6)
[spawn] 8月3日 8.00時 ニイニイゼミ @ (-9.5, 0, 5.8)
[spawn] 8月3日 8.00時 カブトムシ @ (19, 0, 5)
[msg] 8月3日 08時 | 8月3日の あさ。 / ラジオたいそうへ いこう。
[label] 8月2日(水)  19:00  はれ | 8月3日の あさ。 / ラジオたいそうへ いこう。
[day] 8月3日(木)  08:01  くもり  (t=58.2s)
[msg] 8月3日 08時 | ラジオたいそう。 / カードに はんこを おしてもらった。（3/7）
[label] 8月3日(木)  08:41  くもり | ラジオたいそう。 / カードに はんこを おしてもらった。（3/7）
[spawn] 8月3日 9.50時 クマゼミ @ (19, 0, 5)
[spawn] 8月3日 9.50時 クマゼミ @ (0, 0, -20)
[spawn] 8月3日 9.50時 ニイニイゼミ @ (-6, 0, 4.6)
[spawn] 8月3日 9.50時 ニイニイゼミ @ (-9.5, 0, 5.8)
[msg] 8月3日 09時 | 「あそこの 木、また セミが すごいのよ」
[label] 8月3日(木)  09:40  くもり | 「あそこの 木、また セミが すごいのよ」
[spawn] 8月3日 10.00時 クマゼミ @ (19, 0, 5)
[spawn] 8月3日 10.00時 クマゼミ @ (0, 0, -20)
[spawn] 8月3日 10.00時 ニイニイゼミ @ (-6, 0, 4.6)
[spawn] 8月3日 10.00時 ニイニイゼミ @ (-9.5, 0, 5.8)
[spawn] 8月3日 10.00時 ミンミンゼミ @ (-12, 0, 4.2)
[msg~] 待ち1: アブラゼミが 鳴きはじめた。
[msg] 8月3日 10時 | 「なつまつりの 提灯、もう ついてたわ」
[label] 8月3日(木)  10:25  くもり | 「なつまつりの 提灯、もう ついてたわ」
[spawn] 8月3日 11.00時 ミンミンゼミ @ (-26, 0, -11)
[spawn] 8月3日 11.00時 クマゼミ @ (-9.5, 0, 5.8)
[spawn] 8月3日 11.00時 ミンミンゼミ @ (0, 0, -20)
[spawn] 8月3日 11.00時 クマゼミ @ (-12, 0, 4.2)
[msg~] 待ち2: ニイニイゼミの こえが やんだ。
[msg] 8月3日 11時 | ふたばが 出て いる。 / まだ これだけ。
[label] 8月3日(木)  11:48  くもり | ふたばが 出て いる。 / まだ これだけ。
[spawn] 8月3日 13.00時 ミンミンゼミ @ (-26, 0, -11)
[spawn] 8月3日 13.00時 ミンミンゼミ @ (0, 0, -20)
[msg] 8月3日 13時 | クマゼミの こえが やんだ。
[label] 8月3日(木)  13:00  くもり | クマゼミの こえが やんだ。
[msg] 8月3日 13時 | 「かき氷、うちのは あずきが 多いよ。 / おおくして あるんだ、わざと」
[label] 8月3日(木)  13:52  くもり | 「かき氷、うちのは あずきが 多いよ。 / おおくして あるんだ、わざと」
[msg] 8月3日 14時 | おこづかい 300円 / ▶ ラムネ　100円 / 　 あたりくじ　20円 / 　 アイス　50円 / やじるしで えらぶ／スペースで かう／Ｚ で やめる
[label] 8月3日(木)  14:42  くもり | おこづかい 300円 / ▶ ラムネ　100円 / 　 あたりくじ　20円 / 　 アイス　50円 / やじるしで えらぶ／スペースで かう／Ｚ で やめる
[spawn] 8月3日 15.00時 ミンミンゼミ @ (-26, 0, -11)
[spawn] 8月3日 15.00時 ミンミンゼミ @ (0, 0, -20)
[spawn] 8月3日 15.00時 ツクツクボウシ @ (27, 0, -4)
[spawn] 8月3日 15.00時 ツクツクボウシ @ (-9.5, 0, 5.8)
[msg~] 待ち1: ツクツクボウシが 鳴きはじめた。
[msg] 8月3日 15時 | 「また おいで」
[label] 8月3日(木)  15:21  くもり | 「また おいで」
[spawn] 8月3日 16.00時 アブラゼミ @ (-9.5, 0, 5.8)
[spawn] 8月3日 16.00時 アブラゼミ @ (-8, 0, -18)
[spawn] 8月3日 16.00時 ミンミンゼミ @ (-4, 0, -9)
[spawn] 8月3日 16.00時 アブラゼミ @ (19, 0, 5)
[msg] 8月3日 16時 | セミの こえが かわった。
[label] 8月3日(木)  16:00  くもり | セミの こえが かわった。
[msg] 8月3日 17時 | 五時の チャイムが 鳴った。
[spawn] 8月3日 17.00時 ヒグラシ @ (-8, 0, -18)
[spawn] 8月3日 17.00時 ヒグラシ @ (27, 0, -4)
[spawn] 8月3日 17.00時 ヒグラシ @ (15, 0, -13)
[spawn] 8月3日 17.00時 ヒグラシ @ (-26, 0, -11)
[spawn] 8月3日 17.00時 クワガタ @ (19, 0, 5)
[msg~] 待ち2: ヒグラシが 鳴きはじめた。
[label] 8月3日(木)  17:00  くもり | 五時の チャイムが 鳴った。
[msg] 8月3日 17時 | 「新聞は 朝に よむと きまってる。 / ここが いちばん すずしい」
[label] 8月3日(木)  17:52  くもり | 「新聞は 朝に よむと きまってる。 / ここが いちばん すずしい」
[diary] 【日記】8月3日(木) / きょうは セミが とれなかった。 / あさ、はんこを おしてもらった。（3/7） / あしたは なにを しようかな。
[spawn] 8月4日 8.00時 クマゼミ @ (-4, 0, -9)
[spawn] 8月4日 8.00時 ニイニイゼミ @ (27, 0, -4)
[spawn] 8月4日 8.00時 ニイニイゼミ @ (-9.5, 0, 5.8)
[spawn] 8月4日 8.00時 クマゼミ @ (-6, 0, 4.6)
[spawn] 8月4日 8.00時 カブトムシ @ (19, 0, 5)
[spawn] 8月4日 8.00時 カブトムシ @ (19, 0, 5)
[msg] 8月4日 08時 | 8月4日の あさ。 / ラジオたいそうへ いこう。
[label] 8月3日(木)  19:00  くもり | 8月4日の あさ。 / ラジオたいそうへ いこう。
[day] 8月4日(金)  08:01  はれ  (t=87.2s)
[msg] 8月4日 08時 | ラジオたいそう。 / カードに はんこを おしてもらった。（4/7）
[label] 8月4日(金)  08:41  はれ | ラジオたいそう。 / カードに はんこを おしてもらった。（4/7）
[spawn] 8月4日 9.50時 クマゼミ @ (-4, 0, -9)
[spawn] 8月4日 9.50時 ニイニイゼミ @ (27, 0, -4)
[spawn] 8月4日 9.50時 ニイニイゼミ @ (-9.5, 0, 5.8)
[spawn] 8月4日 9.50時 クマゼミ @ (-6, 0, 4.6)
[msg] 8月4日 09時 | 「夕立が くるかも しれないわ。 / かさ、もってる？」
[label] 8月4日(金)  09:40  はれ | 「夕立が くるかも しれないわ。 / かさ、もってる？」
[spawn] 8月4日 10.00時 クマゼミ @ (-4, 0, -9)
[spawn] 8月4日 10.00時 ニイニイゼミ @ (27, 0, -4)
[spawn] 8月4日 10.00時 ニイニイゼミ @ (-9.5, 0, 5.8)
[spawn] 8月4日 10.00時 クマゼミ @ (-6, 0, 4.6)
[spawn] 8月4日 10.00時 アブラゼミ @ (-12, 0, 4.2)
[msg~] 待ち1: アブラゼミが 鳴きはじめた。
[msg] 8月4日 10時 | 「たまごが 安いのよ、きょう。 / いそがないと なくなる」
[label] 8月4日(金)  10:25  はれ | 「たまごが 安いのよ、きょう。 / いそがないと なくなる」
[spawn] 8月4日 11.00時 クマゼミ @ (-8, 0, -18)
[spawn] 8月4日 11.00時 アブラゼミ @ (0, 0, -20)
[spawn] 8月4日 11.00時 クマゼミ @ (19, 0, 5)
[spawn] 8月4日 11.00時 アブラゼミ @ (-26, 0, -11)
[msg~] 待ち2: ニイニイゼミの こえが やんだ。
[msg] 8月4日 11時 | ほんばが 一まい ふえた。
[label] 8月4日(金)  11:48  はれ | ほんばが 一まい ふえた。
[spawn] 8月4日 13.00時 アブラゼミ @ (0, 0, -20)
[spawn] 8月4日 13.00時 アブラゼミ @ (-26, 0, -11)
[msg] 8月4日 13時 | クマゼミの こえが やんだ。
[label] 8月4日(金)  13:00  はれ | クマゼミの こえが やんだ。
[msg] 8月4日 13時 | 「だんちの 子だろう。 / おかあさんに よろしくね」
[label] 8月4日(金)  13:52  はれ | 「だんちの 子だろう。 / おかあさんに よろしくね」
[msg] 8月4日 14時 | おこづかい 400円 / ▶ ラムネ　100円 / 　 あたりくじ　20円 / 　 アイス　50円 / やじるしで えらぶ／スペースで かう／Ｚ で やめる
[label] 8月4日(金)  14:42  はれ | おこづかい 400円 / ▶ ラムネ　100円 / 　 あたりくじ　20円 / 　 アイス　50円 / やじるしで えらぶ／スペースで かう／Ｚ で やめる
[spawn] 8月4日 15.00時 アブラゼミ @ (0, 0, -20)
[spawn] 8月4日 15.00時 アブラゼミ @ (-26, 0, -11)
[spawn] 8月4日 15.00時 ツクツクボウシ @ (-6, 0, 4.6)
[spawn] 8月4日 15.00時 ツクツクボウシ @ (27, 0, -4)
[msg~] 待ち1: ツクツクボウシが 鳴きはじめた。
[msg] 8月4日 15時 | 「また おいで」
[label] 8月4日(金)  15:21  はれ | 「また おいで」
[spawn] 8月4日 16.00時 アブラゼミ @ (-6, 0, 4.6)
[spawn] 8月4日 16.00時 ツクツクボウシ @ (0, 0, -20)
[spawn] 8月4日 16.00時 アブラゼミ @ (-12, 0, 4.2)
[spawn] 8月4日 16.00時 アブラゼミ @ (-9.5, 0, 5.8)
[msg] 8月4日 16時 | セミの こえが かわった。
[label] 8月4日(金)  16:00  はれ | セミの こえが かわった。
[msg] 8月4日 17時 | 五時の チャイムが 鳴った。
[spawn] 8月4日 17.00時 ツクツクボウシ @ (0, 0, -20)
[spawn] 8月4日 17.00時 ヒグラシ @ (-6, 0, 4.6)
[spawn] 8月4日 17.00時 ヒグラシ @ (-9.5, 0, 5.8)
[spawn] 8月4日 17.00時 ヒグラシ @ (-26, 0, -11)
[spawn] 8月4日 17.00時 カブトムシ @ (19, 0, 5)
[msg~] 待ち2: ヒグラシが 鳴きはじめた。
[label] 8月4日(金)  17:00  はれ | 五時の チャイムが 鳴った。
[msg] 8月4日 17時 | 「学校は どうだい。 / ……ああ、なつやすみか」
[label] 8月4日(金)  17:52  はれ | 「学校は どうだい。 / ……ああ、なつやすみか」
[diary] 【日記】8月4日(金) / きょうは セミが とれなかった。 / あさ、はんこを おしてもらった。（4/7） / あしたは なにを しようかな。
[spawn] 8月5日 8.00時 クマゼミ @ (-6, 0, 4.6)
[spawn] 8月5日 8.00時 ニイニイゼミ @ (15, 0, -13)
[spawn] 8月5日 8.00時 ニイニイゼミ @ (-12, 0, 4.2)
[spawn] 8月5日 8.00時 ニイニイゼミ @ (-8, 0, -18)
[spawn] 8月5日 8.00時 カブトムシ @ (19, 0, 5)
[msg] 8月5日 08時 | 8月5日の あさ。 / ラジオたいそうへ いこう。
[label] 8月4日(金)  19:00  はれ | 8月5日の あさ。 / ラジオたいそうへ いこう。
[day] 8月5日(土)  08:01  はれ  (t=116.2s)
[msg] 8月5日 08時 | ラジオたいそう。 / カードに はんこを おしてもらった。（5/7）
[label] 8月5日(土)  08:41  はれ | ラジオたいそう。 / カードに はんこを おしてもらった。（5/7）
[spawn] 8月5日 9.50時 クマゼミ @ (-6, 0, 4.6)
[spawn] 8月5日 9.50時 ニイニイゼミ @ (15, 0, -13)
[spawn] 8月5日 9.50時 ニイニイゼミ @ (-12, 0, 4.2)
[spawn] 8月5日 9.50時 ニイニイゼミ @ (-8, 0, -18)
[msg] 8月5日 09時 | 「そうそう、それでね——」
[label] 8月5日(土)  09:40  はれ | 「そうそう、それでね——」
[spawn] 8月5日 10.00時 クマゼミ @ (-6, 0, 4.6)
[spawn] 8月5日 10.00時 ニイニイゼミ @ (15, 0, -13)
[spawn] 8月5日 10.00時 ニイニイゼミ @ (-12, 0, 4.2)
[spawn] 8月5日 10.00時 ニイニイゼミ @ (-8, 0, -18)
[spawn] 8月5日 10.00時 アブラゼミ @ (0, 0, -20)
[msg~] 待ち1: アブラゼミが 鳴きはじめた。
[msg] 8月5日 10時 | 「おおきく なったわねえ。 / この前まで だっこして たのに」
[label] 8月5日(土)  10:25  はれ | 「おおきく なったわねえ。 / この前まで だっこして たのに」
[spawn] 8月5日 11.00時 ミンミンゼミ @ (19, 0, 5)
[spawn] 8月5日 11.00時 アブラゼミ @ (-26, 0, -11)
[spawn] 8月5日 11.00時 アブラゼミ @ (27, 0, -4)
[spawn] 8月5日 11.00時 アブラゼミ @ (-4, 0, -9)
[msg~] 待ち2: ニイニイゼミの こえが やんだ。
[msg] 8月5日 11時 | ほんばが 一まい ふえた。
[label] 8月5日(土)  11:48  はれ | ほんばが 一まい ふえた。
[spawn] 8月5日 13.00時 ミンミンゼミ @ (19, 0, 5)
[spawn] 8月5日 13.00時 アブラゼミ @ (-26, 0, -11)
[spawn] 8月5日 13.00時 アブラゼミ @ (27, 0, -4)
[spawn] 8月5日 13.00時 アブラゼミ @ (-4, 0, -9)
[msg] 8月5日 13時 | クマゼミの こえが やんだ。
[label] 8月5日(土)  13:00  はれ | クマゼミの こえが やんだ。
[msg] 8月5日 13時 | 「そこの 木は、まいとし よく 鳴くんだよ。 / 毎年、おなじ 木でね」
[label] 8月5日(土)  13:52  はれ | 「そこの 木は、まいとし よく 鳴くんだよ。 / 毎年、おなじ 木でね」
[msg] 8月5日 14時 | おこづかい 500円 / ▶ ラムネ　100円 / 　 あたりくじ　20円 / 　 アイス　50円 / やじるしで えらぶ／スペースで かう／Ｚ で やめる
[label] 8月5日(土)  14:42  はれ | おこづかい 500円 / ▶ ラムネ　100円 / 　 あたりくじ　20円 / 　 アイス　50円 / やじるしで えらぶ／スペースで かう／Ｚ で やめる
[spawn] 8月5日 15.00時 ミンミンゼミ @ (19, 0, 5)
[spawn] 8月5日 15.00時 アブラゼミ @ (-26, 0, -11)
[spawn] 8月5日 15.00時 アブラゼミ @ (27, 0, -4)
[spawn] 8月5日 15.00時 アブラゼミ @ (-4, 0, -9)
[spawn] 8月5日 15.00時 ツクツクボウシ @ (15, 0, -13)
[msg~] 待ち1: ツクツクボウシが 鳴きはじめた。
[msg] 8月5日 15時 | 「また おいで」
[label] 8月5日(土)  15:21  はれ | 「また おいで」
[spawn] 8月5日 16.00時 ツクツクボウシ @ (0, 0, -20)
[spawn] 8月5日 16.00時 ツクツクボウシ @ (-8, 0, -18)
[spawn] 8月5日 16.00時 ツクツクボウシ @ (-12, 0, 4.2)
[spawn] 8月5日 16.00時 ツクツクボウシ @ (-9.5, 0, 5.8)
[msg] 8月5日 16時 | セミの こえが かわった。
[label] 8月5日(土)  16:00  はれ | セミの こえが かわった。
[msg] 8月5日 17時 | 五時の チャイムが 鳴った。
[spawn] 8月5日 17.00時 ツクツクボウシ @ (0, 0, -20)
[spawn] 8月5日 17.00時 ツクツクボウシ @ (-8, 0, -18)
[spawn] 8月5日 17.00時 ツクツクボウシ @ (-12, 0, 4.2)
[spawn] 8月5日 17.00時 ツクツクボウシ @ (-9.5, 0, 5.8)
[spawn] 8月5日 17.00時 ヒグラシ @ (19, 0, 5)
[spawn] 8月5日 17.00時 カブトムシ @ (19, 0, 5)
[spawn] 8月5日 17.00時 カブトムシ @ (19, 0, 5)
[msg~] 待ち2: ヒグラシが 鳴きはじめた。
[label] 8月5日(土)  17:00  はれ | 五時の チャイムが 鳴った。
[msg] 8月5日 17時 | 「あの 電柱、わしより 年下なんだ」
[label] 8月5日(土)  17:52  はれ | 「あの 電柱、わしより 年下なんだ」
[diary] 【日記】8月5日(土) / きょうは セミが とれなかった。 / あさ、はんこを おしてもらった。（5/7） / あしたは なにを しようかな。
[spawn] 8月6日 8.00時 クマゼミ @ (-9.5, 0, 5.8)
[spawn] 8月6日 8.00時 ニイニイゼミ @ (-4, 0, -9)
[spawn] 8月6日 8.00時 クマゼミ @ (-8, 0, -18)
[spawn] 8月6日 8.00時 クマゼミ @ (27, 0, -4)
[spawn] 8月6日 8.00時 カブトムシ @ (19, 0, 5)
[spawn] 8月6日 8.00時 カブトムシ @ (19, 0, 5)
[msg] 8月6日 08時 | 8月6日の あさ。 / ラジオたいそうへ いこう。
[label] 8月5日(土)  19:00  はれ | 8月6日の あさ。 / ラジオたいそうへ いこう。
[day] 8月6日(日)  08:01  くもり  (t=145.3s)
[msg] 8月6日 08時 | ラジオたいそう。 / カードに はんこを おしてもらった。（6/7）
[label] 8月6日(日)  08:41  くもり | ラジオたいそう。 / カードに はんこを おしてもらった。（6/7）
[spawn] 8月6日 9.50時 クマゼミ @ (-9.5, 0, 5.8)
[spawn] 8月6日 9.50時 ニイニイゼミ @ (-4, 0, -9)
[spawn] 8月6日 9.50時 クマゼミ @ (-8, 0, -18)
[spawn] 8月6日 9.50時 クマゼミ @ (27, 0, -4)
[msg] 8月6日 09時 | 「ラジオたいそう、行った？ / はんこ もらえるうちに 行きなさい」
[label] 8月6日(日)  09:40  くもり | 「ラジオたいそう、行った？ / はんこ もらえるうちに 行きなさい」
[spawn] 8月6日 10.00時 クマゼミ @ (-9.5, 0, 5.8)
[spawn] 8月6日 10.00時 ニイニイゼミ @ (-4, 0, -9)
[spawn] 8月6日 10.00時 クマゼミ @ (-8, 0, -18)
[spawn] 8月6日 10.00時 クマゼミ @ (27, 0, -4)
[spawn] 8月6日 10.00時 ミンミンゼミ @ (-12, 0, 4.2)
[msg~] 待ち1: アブラゼミが 鳴きはじめた。
[msg] 8月6日 10時 | 「せんたくもの、はやく 入れなさいって / おかあさんに 言っといて」
[label] 8月6日(日)  10:25  くもり | 「せんたくもの、はやく 入れなさいって / おかあさんに 言っといて」
[spawn] 8月6日 11.00時 アブラゼミ @ (19, 0, 5)
[spawn] 8月6日 11.00時 ミンミンゼミ @ (-9.5, 0, 5.8)
[spawn] 8月6日 11.00時 クマゼミ @ (-8, 0, -18)
[spawn] 8月6日 11.00時 クマゼミ @ (-26, 0, -11)
[msg~] 待ち2: ニイニイゼミの こえが やんだ。
[msg] 8月6日 11時 | つるが しちゅうに まきついて いる。 / ひだり まわりだ。
[label] 8月6日(日)  11:48  くもり | つるが しちゅうに まきついて いる。 / ひだり まわりだ。
[msg] 8月6日 12時 | じはんきの したに 十円。 / もらって おこう。
[label] 8月6日(日)  12:48  くもり | じはんきの したに 十円。 / もらって おこう。
[spawn] 8月6日 13.00時 アブラゼミ @ (19, 0, 5)
[spawn] 8月6日 13.00時 ミンミンゼミ @ (-9.5, 0, 5.8)
[msg!] 上書き（0.40秒・待ち2）: 「じはんきの したに 十円。 もらって おこう。」→「クマゼミの こえが やんだ。」
[msg] 8月6日 13時 | クマゼミの こえが やんだ。
[label] 8月6日(日)  13:00  くもり | クマゼミの こえが やんだ。
[msg] 8月6日 13時 | 「ゆっくり おいき。 / 夏は、いそぐと おわるのが 早い」
[label] 8月6日(日)  13:52  くもり | 「ゆっくり おいき。 / 夏は、いそぐと おわるのが 早い」
[msg] 8月6日 14時 | おこづかい 610円 / ▶ ラムネ　100円 / 　 あたりくじ　20円 / 　 アイス　50円 / やじるしで えらぶ／スペースで かう／Ｚ で やめる
[label] 8月6日(日)  14:42  くもり | おこづかい 610円 / ▶ ラムネ　100円 / 　 あたりくじ　20円 / 　 アイス　50円 / やじるしで えらぶ／スペースで かう／Ｚ で やめる
[spawn] 8月6日 15.00時 アブラゼミ @ (19, 0, 5)
[spawn] 8月6日 15.00時 ミンミンゼミ @ (-9.5, 0, 5.8)
[spawn] 8月6日 15.00時 ツクツクボウシ @ (-26, 0, -11)
[spawn] 8月6日 15.00時 ツクツクボウシ @ (-12, 0, 4.2)
[msg~] 待ち1: ツクツクボウシが 鳴きはじめた。
[msg] 8月6日 15時 | 「また おいで」
[label] 8月6日(日)  15:21  くもり | 「また おいで」
[spawn] 8月6日 16.00時 アブラゼミ @ (15, 0, -13)
[spawn] 8月6日 16.00時 ミンミンゼミ @ (19, 0, 5)
[spawn] 8月6日 16.00時 ミンミンゼミ @ (0, 0, -20)
[spawn] 8月6日 16.00時 アブラゼミ @ (-8, 0, -18)
[msg] 8月6日 16時 | セミの こえが かわった。
[label] 8月6日(日)  16:00  くもり | セミの こえが かわった。
[msg] 8月6日 17時 | 五時の チャイムが 鳴った。
[spawn] 8月6日 17.00時 ヒグラシ @ (0, 0, -20)
[spawn] 8月6日 17.00時 ヒグラシ @ (-26, 0, -11)
[spawn] 8月6日 17.00時 ヒグラシ @ (-12, 0, 4.2)
[spawn] 8月6日 17.00時 ヒグラシ @ (19, 0, 5)
[spawn] 8月6日 17.00時 カブトムシ @ (19, 0, 5)
[spawn] 8月6日 17.00時 カブトムシ @ (19, 0, 5)
[msg~] 待ち2: ヒグラシが 鳴きはじめた。
[label] 8月6日(日)  17:00  くもり | 五時の チャイムが 鳴った。
[msg] 8月6日 17時 | 「この あつさは、むかしの 夏には なかったよ」
[label] 8月6日(日)  17:52  くもり | 「この あつさは、むかしの 夏には なかったよ」
[diary] 【日記】8月6日(日) / きょうは セミが とれなかった。 / あさ、はんこを おしてもらった。（6/7） / あしたは なにを しようかな。
[spawn] 8月7日 8.00時 クマゼミ @ (27, 0, -4)
[spawn] 8月7日 8.00時 クマゼミ @ (-12, 0, 4.2)
[spawn] 8月7日 8.00時 ニイニイゼミ @ (-9.5, 0, 5.8)
[spawn] 8月7日 8.00時 ニイニイゼミ @ (-6, 0, 4.6)
[spawn] 8月7日 8.00時 カブトムシ @ (19, 0, 5)
[msg] 8月7日 08時 | きょうで ラジオたいそうは おしまい。 / はんこは 6こ たまった。
[label] 8月6日(日)  19:00  くもり | きょうで ラジオたいそうは おしまい。 / はんこは 6こ たまった。
[day] 8月7日(月)  08:01  はれ  (t=174.3s)
[msg] 8月7日 08時 | ラジオたいそう。 / カードに はんこを おしてもらった。（7/7）
[label] 8月7日(月)  08:41  はれ | ラジオたいそう。 / カードに はんこを おしてもらった。（7/7）
[spawn] 8月7日 9.50時 クマゼミ @ (27, 0, -4)
[spawn] 8月7日 9.50時 クマゼミ @ (-12, 0, 4.2)
[spawn] 8月7日 9.50時 ニイニイゼミ @ (-9.5, 0, 5.8)
[spawn] 8月7日 9.50時 ニイニイゼミ @ (-6, 0, 4.6)
[msg] 8月7日 09時 | 「うちの 子は もう おきないの。 / えらいわねえ、あなたは」
[label] 8月7日(月)  09:40  はれ | 「うちの 子は もう おきないの。 / えらいわねえ、あなたは」
[spawn] 8月7日 10.00時 クマゼミ @ (27, 0, -4)
[spawn] 8月7日 10.00時 クマゼミ @ (-12, 0, 4.2)
[spawn] 8月7日 10.00時 ニイニイゼミ @ (-9.5, 0, 5.8)
[spawn] 8月7日 10.00時 ニイニイゼミ @ (-6, 0, 4.6)
[spawn] 8月7日 10.00時 アブラゼミ @ (15, 0, -13)
[msg~] 待ち1: アブラゼミが 鳴きはじめた。
[msg] 8月7日 10時 | 「ぼうや、水分は とってる？」
[label] 8月7日(月)  10:25  はれ | 「ぼうや、水分は とってる？」
[spawn] 8月7日 11.00時 アブラゼミ @ (27, 0, -4)
[spawn] 8月7日 11.00時 アブラゼミ @ (-26, 0, -11)
[spawn] 8月7日 11.00時 ミンミンゼミ @ (-4, 0, -9)
[spawn] 8月7日 11.00時 アブラゼミ @ (-9.5, 0, 5.8)
[msg~] 待ち2: ニイニイゼミの こえが やんだ。
[msg] 8月7日 11時 | つるが しちゅうに まきついて いる。 / ひだり まわりだ。
[label] 8月7日(月)  11:48  はれ | つるが しちゅうに まきついて いる。 / ひだり まわりだ。
[spawn] 8月7日 13.00時 アブラゼミ @ (27, 0, -4)
[spawn] 8月7日 13.00時 アブラゼミ @ (-26, 0, -11)
[spawn] 8月7日 13.00時 ミンミンゼミ @ (-4, 0, -9)
[spawn] 8月7日 13.00時 アブラゼミ @ (-9.5, 0, 5.8)
[msg] 8月7日 13時 | クマゼミの こえが やんだ。
[label] 8月7日(月)  13:00  はれ | クマゼミの こえが やんだ。
[msg] 8月7日 13時 | 「あしたは 雨が くるよ。 / 足が いたむ日は だいたい あたる」
[label] 8月7日(月)  13:52  はれ | 「あしたは 雨が くるよ。 / 足が いたむ日は だいたい あたる」
[msg] 8月7日 14時 | おこづかい 710円 / ▶ ラムネ　100円 / 　 あたりくじ　20円 / 　 アイス　50円 / やじるしで えらぶ／スペースで かう／Ｚ で やめる
[label] 8月7日(月)  14:42  はれ | おこづかい 710円 / ▶ ラムネ　100円 / 　 あたりくじ　20円 / 　 アイス　50円 / やじるしで えらぶ／スペースで かう／Ｚ で やめる
[spawn] 8月7日 15.00時 アブラゼミ @ (27, 0, -4)
[spawn] 8月7日 15.00時 アブラゼミ @ (-26, 0, -11)
[spawn] 8月7日 15.00時 ミンミンゼミ @ (-4, 0, -9)
[spawn] 8月7日 15.00時 アブラゼミ @ (-9.5, 0, 5.8)
[spawn] 8月7日 15.00時 ツクツクボウシ @ (-8, 0, -18)
[msg~] 待ち1: ツクツクボウシが 鳴きはじめた。
[msg] 8月7日 15時 | 「また おいで」
[label] 8月7日(月)  15:21  はれ | 「また おいで」
[spawn] 8月7日 16.00時 アブラゼミ @ (-4, 0, -9)
[spawn] 8月7日 16.00時 ミンミンゼミ @ (-12, 0, 4.2)
[spawn] 8月7日 16.00時 ツクツクボウシ @ (19, 0, 5)
[spawn] 8月7日 16.00時 ツクツクボウシ @ (15, 0, -13)
[msg] 8月7日 16時 | セミの こえが かわった。
[label] 8月7日(月)  16:00  はれ | セミの こえが かわった。
[msg] 8月7日 17時 | 五時の チャイムが 鳴った。
[spawn] 8月7日 17.00時 ツクツクボウシ @ (19, 0, 5)
[spawn] 8月7日 17.00時 ツクツクボウシ @ (15, 0, -13)
[spawn] 8月7日 17.00時 ヒグラシ @ (-9.5, 0, 5.8)
[spawn] 8月7日 17.00時 ヒグラシ @ (-26, 0, -11)
[spawn] 8月7日 17.00時 クワガタ @ (19, 0, 5)
[msg~] 待ち2: ヒグラシが 鳴きはじめた。
[label] 8月7日(月)  17:00  はれ | 五時の チャイムが 鳴った。
[msg] 8月7日 17時 | 「この先の 空き地は、ずっと 田んぼだったんだ」
[label] 8月7日(月)  17:52  はれ | 「この先の 空き地は、ずっと 田んぼだったんだ」
[diary] 【日記】8月7日(月) / きょうは セミが とれなかった。 / ラジオたいそうの さいごの日。はんこが そろった。 / あしたは なにを しようかな。
[spawn] 8月8日 8.00時 カタツムリ @ (-6, 0, 4.6)
[spawn] 8月8日 8.00時 アマガエル @ (-26, 0, -11)
[spawn] 8月8日 8.00時 カタツムリ @ (-9.5, 0, 5.8)
[spawn] 8月8日 8.00時 カタツムリ @ (0, 0, -20)
[msg] 8月8日 08時 | 8月8日の あさ。 / きょうは どこへ いこう。
[label] 8月7日(月)  19:00  はれ | 8月8日の あさ。 / きょうは どこへ いこう。
[day] 8月8日(火)  08:01  雨  (t=203.3s)
[msg] 8月8日 09時 | 「あそこの 木、また セミが すごいのよ」
[label] 8月8日(火)  09:40  雨 | 「あそこの 木、また セミが すごいのよ」
[msg] 8月8日 10時 | 「なつまつりの 提灯、もう ついてたわ」
[label] 8月8日(火)  10:25  雨 | 「なつまつりの 提灯、もう ついてたわ」
[spawn] 8月8日 11.00時 カタツムリ @ (-9.5, 0, 5.8)
[spawn] 8月8日 11.00時 アマガエル @ (-4, 0, -9)
[spawn] 8月8日 11.00時 アマガエル @ (-12, 0, 4.2)
[spawn] 8月8日 11.00時 カタツムリ @ (-26, 0, -11)
[msg~] 待ち1: 雨の おとが かわった……
[msg] 8月8日 11時 | つるが しちゅうに まきついて いる。 / ひだり まわりだ。
[label] 8月8日(火)  11:48  雨 | つるが しちゅうに まきついて いる。 / ひだり まわりだ。
[msg+] 8月8日 13時 | 雨の おとが かわった……
[label] 8月8日(火)  13:35  雨 | 雨の おとが かわった……
[msg~] 待ち1: 「よく 来たね。 / こんな日は、あめの 生きものが 出るよ」
[msg] 8月8日 14時 | おこづかい 810円 / ▶ ラムネ　100円 / 　 あたりくじ　20円 / 　 アイス　50円 / やじるしで えらぶ／スペースで かう／Ｚ で やめる
[label] 8月8日(火)  14:42  雨 | おこづかい 810円 / ▶ ラムネ　100円 / 　 あたりくじ　20円 / 　 アイス　50円 / やじるしで えらぶ／スペースで かう／Ｚ で やめる
[msg] 8月8日 15時 | 「また おいで」
[label] 8月8日(火)  15:21  雨 | 「また おいで」
[spawn] 8月8日 16.00時 アマガエル @ (0, 0, -20)
[spawn] 8月8日 16.00時 カタツムリ @ (27, 0, -4)
[spawn] 8月8日 16.00時 カタツムリ @ (19, 0, 5)
[spawn] 8月8日 16.00時 カタツムリ @ (-6, 0, 4.6)
[msg] 8月8日 16時 | 雨の おとが かわった……
[label] 8月8日(火)  16:00  雨 | 雨の おとが かわった……
[msg] 8月8日 17時 | 五時の チャイムが 鳴った。
[label] 8月8日(火)  17:00  雨 | 五時の チャイムが 鳴った。
[msg] 8月8日 17時 | 「新聞は 朝に よむと きまってる。 / ここが いちばん すずしい」
[label] 8月8日(火)  17:52  雨 | 「新聞は 朝に よむと きまってる。 / ここが いちばん すずしい」
[diary] 【日記】8月8日(火) / あめ。セミは 一ぴきも 鳴かなかった。 / だがしやの おばあさんと はなした。 / あしたは なにを しようかな。
[spawn] 8月9日 8.00時 ニイニイゼミ @ (-9.5, 0, 5.8)
[spawn] 8月9日 8.00時 クマゼミ @ (27, 0, -4)
[spawn] 8月9日 8.00時 ニイニイゼミ @ (0, 0, -20)
[spawn] 8月9日 8.00時 クマゼミ @ (-4, 0, -9)
[spawn] 8月9日 8.00時 クワガタ @ (19, 0, 5)
[msg] 8月9日 08時 | 8月9日の あさ。 / せんたくものが、もう ほされて いる。
[label] 8月8日(火)  19:00  雨 | 8月9日の あさ。 / せんたくものが、もう ほされて いる。
[day] 8月9日(水)  08:01  はれ  (t=232.4s)
[spawn] 8月9日 9.50時 ニイニイゼミ @ (-9.5, 0, 5.8)
[spawn] 8月9日 9.50時 クマゼミ @ (27, 0, -4)
[spawn] 8月9日 9.50時 ニイニイゼミ @ (0, 0, -20)
[spawn] 8月9日 9.50時 クマゼミ @ (-4, 0, -9)
[msg] 8月9日 09時 | 「夕立が くるかも しれないわ。 / かさ、もってる？」
[label] 8月9日(水)  09:40  はれ | 「夕立が くるかも しれないわ。 / かさ、もってる？」
[spawn] 8月9日 10.00時 ニイニイゼミ @ (-9.5, 0, 5.8)
[spawn] 8月9日 10.00時 クマゼミ @ (27, 0, -4)
[spawn] 8月9日 10.00時 ニイニイゼミ @ (0, 0, -20)
[spawn] 8月9日 10.00時 クマゼミ @ (-4, 0, -9)
[spawn] 8月9日 10.00時 アブラゼミ @ (-26, 0, -11)
[msg~] 待ち1: アブラゼミが 鳴きはじめた。
[msg] 8月9日 10時 | 「たまごが 安いのよ、きょう。 / いそがないと なくなる」
[label] 8月9日(水)  10:25  はれ | 「たまごが 安いのよ、きょう。 / いそがないと なくなる」
[spawn] 8月9日 11.00時 ミンミンゼミ @ (-6, 0, 4.6)
[spawn] 8月9日 11.00時 アブラゼミ @ (19, 0, 5)
[spawn] 8月9日 11.00時 クマゼミ @ (-4, 0, -9)
[spawn] 8月9日 11.00時 ミンミンゼミ @ (15, 0, -13)
[msg~] 待ち2: ニイニイゼミの こえが やんだ。
[msg] 8月9日 11時 | つるが しちゅうに まきついて いる。 / ひだり まわりだ。
[label] 8月9日(水)  11:48  はれ | つるが しちゅうに まきついて いる。 / ひだり まわりだ。
[msg] 8月9日 12時 | じはんきの したに 十円。 / もらって おこう。
[label] 8月9日(水)  12:48  はれ | じはんきの したに 十円。 / もらって おこう。
[spawn] 8月9日 13.00時 ミンミンゼミ @ (-6, 0, 4.6)
[spawn] 8月9日 13.00時 アブラゼミ @ (19, 0, 5)
[spawn] 8月9日 13.00時 ミンミンゼミ @ (15, 0, -13)
[msg!] 上書き（0.40秒・待ち2）: 「じはんきの したに 十円。 もらって おこう。」→「クマゼミの こえが やんだ。」
[msg] 8月9日 13時 | クマゼミの こえが やんだ。
[label] 8月9日(水)  13:00  はれ | クマゼミの こえが やんだ。
[msg] 8月9日 13時 | 「あついねえ。 / ラムネ、ひやして あるよ」
[label] 8月9日(水)  13:52  はれ | 「あついねえ。 / ラムネ、ひやして あるよ」
[msg] 8月9日 14時 | おこづかい 900円 / ▶ ラムネ　100円 / 　 あたりくじ　20円 / 　 アイス　50円 / やじるしで えらぶ／スペースで かう／Ｚ で やめる
[label] 8月9日(水)  14:42  はれ | おこづかい 900円 / ▶ ラムネ　100円 / 　 あたりくじ　20円 / 　 アイス　50円 / やじるしで えらぶ／スペースで かう／Ｚ で やめる
[spawn] 8月9日 15.00時 ミンミンゼミ @ (-6, 0, 4.6)
[spawn] 8月9日 15.00時 アブラゼミ @ (19, 0, 5)
[spawn] 8月9日 15.00時 ミンミンゼミ @ (15, 0, -13)
[spawn] 8月9日 15.00時 ツクツクボウシ @ (-12, 0, 4.2)
[msg~] 待ち1: ツクツクボウシが 鳴きはじめた。
[msg] 8月9日 15時 | 「また おいで」
[label] 8月9日(水)  15:21  はれ | 「また おいで」
[spawn] 8月9日 16.00時 ミンミンゼミ @ (27, 0, -4)
[spawn] 8月9日 16.00時 ツクツクボウシ @ (-6, 0, 4.6)
[spawn] 8月9日 16.00時 ミンミンゼミ @ (19, 0, 5)
[spawn] 8月9日 16.00時 ツクツクボウシ @ (-26, 0, -11)
[msg] 8月9日 16時 | セミの こえが かわった。
[label] 8月9日(水)  16:00  はれ | セミの こえが かわった。
[msg] 8月9日 17時 | 五時の チャイムが 鳴った。
[spawn] 8月9日 17.00時 ツクツクボウシ @ (-6, 0, 4.6)
[spawn] 8月9日 17.00時 ツクツクボウシ @ (-26, 0, -11)
[spawn] 8月9日 17.00時 ヒグラシ @ (0, 0, -20)
[spawn] 8月9日 17.00時 ヒグラシ @ (27, 0, -4)
[spawn] 8月9日 17.00時 カブトムシ @ (19, 0, 5)
[msg~] 待ち2: ヒグラシが 鳴きはじめた。
[label] 8月9日(水)  17:00  はれ | 五時の チャイムが 鳴った。
[msg] 8月9日 17時 | 「学校は どうだい。 / ……ああ、なつやすみか」
[label] 8月9日(水)  17:52  はれ | 「学校は どうだい。 / ……ああ、なつやすみか」
[diary] 【日記】8月9日(水) / きょうは セミが とれなかった。 / だがしやの おばあさんと はなした。 / あしたは なにを しようかな。
[spawn] 8月10日 8.00時 ニイニイゼミ @ (15, 0, -13)
[spawn] 8月10日 8.00時 ニイニイゼミ @ (-6, 0, 4.6)
[spawn] 8月10日 8.00時 クマゼミ @ (-9.5, 0, 5.8)
[spawn] 8月10日 8.00時 ニイニイゼミ @ (-26, 0, -11)
[spawn] 8月10日 8.00時 カブトムシ @ (19, 0, 5)
[spawn] 8月10日 8.00時 カブトムシ @ (19, 0, 5)
[msg] 8月10日 08時 | 8月10日の あさ。 / とおくで 工事の 音が している。
[label] 8月9日(水)  19:00  はれ | 8月10日の あさ。 / とおくで 工事の 音が している。
[day] 8月10日(木)  08:01  はれ  (t=261.4s)
[spawn] 8月10日 9.50時 ニイニイゼミ @ (15, 0, -13)
[spawn] 8月10日 9.50時 ニイニイゼミ @ (-6, 0, 4.6)
[spawn] 8月10日 9.50時 クマゼミ @ (-9.5, 0, 5.8)
[spawn] 8月10日 9.50時 ニイニイゼミ @ (-26, 0, -11)
[msg] 8月10日 09時 | 「そうそう、それでね——」
[label] 8月10日(木)  09:40  はれ | 「そうそう、それでね——」
[spawn] 8月10日 10.00時 ニイニイゼミ @ (15, 0, -13)
[spawn] 8月10日 10.00時 ニイニイゼミ @ (-6, 0, 4.6)
[spawn] 8月10日 10.00時 クマゼミ @ (-9.5, 0, 5.8)
[spawn] 8月10日 10.00時 ニイニイゼミ @ (-26, 0, -11)
[spawn] 8月10日 10.00時 ミンミンゼミ @ (27, 0, -4)
[msg~] 待ち1: アブラゼミが 鳴きはじめた。
[msg] 8月10日 10時 | 「おおきく なったわねえ。 / この前まで だっこして たのに」
[label] 8月10日(木)  10:25  はれ | 「おおきく なったわねえ。 / この前まで だっこして たのに」
[spawn] 8月10日 11.00時 アブラゼミ @ (-8, 0, -18)
[spawn] 8月10日 11.00時 アブラゼミ @ (0, 0, -20)
[spawn] 8月10日 11.00時 クマゼミ @ (19, 0, 5)
[spawn] 8月10日 11.00時 アブラゼミ @ (-6, 0, 4.6)
[msg~] 待ち2: ニイニイゼミの こえが やんだ。
[msg] 8月10日 11時 | つるが しちゅうに まきついて いる。 / ひだり まわりだ。
[label] 8月10日(木)  11:48  はれ | つるが しちゅうに まきついて いる。 / ひだり まわりだ。
[spawn] 8月10日 13.00時 アブラゼミ @ (-8, 0, -18)
[spawn] 8月10日 13.00時 アブラゼミ @ (0, 0, -20)
[spawn] 8月10日 13.00時 アブラゼミ @ (-6, 0, 4.6)
[msg] 8月10日 13時 | クマゼミの こえが やんだ。
[label] 8月10日(木)  13:00  はれ | クマゼミの こえが やんだ。
[msg] 8月10日 13時 | 「その あみ、じょうずに つかえるかい。 / むかしの 子は みんな もってた」
[label] 8月10日(木)  13:52  はれ | 「その あみ、じょうずに つかえるかい。 / むかしの 子は みんな もってた」
[msg] 8月10日 14時 | おこづかい 900円 / ▶ ラムネ　100円 / 　 あたりくじ　20円 / 　 アイス　50円 / やじるしで えらぶ／スペースで かう／Ｚ で やめる
[label] 8月10日(木)  14:42  はれ | おこづかい 900円 / ▶ ラムネ　100円 / 　 あたりくじ　20円 / 　 アイス　50円 / やじるしで えらぶ／スペースで かう／Ｚ で やめる
[spawn] 8月10日 15.00時 アブラゼミ @ (-8, 0, -18)
[spawn] 8月10日 15.00時 アブラゼミ @ (0, 0, -20)
[spawn] 8月10日 15.00時 アブラゼミ @ (-6, 0, 4.6)
[spawn] 8月10日 15.00時 ツクツクボウシ @ (-4, 0, -9)
[msg~] 待ち1: ツクツクボウシが 鳴きはじめた。
[msg] 8月10日 15時 | 「また おいで」
[label] 8月10日(木)  15:21  はれ | 「また おいで」
[spawn] 8月10日 16.00時 ツクツクボウシ @ (-26, 0, -11)
[spawn] 8月10日 16.00時 ツクツクボウシ @ (27, 0, -4)
[spawn] 8月10日 16.00時 アブラゼミ @ (19, 0, 5)
[spawn] 8月10日 16.00時 ミンミンゼミ @ (-8, 0, -18)
[msg] 8月10日 16時 | セミの こえが かわった。
[label] 8月10日(木)  16:00  はれ | セミの こえが かわった。
[msg] 8月10日 17時 | 五時の チャイムが 鳴った。
[spawn] 8月10日 17.00時 ツクツクボウシ @ (-26, 0, -11)
[spawn] 8月10日 17.00時 ツクツクボウシ @ (27, 0, -4)
[spawn] 8月10日 17.00時 ヒグラシ @ (19, 0, 5)
[spawn] 8月10日 17.00時 ヒグラシ @ (-4, 0, -9)
[spawn] 8月10日 17.00時 カブトムシ @ (19, 0, 5)
[msg~] 待ち2: ヒグラシが 鳴きはじめた。
[label] 8月10日(木)  17:00  はれ | 五時の チャイムが 鳴った。
[msg] 8月10日 17時 | 「あの 電柱、わしより 年下なんだ」
[label] 8月10日(木)  17:52  はれ | 「あの 電柱、わしより 年下なんだ」
[diary] 【日記】8月10日(木) / きょうは セミが とれなかった。 / だがしやの おばあさんと はなした。 / あしたは なにを しようかな。
[spawn] 8月11日 8.00時 ニイニイゼミ @ (27, 0, -4)
[spawn] 8月11日 8.00時 ニイニイゼミ @ (19, 0, 5)
[spawn] 8月11日 8.00時 ニイニイゼミ @ (-9.5, 0, 5.8)
[spawn] 8月11日 8.00時 クマゼミ @ (-4, 0, -9)
[spawn] 8月11日 8.00時 カブトムシ @ (19, 0, 5)
[msg] 8月11日 08時 | 8月11日の あさ。 / きのうの ことを、少し わすれて いる。
[label] 8月10日(木)  19:00  はれ | 8月11日の あさ。 / きのうの ことを、少し わすれて いる。
[day] 8月11日(金)  08:01  くもり  (t=290.4s)
[spawn] 8月11日 9.50時 ニイニイゼミ @ (27, 0, -4)
[spawn] 8月11日 9.50時 ニイニイゼミ @ (19, 0, 5)
[spawn] 8月11日 9.50時 ニイニイゼミ @ (-9.5, 0, 5.8)
[spawn] 8月11日 9.50時 クマゼミ @ (-4, 0, -9)
[msg] 8月11日 09時 | 「ラジオたいそう、行った？ / はんこ もらえるうちに 行きなさい」
[label] 8月11日(金)  09:40  くもり | 「ラジオたいそう、行った？ / はんこ もらえるうちに 行きなさい」
[spawn] 8月11日 10.00時 ニイニイゼミ @ (27, 0, -4)
[spawn] 8月11日 10.00時 ニイニイゼミ @ (19, 0, 5)
[spawn] 8月11日 10.00時 ニイニイゼミ @ (-9.5, 0, 5.8)
[spawn] 8月11日 10.00時 クマゼミ @ (-4, 0, -9)
[spawn] 8月11日 10.00時 ミンミンゼミ @ (-26, 0, -11)
[msg~] 待ち1: アブラゼミが 鳴きはじめた。
[msg] 8月11日 10時 | 「せんたくもの、はやく 入れなさいって / おかあさんに 言っといて」
[label] 8月11日(金)  10:25  くもり | 「せんたくもの、はやく 入れなさいって / おかあさんに 言っといて」
[spawn] 8月11日 11.00時 ミンミンゼミ @ (0, 0, -20)
[spawn] 8月11日 11.00時 クマゼミ @ (-4, 0, -9)
[spawn] 8月11日 11.00時 アブラゼミ @ (19, 0, 5)
[spawn] 8月11日 11.00時 クマゼミ @ (-9.5, 0, 5.8)
[msg~] 待ち2: ニイニイゼミの こえが やんだ。
[msg] 8月11日 11時 | つるが しちゅうに まきついて いる。 / ひだり まわりだ。
[label] 8月11日(金)  11:48  くもり | つるが しちゅうに まきついて いる。 / ひだり まわりだ。
[spawn] 8月11日 13.00時 ミンミンゼミ @ (0, 0, -20)
[spawn] 8月11日 13.00時 アブラゼミ @ (19, 0, 5)
[msg] 8月11日 13時 | クマゼミの こえが やんだ。
[label] 8月11日(金)  13:00  くもり | クマゼミの こえが やんだ。
[msg] 8月11日 13時 | 「かき氷、うちのは あずきが 多いよ。 / おおくして あるんだ、わざと」
[label] 8月11日(金)  13:52  くもり | 「かき氷、うちのは あずきが 多いよ。 / おおくして あるんだ、わざと」
[msg] 8月11日 14時 | おこづかい 900円 / ▶ ラムネ　100円 / 　 あたりくじ　20円 / 　 アイス　50円 / やじるしで えらぶ／スペースで かう／Ｚ で やめる
[label] 8月11日(金)  14:42  くもり | おこづかい 900円 / ▶ ラムネ　100円 / 　 あたりくじ　20円 / 　 アイス　50円 / やじるしで えらぶ／スペースで かう／Ｚ で やめる
[spawn] 8月11日 15.00時 ミンミンゼミ @ (0, 0, -20)
[spawn] 8月11日 15.00時 アブラゼミ @ (19, 0, 5)
[spawn] 8月11日 15.00時 ツクツクボウシ @ (-8, 0, -18)
[spawn] 8月11日 15.00時 ツクツクボウシ @ (15, 0, -13)
[msg~] 待ち1: ツクツクボウシが 鳴きはじめた。
[msg] 8月11日 15時 | 「また おいで」
[label] 8月11日(金)  15:21  くもり | 「また おいで」
[spawn] 8月11日 16.00時 ツクツクボウシ @ (-6, 0, 4.6)
[spawn] 8月11日 16.00時 アブラゼミ @ (19, 0, 5)
[spawn] 8月11日 16.00時 アブラゼミ @ (-8, 0, -18)
[spawn] 8月11日 16.00時 ツクツクボウシ @ (-4, 0, -9)
[msg] 8月11日 16時 | セミの こえが かわった。
[label] 8月11日(金)  16:00  くもり | セミの こえが かわった。
[msg] 8月11日 17時 | 五時の チャイムが 鳴った。
[spawn] 8月11日 17.00時 ツクツクボウシ @ (-6, 0, 4.6)
[spawn] 8月11日 17.00時 ツクツクボウシ @ (-4, 0, -9)
[spawn] 8月11日 17.00時 ヒグラシ @ (27, 0, -4)
[spawn] 8月11日 17.00時 ヒグラシ @ (15, 0, -13)
[spawn] 8月11日 17.00時 クワガタ @ (19, 0, 5)
[spawn] 8月11日 17.00時 クワガタ @ (19, 0, 5)
[msg~] 待ち2: ヒグラシが 鳴きはじめた。
[label] 8月11日(金)  17:00  くもり | 五時の チャイムが 鳴った。
[msg] 8月11日 17時 | 「この あつさは、むかしの 夏には なかったよ」
[label] 8月11日(金)  17:52  くもり | 「この あつさは、むかしの 夏には なかったよ」
[diary] 【日記】8月11日(金) / きょうは セミが とれなかった。 / だがしやの おばあさんと はなした。 / あしたは なにを しようかな。
[spawn] 8月12日 8.00時 ニイニイゼミ @ (-26, 0, -11)
[spawn] 8月12日 8.00時 ニイニイゼミ @ (19, 0, 5)
[spawn] 8月12日 8.00時 クマゼミ @ (27, 0, -4)
[spawn] 8月12日 8.00時 ニイニイゼミ @ (-9.5, 0, 5.8)
[spawn] 8月12日 8.00時 クワガタ @ (19, 0, 5)
[msg] 8月12日 08時 | 8月12日の あさ。 / きょうも 天気が いい……と 思ったが、そうでも ない かも。
[label] 8月11日(金)  19:00  くもり | 8月12日の あさ。 / きょうも 天気が いい……と 思ったが、そうでも ない かも。
[day] 8月12日(土)  08:01  はれ  (t=319.5s)
[spawn] 8月12日 9.50時 ニイニイゼミ @ (-26, 0, -11)
[spawn] 8月12日 9.50時 ニイニイゼミ @ (19, 0, 5)
[spawn] 8月12日 9.50時 クマゼミ @ (27, 0, -4)
[spawn] 8月12日 9.50時 ニイニイゼミ @ (-9.5, 0, 5.8)
[msg] 8月12日 09時 | 「うちの 子は もう おきないの。 / えらいわねえ、あなたは」
[label] 8月12日(土)  09:40  はれ | 「うちの 子は もう おきないの。 / えらいわねえ、あなたは」
[spawn] 8月12日 10.00時 ニイニイゼミ @ (-26, 0, -11)
[spawn] 8月12日 10.00時 ニイニイゼミ @ (19, 0, 5)
[spawn] 8月12日 10.00時 クマゼミ @ (27, 0, -4)
[spawn] 8月12日 10.00時 ニイニイゼミ @ (-9.5, 0, 5.8)
[spawn] 8月12日 10.00時 アブラゼミ @ (15, 0, -13)
[msg~] 待ち1: アブラゼミが 鳴きはじめた。
[msg] 8月12日 10時 | 「ぼうや、水分は とってる？」
[label] 8月12日(土)  10:25  はれ | 「ぼうや、水分は とってる？」
[spawn] 8月12日 11.00時 クマゼミ @ (-12, 0, 4.2)
[spawn] 8月12日 11.00時 ミンミンゼミ @ (0, 0, -20)
[spawn] 8月12日 11.00時 ミンミンゼミ @ (-6, 0, 4.6)
[spawn] 8月12日 11.00時 クマゼミ @ (27, 0, -4)
[msg~] 待ち2: ニイニイゼミの こえが やんだ。
[msg] 8月12日 11時 | つるが しちゅうに まきついて いる。 / ひだり まわりだ。
[label] 8月12日(土)  11:48  はれ | つるが しちゅうに まきついて いる。 / ひだり まわりだ。
[spawn] 8月12日 13.00時 ミンミンゼミ @ (0, 0, -20)
[spawn] 8月12日 13.00時 ミンミンゼミ @ (-6, 0, 4.6)
[msg] 8月12日 13時 | クマゼミの こえが やんだ。
[label] 8月12日(土)  13:00  はれ | クマゼミの こえが やんだ。
[msg] 8月12日 13時 | 「だんちの 子だろう。 / おかあさんに よろしくね」
[label] 8月12日(土)  13:52  はれ | 「だんちの 子だろう。 / おかあさんに よろしくね」
[msg] 8月12日 14時 | おこづかい 900円 / ▶ ラムネ　100円 / 　 あたりくじ　20円 / 　 アイス　50円 / やじるしで えらぶ／スペースで かう／Ｚ で やめる
[label] 8月12日(土)  14:42  はれ | おこづかい 900円 / ▶ ラムネ　100円 / 　 あたりくじ　20円 / 　 アイス　50円 / やじるしで えらぶ／スペースで かう／Ｚ で やめる
[spawn] 8月12日 15.00時 ミンミンゼミ @ (0, 0, -20)
[spawn] 8月12日 15.00時 ミンミンゼミ @ (-6, 0, 4.6)
[spawn] 8月12日 15.00時 ツクツクボウシ @ (-4, 0, -9)
[spawn] 8月12日 15.00時 ツクツクボウシ @ (15, 0, -13)
[msg~] 待ち1: ツクツクボウシが 鳴きはじめた。
[msg] 8月12日 15時 | 「また おいで」
[label] 8月12日(土)  15:21  はれ | 「また おいで」
[spawn] 8月12日 16.00時 アブラゼミ @ (-8, 0, -18)
[spawn] 8月12日 16.00時 ミンミンゼミ @ (-12, 0, 4.2)
[spawn] 8月12日 16.00時 ツクツクボウシ @ (27, 0, -4)
[spawn] 8月12日 16.00時 アブラゼミ @ (-6, 0, 4.6)
[msg] 8月12日 16時 | セミの こえが かわった。
[label] 8月12日(土)  16:00  はれ | セミの こえが かわった。
[msg] 8月12日 17時 | 五時の チャイムが 鳴った。
[spawn] 8月12日 17.00時 ツクツクボウシ @ (27, 0, -4)
[spawn] 8月12日 17.00時 ヒグラシ @ (19, 0, 5)
[spawn] 8月12日 17.00時 ヒグラシ @ (15, 0, -13)
[spawn] 8月12日 17.00時 ヒグラシ @ (-9.5, 0, 5.8)
[spawn] 8月12日 17.00時 クワガタ @ (19, 0, 5)
[msg~] 待ち2: ヒグラシが 鳴きはじめた。
[label] 8月12日(土)  17:00  はれ | 五時の チャイムが 鳴った。
[msg] 8月12日 17時 | 「この先の 空き地は、ずっと 田んぼだったんだ」
[label] 8月12日(土)  17:52  はれ | 「この先の 空き地は、ずっと 田んぼだったんだ」
[diary] 【日記】8月12日(土) / きょうは セミが とれなかった。 / だがしやの おばあさんと はなした。 / あしたは なにを しようかな。
[spawn] 8月13日 8.00時 クマゼミ @ (-4, 0, -9)
[spawn] 8月13日 8.00時 ニイニイゼミ @ (19, 0, 5)
[spawn] 8月13日 8.00時 ニイニイゼミ @ (-6, 0, 4.6)
[spawn] 8月13日 8.00時 ニイニイゼミ @ (-12, 0, 4.2)
[spawn] 8月13日 8.00時 カブトムシ @ (19, 0, 5)
[spawn] 8月13日 8.00時 カブトムシ @ (19, 0, 5)
[msg] 8月13日 08時 | おぼんが はじまった。 / どこの まども、いつもより あかるい。
[label] 8月12日(土)  19:00  はれ | おぼんが はじまった。 / どこの まども、いつもより あかるい。
[day] 8月13日(日)  08:01  はれ  (t=348.5s)
[spawn] 8月13日 9.50時 クマゼミ @ (-4, 0, -9)
[spawn] 8月13日 9.50時 ニイニイゼミ @ (19, 0, 5)
[spawn] 8月13日 9.50時 ニイニイゼミ @ (-6, 0, 4.6)
[spawn] 8月13日 9.50時 ニイニイゼミ @ (-12, 0, 4.2)
[msg] 8月13日 09時 | 「あそこの 木、また セミが すごいのよ」
[label] 8月13日(日)  09:40  はれ | 「あそこの 木、また セミが すごいのよ」
[spawn] 8月13日 10.00時 クマゼミ @ (-4, 0, -9)
[spawn] 8月13日 10.00時 ニイニイゼミ @ (19, 0, 5)
[spawn] 8月13日 10.00時 ニイニイゼミ @ (-6, 0, 4.6)
[spawn] 8月13日 10.00時 ニイニイゼミ @ (-12, 0, 4.2)
[spawn] 8月13日 10.00時 アブラゼミ @ (-26, 0, -11)
[msg~] 待ち1: アブラゼミが 鳴きはじめた。
[msg] 8月13日 10時 | 「なつまつりの 提灯、もう ついてたわ」
[label] 8月13日(日)  10:25  はれ | 「なつまつりの 提灯、もう ついてたわ」
[spawn] 8月13日 11.00時 クマゼミ @ (-9.5, 0, 5.8)
[spawn] 8月13日 11.00時 ミンミンゼミ @ (15, 0, -13)
[spawn] 8月13日 11.00時 クマゼミ @ (-12, 0, 4.2)
[spawn] 8月13日 11.00時 クマゼミ @ (27, 0, -4)
[msg~] 待ち2: ニイニイゼミの こえが やんだ。
[msg] 8月13日 11時 | つぼみが ついた。 / まだ かたい。
[label] 8月13日(日)  11:48  はれ | つぼみが ついた。 / まだ かたい。
[msg] 8月13日 12時 | じはんきの したに 十円。 / もらって おこう。
[label] 8月13日(日)  12:48  はれ | じはんきの したに 十円。 / もらって おこう。
[spawn] 8月13日 13.00時 ミンミンゼミ @ (15, 0, -13)
[msg~] 待ち2: クマゼミの こえが やんだ。
[msg] 8月13日 13時 | 「そこの 木は、まいとし よく 鳴くんだよ。 / 毎年、おなじ 木でね」
[label] 8月13日(日)  13:52  はれ | 「そこの 木は、まいとし よく 鳴くんだよ。 / 毎年、おなじ 木でね」
[msg] 8月13日 14時 | おこづかい 900円 / ▶ ラムネ　100円 / 　 あたりくじ　20円 / 　 アイス　50円 / やじるしで えらぶ／スペースで かう／Ｚ で やめる
[label] 8月13日(日)  14:42  はれ | おこづかい 900円 / ▶ ラムネ　100円 / 　 あたりくじ　20円 / 　 アイス　50円 / やじるしで えらぶ／スペースで かう／Ｚ で やめる
[spawn] 8月13日 15.00時 ミンミンゼミ @ (15, 0, -13)
[spawn] 8月13日 15.00時 ツクツクボウシ @ (-12, 0, 4.2)
[spawn] 8月13日 15.00時 ツクツクボウシ @ (19, 0, 5)
[spawn] 8月13日 15.00時 ツクツクボウシ @ (0, 0, -20)
[msg~] 待ち2: ツクツクボウシが 鳴きはじめた。
[msg] 8月13日 15時 | 「また おいで」
[label] 8月13日(日)  15:21  はれ | 「また おいで」
[spawn] 8月13日 16.00時 アブラゼミ @ (-8, 0, -18)
[spawn] 8月13日 16.00時 ミンミンゼミ @ (-26, 0, -11)
[spawn] 8月13日 16.00時 ツクツクボウシ @ (27, 0, -4)
[spawn] 8月13日 16.00時 アブラゼミ @ (-12, 0, 4.2)
[msg] 8月13日 16時 | セミの こえが かわった。
[label] 8月13日(日)  16:00  はれ | セミの こえが かわった。
[msg] 8月13日 17時 | 五時の チャイムが 鳴った。
[spawn] 8月13日 17.00時 ツクツクボウシ @ (27, 0, -4)
[spawn] 8月13日 17.00時 ヒグラシ @ (-26, 0, -11)
[spawn] 8月13日 17.00時 ヒグラシ @ (15, 0, -13)
[spawn] 8月13日 17.00時 ヒグラシ @ (-12, 0, 4.2)
[spawn] 8月13日 17.00時 クワガタ @ (19, 0, 5)
[spawn] 8月13日 17.00時 カブトムシ @ (19, 0, 5)
[msg~] 待ち2: ヒグラシが 鳴きはじめた。
[label] 8月13日(日)  17:00  はれ | 五時の チャイムが 鳴った。
[msg] 8月13日 17時 | 「新聞は 朝に よむと きまってる。 / ここが いちばん すずしい」
[label] 8月13日(日)  17:52  はれ | 「新聞は 朝に よむと きまってる。 / ここが いちばん すずしい」
[diary] 【日記】8月13日(日) / きょうは セミが とれなかった。 / おぼん。だんちじゅうの まどが あかるかった。 / あしたは なにを しようかな。
[spawn] 8月14日 8.00時 クマゼミ @ (-12, 0, 4.2)
[spawn] 8月14日 8.00時 クマゼミ @ (19, 0, 5)
[spawn] 8月14日 8.00時 クマゼミ @ (-4, 0, -9)
[spawn] 8月14日 8.00時 ニイニイゼミ @ (-9.5, 0, 5.8)
[spawn] 8月14日 8.00時 カブトムシ @ (19, 0, 5)
[msg] 8月14日 08時 | 8月14日の あさ。 / きょうは どこへ いこう。
[label] 8月13日(日)  19:00  はれ | 8月14日の あさ。 / きょうは どこへ いこう。
[day] 8月14日(月)  08:01  くもり  (t=377.5s)
[spawn] 8月14日 9.50時 クマゼミ @ (-12, 0, 4.2)
[spawn] 8月14日 9.50時 クマゼミ @ (19, 0, 5)
[spawn] 8月14日 9.50時 クマゼミ @ (-4, 0, -9)
[spawn] 8月14日 9.50時 ニイニイゼミ @ (-9.5, 0, 5.8)
[msg] 8月14日 09時 | 「夕立が くるかも しれないわ。 / かさ、もってる？」
[label] 8月14日(月)  09:40  くもり | 「夕立が くるかも しれないわ。 / かさ、もってる？」
[spawn] 8月14日 10.00時 クマゼミ @ (-12, 0, 4.2)
[spawn] 8月14日 10.00時 クマゼミ @ (19, 0, 5)
[spawn] 8月14日 10.00時 クマゼミ @ (-4, 0, -9)
[spawn] 8月14日 10.00時 ニイニイゼミ @ (-9.5, 0, 5.8)
[spawn] 8月14日 10.00時 ミンミンゼミ @ (-8, 0, -18)
[msg~] 待ち1: アブラゼミが 鳴きはじめた。
[msg] 8月14日 10時 | 「たまごが 安いのよ、きょう。 / いそがないと なくなる」
[label] 8月14日(月)  10:25  くもり | 「たまごが 安いのよ、きょう。 / いそがないと なくなる」
[spawn] 8月14日 11.00時 ミンミンゼミ @ (-26, 0, -11)
[spawn] 8月14日 11.00時 ミンミンゼミ @ (-6, 0, 4.6)
[spawn] 8月14日 11.00時 ミンミンゼミ @ (-4, 0, -9)
[spawn] 8月14日 11.00時 ミンミンゼミ @ (-8, 0, -18)
[msg~] 待ち2: ニイニイゼミの こえが やんだ。
[msg] 8月14日 11時 | つぼみが ついた。 / まだ かたい。
[label] 8月14日(月)  11:48  くもり | つぼみが ついた。 / まだ かたい。
[spawn] 8月14日 13.00時 ミンミンゼミ @ (-26, 0, -11)
[spawn] 8月14日 13.00時 ミンミンゼミ @ (-6, 0, 4.6)
[spawn] 8月14日 13.00時 ミンミンゼミ @ (-4, 0, -9)
[spawn] 8月14日 13.00時 ミンミンゼミ @ (-8, 0, -18)
[msg] 8月14日 13時 | クマゼミの こえが やんだ。
[label] 8月14日(月)  13:00  くもり | クマゼミの こえが やんだ。
[msg] 8月14日 13時 | 「ゆっくり おいき。 / 夏は、いそぐと おわるのが 早い」
[label] 8月14日(月)  13:52  くもり | 「ゆっくり おいき。 / 夏は、いそぐと おわるのが 早い」
[msg] 8月14日 14時 | おこづかい 900円 / ▶ ラムネ　100円 / 　 あたりくじ　20円 / 　 アイス　50円 / やじるしで えらぶ／スペースで かう／Ｚ で やめる
[label] 8月14日(月)  14:42  くもり | おこづかい 900円 / ▶ ラムネ　100円 / 　 あたりくじ　20円 / 　 アイス　50円 / やじるしで えらぶ／スペースで かう／Ｚ で やめる
[spawn] 8月14日 15.00時 ミンミンゼミ @ (-26, 0, -11)
[spawn] 8月14日 15.00時 ミンミンゼミ @ (-6, 0, 4.6)
[spawn] 8月14日 15.00時 ミンミンゼミ @ (-4, 0, -9)
[spawn] 8月14日 15.00時 ミンミンゼミ @ (-8, 0, -18)
[spawn] 8月14日 15.00時 ツクツクボウシ @ (19, 0, 5)
[msg~] 待ち1: ツクツクボウシが 鳴きはじめた。
[msg] 8月14日 15時 | 「また おいで」
[label] 8月14日(月)  15:21  くもり | 「また おいで」
[spawn] 8月14日 16.00時 ツクツクボウシ @ (-12, 0, 4.2)
[spawn] 8月14日 16.00時 ミンミンゼミ @ (0, 0, -20)
[spawn] 8月14日 16.00時 ツクツクボウシ @ (-4, 0, -9)
[spawn] 8月14日 16.00時 ツクツクボウシ @ (-9.5, 0, 5.8)
[msg] 8月14日 16時 | セミの こえが かわった。
[label] 8月14日(月)  16:00  くもり | セミの こえが かわった。
[msg] 8月14日 17時 | 五時の チャイムが 鳴った。
[spawn] 8月14日 17.00時 ツクツクボウシ @ (-12, 0, 4.2)
[spawn] 8月14日 17.00時 ツクツクボウシ @ (-4, 0, -9)
[spawn] 8月14日 17.00時 ツクツクボウシ @ (-9.5, 0, 5.8)
[spawn] 8月14日 17.00時 ヒグラシ @ (15, 0, -13)
[spawn] 8月14日 17.00時 カブトムシ @ (19, 0, 5)
[spawn] 8月14日 17.00時 カブトムシ @ (19, 0, 5)
[msg~] 待ち2: ヒグラシが 鳴きはじめた。
[label] 8月14日(月)  17:00  くもり | 五時の チャイムが 鳴った。
[msg] 8月14日 17時 | 「学校は どうだい。 / ……ああ、なつやすみか」
[label] 8月14日(月)  17:52  くもり | 「学校は どうだい。 / ……ああ、なつやすみか」
[diary] 【日記】8月14日(月) / きょうは セミが とれなかった。 / だがしやの おばあさんと はなした。 / あしたは なにを しようかな。
[spawn] 8月15日 8.00時 クマゼミ @ (-26, 0, -11)
[spawn] 8月15日 8.00時 ニイニイゼミ @ (-6, 0, 4.6)
[spawn] 8月15日 8.00時 ニイニイゼミ @ (-8, 0, -18)
[spawn] 8月15日 8.00時 クマゼミ @ (15, 0, -13)
[spawn] 8月15日 8.00時 クワガタ @ (19, 0, 5)
[msg] 8月15日 08時 | 8月15日の あさ。 / せんたくものが、もう ほされて いる。
[label] 8月14日(月)  19:00  くもり | 8月15日の あさ。 / せんたくものが、もう ほされて いる。
[day] 8月15日(火)  08:01  はれ  (t=406.6s)
[spawn] 8月15日 9.50時 クマゼミ @ (-26, 0, -11)
[spawn] 8月15日 9.50時 ニイニイゼミ @ (-6, 0, 4.6)
[spawn] 8月15日 9.50時 ニイニイゼミ @ (-8, 0, -18)
[spawn] 8月15日 9.50時 クマゼミ @ (15, 0, -13)
[msg] 8月15日 09時 | 「そうそう、それでね——」
[label] 8月15日(火)  09:40  はれ | 「そうそう、それでね——」
[spawn] 8月15日 10.00時 クマゼミ @ (-26, 0, -11)
[spawn] 8月15日 10.00時 ニイニイゼミ @ (-6, 0, 4.6)
[spawn] 8月15日 10.00時 ニイニイゼミ @ (-8, 0, -18)
[spawn] 8月15日 10.00時 クマゼミ @ (15, 0, -13)
[spawn] 8月15日 10.00時 ミンミンゼミ @ (-12, 0, 4.2)
[msg~] 待ち1: アブラゼミが 鳴きはじめた。
[msg] 8月15日 10時 | 「おおきく なったわねえ。 / この前まで だっこして たのに」
[label] 8月15日(火)  10:25  はれ | 「おおきく なったわねえ。 / この前まで だっこして たのに」
[spawn] 8月15日 11.00時 ミンミンゼミ @ (-6, 0, 4.6)
[spawn] 8月15日 11.00時 クマゼミ @ (-26, 0, -11)
[spawn] 8月15日 11.00時 アブラゼミ @ (0, 0, -20)
[spawn] 8月15日 11.00時 ミンミンゼミ @ (15, 0, -13)
[msg~] 待ち2: ニイニイゼミの こえが やんだ。
[msg] 8月15日 11時 | つぼみが ついた。 / まだ かたい。
[label] 8月15日(火)  11:48  はれ | つぼみが ついた。 / まだ かたい。
[spawn] 8月15日 13.00時 ミンミンゼミ @ (-6, 0, 4.6)
[spawn] 8月15日 13.00時 アブラゼミ @ (0, 0, -20)
[spawn] 8月15日 13.00時 ミンミンゼミ @ (15, 0, -13)
[msg] 8月15日 13時 | クマゼミの こえが やんだ。
[label] 8月15日(火)  13:00  はれ | クマゼミの こえが やんだ。
[msg] 8月15日 13時 | 「あしたは 雨が くるよ。 / 足が いたむ日は だいたい あたる」
[label] 8月15日(火)  13:52  はれ | 「あしたは 雨が くるよ。 / 足が いたむ日は だいたい あたる」
[msg] 8月15日 14時 | おこづかい 900円 / ▶ ラムネ　100円 / 　 あたりくじ　20円 / 　 アイス　50円 / やじるしで えらぶ／スペースで かう／Ｚ で やめる
[label] 8月15日(火)  14:42  はれ | おこづかい 900円 / ▶ ラムネ　100円 / 　 あたりくじ　20円 / 　 アイス　50円 / やじるしで えらぶ／スペースで かう／Ｚ で やめる
[spawn] 8月15日 15.00時 ミンミンゼミ @ (-6, 0, 4.6)
[spawn] 8月15日 15.00時 アブラゼミ @ (0, 0, -20)
[spawn] 8月15日 15.00時 ミンミンゼミ @ (15, 0, -13)
[spawn] 8月15日 15.00時 ツクツクボウシ @ (-8, 0, -18)
[msg~] 待ち1: ツクツクボウシが 鳴きはじめた。
[msg] 8月15日 15時 | 「また おいで」
[label] 8月15日(火)  15:21  はれ | 「また おいで」
[spawn] 8月15日 16.00時 ツクツクボウシ @ (-8, 0, -18)
[spawn] 8月15日 16.00時 ツクツクボウシ @ (27, 0, -4)
[spawn] 8月15日 16.00時 ツクツクボウシ @ (15, 0, -13)
[spawn] 8月15日 16.00時 ミンミンゼミ @ (0, 0, -20)
[msg] 8月15日 16時 | セミの こえが かわった。
[label] 8月15日(火)  16:00  はれ | セミの こえが かわった。
[msg] 8月15日 17時 | 五時の チャイムが 鳴った。
[spawn] 8月15日 17.00時 ツクツクボウシ @ (-8, 0, -18)
[spawn] 8月15日 17.00時 ツクツクボウシ @ (27, 0, -4)
[spawn] 8月15日 17.00時 ツクツクボウシ @ (15, 0, -13)
[spawn] 8月15日 17.00時 ヒグラシ @ (0, 0, -20)
[spawn] 8月15日 17.00時 クワガタ @ (19, 0, 5)
[msg~] 待ち2: ヒグラシが 鳴きはじめた。
[label] 8月15日(火)  17:00  はれ | 五時の チャイムが 鳴った。
[msg] 8月15日 17時 | 「あの 電柱、わしより 年下なんだ」
[label] 8月15日(火)  17:52  はれ | 「あの 電柱、わしより 年下なんだ」
[diary] 【日記】8月15日(火) / きょうは セミが とれなかった。 / だがしやの おばあさんと はなした。 / あしたは なにを しようかな。
[spawn] 8月16日 8.00時 カタツムリ @ (-6, 0, 4.6)
[spawn] 8月16日 8.00時 カタツムリ @ (27, 0, -4)
[spawn] 8月16日 8.00時 アマガエル @ (-8, 0, -18)
[spawn] 8月16日 8.00時 アマガエル @ (15, 0, -13)
[msg] 8月16日 08時 | おくりびの ひ。 / かえって いく ひとたちが いるらしい。
[label] 8月15日(火)  19:00  はれ | おくりびの ひ。 / かえって いく ひとたちが いるらしい。
[day] 8月16日(水)  08:01  雨  (t=435.6s)
[msg] 8月16日 09時 | 「ラジオたいそう、行った？ / はんこ もらえるうちに 行きなさい」
[label] 8月16日(水)  09:40  雨 | 「ラジオたいそう、行った？ / はんこ もらえるうちに 行きなさい」
[msg] 8月16日 10時 | 「せんたくもの、はやく 入れなさいって / おかあさんに 言っといて」
[label] 8月16日(水)  10:25  雨 | 「せんたくもの、はやく 入れなさいって / おかあさんに 言っといて」
[spawn] 8月16日 11.00時 カタツムリ @ (27, 0, -4)
[spawn] 8月16日 11.00時 カタツムリ @ (-6, 0, 4.6)
[spawn] 8月16日 11.00時 カタツムリ @ (-9.5, 0, 5.8)
[spawn] 8月16日 11.00時 カタツムリ @ (0, 0, -20)
[msg~] 待ち1: 雨の おとが かわった……
[msg] 8月16日 11時 | ひとつ 咲いて いた。 / むらさきだった。
[label] 8月16日(水)  11:48  雨 | ひとつ 咲いて いた。 / むらさきだった。
[msg] 8月16日 12時 | きょうは、あった。 / あると 思って のぞくのが、たぶん たのしい。
[label] 8月16日(水)  12:46  雨 | きょうは、あった。 / あると 思って のぞくのが、たぶん たのしい。
[msg~] 待ち2: じはんきの したに 十円。 / もらって おこう。
[msg] 8月16日 13時 | 「よく 来たね。 / こんな日は、あめの 生きものが 出るよ」
[label] 8月16日(水)  13:52  雨 | 「よく 来たね。 / こんな日は、あめの 生きものが 出るよ」
[msg] 8月16日 14時 | おこづかい 900円 / ▶ ラムネ　100円 / 　 あたりくじ　20円 / 　 アイス　50円 / やじるしで えらぶ／スペースで かう／Ｚ で やめる
[label] 8月16日(水)  14:42  雨 | おこづかい 900円 / ▶ ラムネ　100円 / 　 あたりくじ　20円 / 　 アイス　50円 / やじるしで えらぶ／スペースで かう／Ｚ で やめる
[msg] 8月16日 15時 | 「また おいで」
[label] 8月16日(水)  15:21  雨 | 「また おいで」
[spawn] 8月16日 16.00時 アマガエル @ (0, 0, -20)
[spawn] 8月16日 16.00時 カタツムリ @ (19, 0, 5)
[spawn] 8月16日 16.00時 アマガエル @ (-4, 0, -9)
[spawn] 8月16日 16.00時 アマガエル @ (-12, 0, 4.2)
[msg] 8月16日 16時 | 雨の おとが かわった……
[label] 8月16日(水)  16:00  雨 | 雨の おとが かわった……
[msg] 8月16日 17時 | 五時の チャイムが 鳴った。
[label] 8月16日(水)  17:00  雨 | 五時の チャイムが 鳴った。
[msg] 8月16日 17時 | 「この あつさは、むかしの 夏には なかったよ」
[label] 8月16日(水)  17:52  雨 | 「この あつさは、むかしの 夏には なかったよ」
[diary] 【日記】8月16日(水) / あめ。セミは 一ぴきも 鳴かなかった。 / おくりび。なつが すこし とおのいた 気がした。 / あしたは なにを しようかな。
[spawn] 8月17日 8.00時 クマゼミ @ (19, 0, 5)
[spawn] 8月17日 8.00時 ニイニイゼミ @ (27, 0, -4)
[spawn] 8月17日 8.00時 クマゼミ @ (-12, 0, 4.2)
[spawn] 8月17日 8.00時 ニイニイゼミ @ (-26, 0, -11)
[spawn] 8月17日 8.00時 カブトムシ @ (19, 0, 5)
[spawn] 8月17日 8.00時 クワガタ @ (19, 0, 5)
[msg] 8月17日 08時 | 8月17日の あさ。 / きのうの ことを、少し わすれて いる。
[label] 8月16日(水)  19:00  雨 | 8月17日の あさ。 / きのうの ことを、少し わすれて いる。
[day] 8月17日(木)  08:01  はれ  (t=464.6s)
[spawn] 8月17日 9.50時 クマゼミ @ (19, 0, 5)
[spawn] 8月17日 9.50時 ニイニイゼミ @ (27, 0, -4)
[spawn] 8月17日 9.50時 クマゼミ @ (-12, 0, 4.2)
[spawn] 8月17日 9.50時 ニイニイゼミ @ (-26, 0, -11)
[msg] 8月17日 09時 | 「うちの 子は もう おきないの。 / えらいわねえ、あなたは」
[label] 8月17日(木)  09:40  はれ | 「うちの 子は もう おきないの。 / えらいわねえ、あなたは」
[spawn] 8月17日 10.00時 クマゼミ @ (19, 0, 5)
[spawn] 8月17日 10.00時 ニイニイゼミ @ (27, 0, -4)
[spawn] 8月17日 10.00時 クマゼミ @ (-12, 0, 4.2)
[spawn] 8月17日 10.00時 ニイニイゼミ @ (-26, 0, -11)
[spawn] 8月17日 10.00時 アブラゼミ @ (0, 0, -20)
[msg~] 待ち1: アブラゼミが 鳴きはじめた。
[msg] 8月17日 10時 | 「ぼうや、水分は とってる？」
[label] 8月17日(木)  10:25  はれ | 「ぼうや、水分は とってる？」
[spawn] 8月17日 11.00時 アブラゼミ @ (-12, 0, 4.2)
[spawn] 8月17日 11.00時 アブラゼミ @ (15, 0, -13)
[spawn] 8月17日 11.00時 アブラゼミ @ (-8, 0, -18)
[spawn] 8月17日 11.00時 アブラゼミ @ (19, 0, 5)
[msg~] 待ち2: ニイニイゼミの こえが やんだ。
[msg] 8月17日 11時 | ひとつ 咲いて いた。 / むらさきだった。
[label] 8月17日(木)  11:48  はれ | ひとつ 咲いて いた。 / むらさきだった。
[spawn] 8月17日 13.00時 アブラゼミ @ (-12, 0, 4.2)
[spawn] 8月17日 13.00時 アブラゼミ @ (15, 0, -13)
[spawn] 8月17日 13.00時 アブラゼミ @ (-8, 0, -18)
[spawn] 8月17日 13.00時 アブラゼミ @ (19, 0, 5)
[msg] 8月17日 13時 | クマゼミの こえが やんだ。
[label] 8月17日(木)  13:00  はれ | クマゼミの こえが やんだ。
[msg] 8月17日 13時 | 「あついねえ。 / ラムネ、ひやして あるよ」
[label] 8月17日(木)  13:52  はれ | 「あついねえ。 / ラムネ、ひやして あるよ」
[msg] 8月17日 14時 | おこづかい 900円 / ▶ ラムネ　100円 / 　 あたりくじ　20円 / 　 アイス　50円 / やじるしで えらぶ／スペースで かう／Ｚ で やめる
[label] 8月17日(木)  14:42  はれ | おこづかい 900円 / ▶ ラムネ　100円 / 　 あたりくじ　20円 / 　 アイス　50円 / やじるしで えらぶ／スペースで かう／Ｚ で やめる
[spawn] 8月17日 15.00時 アブラゼミ @ (-12, 0, 4.2)
[spawn] 8月17日 15.00時 アブラゼミ @ (15, 0, -13)
[spawn] 8月17日 15.00時 アブラゼミ @ (-8, 0, -18)
[spawn] 8月17日 15.00時 アブラゼミ @ (19, 0, 5)
[spawn] 8月17日 15.00時 ツクツクボウシ @ (-26, 0, -11)
[msg~] 待ち1: ツクツクボウシが 鳴きはじめた。
[msg] 8月17日 15時 | 「また おいで」
[label] 8月17日(木)  15:21  はれ | 「また おいで」
[spawn] 8月17日 16.00時 アブラゼミ @ (-8, 0, -18)
[spawn] 8月17日 16.00時 ミンミンゼミ @ (15, 0, -13)
[spawn] 8月17日 16.00時 アブラゼミ @ (0, 0, -20)
[spawn] 8月17日 16.00時 ミンミンゼミ @ (19, 0, 5)
[msg] 8月17日 16時 | セミの こえが かわった。
[label] 8月17日(木)  16:00  はれ | セミの こえが かわった。
[msg] 8月17日 17時 | 五時の チャイムが 鳴った。
[spawn] 8月17日 17.00時 ヒグラシ @ (-12, 0, 4.2)
[spawn] 8月17日 17.00時 ヒグラシ @ (-6, 0, 4.6)
[spawn] 8月17日 17.00時 ヒグラシ @ (-9.5, 0, 5.8)
[spawn] 8月17日 17.00時 ヒグラシ @ (27, 0, -4)
[spawn] 8月17日 17.00時 カブトムシ @ (19, 0, 5)
[spawn] 8月17日 17.00時 カブトムシ @ (19, 0, 5)
[msg~] 待ち2: ヒグラシが 鳴きはじめた。
[label] 8月17日(木)  17:00  はれ | 五時の チャイムが 鳴った。
[msg] 8月17日 17時 | 「この先の 空き地は、ずっと 田んぼだったんだ」
[label] 8月17日(木)  17:52  はれ | 「この先の 空き地は、ずっと 田んぼだったんだ」
[diary] 【日記】8月17日(木) / きょうは セミが とれなかった。 / あさがおが 1つ 咲いて いた。 / あしたは なにを しようかな。
[spawn] 8月18日 8.00時 ニイニイゼミ @ (-9.5, 0, 5.8)
[spawn] 8月18日 8.00時 クマゼミ @ (15, 0, -13)
[spawn] 8月18日 8.00時 クマゼミ @ (-8, 0, -18)
[spawn] 8月18日 8.00時 ニイニイゼミ @ (-26, 0, -11)
[spawn] 8月18日 8.00時 クワガタ @ (19, 0, 5)
[msg] 8月18日 08時 | 8月18日の あさ。 / きょうも 天気が いい……と 思ったが、そうでも ない かも。
[label] 8月17日(木)  19:00  はれ | 8月18日の あさ。 / きょうも 天気が いい……と 思ったが、そうでも ない かも。
[day] 8月18日(金)  08:01  はれ  (t=493.7s)
[spawn] 8月18日 9.50時 ニイニイゼミ @ (-9.5, 0, 5.8)
[spawn] 8月18日 9.50時 クマゼミ @ (15, 0, -13)
[spawn] 8月18日 9.50時 クマゼミ @ (-8, 0, -18)
[spawn] 8月18日 9.50時 ニイニイゼミ @ (-26, 0, -11)
[msg] 8月18日 09時 | 「あそこの 木、また セミが すごいのよ」
[label] 8月18日(金)  09:40  はれ | 「あそこの 木、また セミが すごいのよ」
[spawn] 8月18日 10.00時 ニイニイゼミ @ (-9.5, 0, 5.8)
[spawn] 8月18日 10.00時 クマゼミ @ (15, 0, -13)
[spawn] 8月18日 10.00時 クマゼミ @ (-8, 0, -18)
[spawn] 8月18日 10.00時 ニイニイゼミ @ (-26, 0, -11)
[spawn] 8月18日 10.00時 アブラゼミ @ (19, 0, 5)
[msg~] 待ち1: アブラゼミが 鳴きはじめた。
[msg] 8月18日 10時 | 「なつまつりの 提灯、もう ついてたわ」
[label] 8月18日(金)  10:25  はれ | 「なつまつりの 提灯、もう ついてたわ」
[spawn] 8月18日 11.00時 ミンミンゼミ @ (-26, 0, -11)
[spawn] 8月18日 11.00時 ミンミンゼミ @ (-12, 0, 4.2)
[spawn] 8月18日 11.00時 ミンミンゼミ @ (-6, 0, 4.6)
[spawn] 8月18日 11.00時 クマゼミ @ (0, 0, -20)
[msg~] 待ち2: ニイニイゼミの こえが やんだ。
[msg] 8月18日 11時 | ひとつ 咲いて いた。 / むらさきだった。
[label] 8月18日(金)  11:48  はれ | ひとつ 咲いて いた。 / むらさきだった。
[spawn] 8月18日 13.00時 ミンミンゼミ @ (-26, 0, -11)
[spawn] 8月18日 13.00時 ミンミンゼミ @ (-12, 0, 4.2)
[spawn] 8月18日 13.00時 ミンミンゼミ @ (-6, 0, 4.6)
[msg] 8月18日 13時 | クマゼミの こえが やんだ。
[label] 8月18日(金)  13:00  はれ | クマゼミの こえが やんだ。
[msg] 8月18日 13時 | 「あしたは 雨が くるよ。 / 足が いたむ日は だいたい あたる」
[label] 8月18日(金)  13:52  はれ | 「あしたは 雨が くるよ。 / 足が いたむ日は だいたい あたる」
[msg] 8月18日 14時 | おこづかい 900円 / ▶ ラムネ　100円 / 　 あたりくじ　20円 / 　 アイス　50円 / やじるしで えらぶ／スペースで かう／Ｚ で やめる
[label] 8月18日(金)  14:42  はれ | おこづかい 900円 / ▶ ラムネ　100円 / 　 あたりくじ　20円 / 　 アイス　50円 / やじるしで えらぶ／スペースで かう／Ｚ で やめる
[spawn] 8月18日 15.00時 ミンミンゼミ @ (-26, 0, -11)
[spawn] 8月18日 15.00時 ミンミンゼミ @ (-12, 0, 4.2)
[spawn] 8月18日 15.00時 ミンミンゼミ @ (-6, 0, 4.6)
[spawn] 8月18日 15.00時 ツクツクボウシ @ (-4, 0, -9)
[msg~] 待ち1: ツクツクボウシが 鳴きはじめた。
[msg] 8月18日 15時 | 「また おいで」
[label] 8月18日(金)  15:21  はれ | 「また おいで」
[spawn] 8月18日 16.00時 ツクツクボウシ @ (-9.5, 0, 5.8)
[spawn] 8月18日 16.00時 アブラゼミ @ (0, 0, -20)
[spawn] 8月18日 16.00時 ツクツクボウシ @ (27, 0, -4)
[spawn] 8月18日 16.00時 ミンミンゼミ @ (-6, 0, 4.6)
[msg] 8月18日 16時 | セミの こえが かわった。
[label] 8月18日(金)  16:00  はれ | セミの こえが かわった。
[msg] 8月18日 17時 | 五時の チャイムが 鳴った。
[spawn] 8月18日 17.00時 ツクツクボウシ @ (-9.5, 0, 5.8)
[spawn] 8月18日 17.00時 ツクツクボウシ @ (27, 0, -4)
[spawn] 8月18日 17.00時 ヒグラシ @ (-8, 0, -18)
[spawn] 8月18日 17.00時 ヒグラシ @ (0, 0, -20)
[spawn] 8月18日 17.00時 カブトムシ @ (19, 0, 5)
[spawn] 8月18日 17.00時 クワガタ @ (19, 0, 5)
[msg~] 待ち2: ヒグラシが 鳴きはじめた。
[label] 8月18日(金)  17:00  はれ | 五時の チャイムが 鳴った。
[msg] 8月18日 17時 | 「新聞は 朝に よむと きまってる。 / ここが いちばん すずしい」
[label] 8月18日(金)  17:52  はれ | 「新聞は 朝に よむと きまってる。 / ここが いちばん すずしい」
[diary] 【日記】8月18日(金) / きょうは セミが とれなかった。 / あさがおが 1つ 咲いて いた。 / あしたは なにを しようかな。
[spawn] 8月19日 8.00時 アマガエル @ (27, 0, -4)
[spawn] 8月19日 8.00時 カタツムリ @ (-9.5, 0, 5.8)
[spawn] 8月19日 8.00時 アマガエル @ (19, 0, 5)
[spawn] 8月19日 8.00時 カタツムリ @ (-12, 0, 4.2)
[msg] 8月19日 08時 | 8月19日の あさ。 / あさの うちは、まだ すずしい。
[label] 8月18日(金)  19:00  はれ | 8月19日の あさ。 / あさの うちは、まだ すずしい。
[day] 8月19日(土)  08:01  雨  (t=522.7s)
[msg] 8月19日 09時 | 「夕立が くるかも しれないわ。 / かさ、もってる？」
[label] 8月19日(土)  09:40  雨 | 「夕立が くるかも しれないわ。 / かさ、もってる？」
[msg] 8月19日 10時 | 「たまごが 安いのよ、きょう。 / いそがないと なくなる」
[label] 8月19日(土)  10:25  雨 | 「たまごが 安いのよ、きょう。 / いそがないと なくなる」
[spawn] 8月19日 11.00時 アマガエル @ (27, 0, -4)
[spawn] 8月19日 11.00時 アマガエル @ (-12, 0, 4.2)
[spawn] 8月19日 11.00時 カタツムリ @ (15, 0, -13)
[spawn] 8月19日 11.00時 アマガエル @ (-4, 0, -9)
[msg~] 待ち1: 雨の おとが かわった……
[msg] 8月19日 11時 | ひとつ 咲いて いた。 / むらさきだった。
[label] 8月19日(土)  11:48  雨 | ひとつ 咲いて いた。 / むらさきだった。
[msg+] 8月19日 13時 | 雨の おとが かわった……
[label] 8月19日(土)  13:35  雨 | 雨の おとが かわった……
[msg~] 待ち1: 「よく 来たね。 / こんな日は、あめの 生きものが 出るよ」
[msg] 8月19日 14時 | おこづかい 900円 / ▶ ラムネ　100円 / 　 あたりくじ　20円 / 　 アイス　50円 / やじるしで えらぶ／スペースで かう／Ｚ で やめる
[label] 8月19日(土)  14:42  雨 | おこづかい 900円 / ▶ ラムネ　100円 / 　 あたりくじ　20円 / 　 アイス　50円 / やじるしで えらぶ／スペースで かう／Ｚ で やめる
[msg] 8月19日 15時 | 「また おいで」
[label] 8月19日(土)  15:21  雨 | 「また おいで」
[spawn] 8月19日 16.00時 アマガエル @ (-26, 0, -11)
[spawn] 8月19日 16.00時 カタツムリ @ (19, 0, 5)
[spawn] 8月19日 16.00時 アマガエル @ (27, 0, -4)
[spawn] 8月19日 16.00時 アマガエル @ (-8, 0, -18)
[msg] 8月19日 16時 | 雨の おとが かわった……
[label] 8月19日(土)  16:00  雨 | 雨の おとが かわった……
[msg] 8月19日 17時 | 五時の チャイムが 鳴った。
[label] 8月19日(土)  17:00  雨 | 五時の チャイムが 鳴った。
[msg] 8月19日 17時 | 「学校は どうだい。 / ……ああ、なつやすみか」
[label] 8月19日(土)  17:52  雨 | 「学校は どうだい。 / ……ああ、なつやすみか」
[diary] 【日記】8月19日(土) / あめ。セミは 一ぴきも 鳴かなかった。 / あと 5日で なつまつり。 / あしたは なにを しようかな。
[spawn] 8月20日 8.00時 クマゼミ @ (19, 0, 5)
[spawn] 8月20日 8.00時 クマゼミ @ (27, 0, -4)
[spawn] 8月20日 8.00時 クマゼミ @ (-26, 0, -11)
[spawn] 8月20日 8.00時 クマゼミ @ (-6, 0, 4.6)
[spawn] 8月20日 8.00時 カブトムシ @ (19, 0, 5)
[spawn] 8月20日 8.00時 カブトムシ @ (19, 0, 5)
[msg] 8月20日 08時 | 8月20日の あさ。 / きょうは どこへ いこう。
[label] 8月19日(土)  19:00  雨 | 8月20日の あさ。 / きょうは どこへ いこう。
[day] 8月20日(日)  08:01  はれ  (t=551.7s)
[spawn] 8月20日 9.50時 クマゼミ @ (19, 0, 5)
[spawn] 8月20日 9.50時 クマゼミ @ (27, 0, -4)
[spawn] 8月20日 9.50時 クマゼミ @ (-26, 0, -11)
[spawn] 8月20日 9.50時 クマゼミ @ (-6, 0, 4.6)
[msg] 8月20日 09時 | 「そうそう、それでね——」
[label] 8月20日(日)  09:40  はれ | 「そうそう、それでね——」
[spawn] 8月20日 10.00時 クマゼミ @ (19, 0, 5)
[spawn] 8月20日 10.00時 クマゼミ @ (27, 0, -4)
[spawn] 8月20日 10.00時 クマゼミ @ (-26, 0, -11)
[spawn] 8月20日 10.00時 クマゼミ @ (-6, 0, 4.6)
[spawn] 8月20日 10.00時 アブラゼミ @ (-12, 0, 4.2)
[msg~] 待ち1: アブラゼミが 鳴きはじめた。
[msg] 8月20日 10時 | 「おおきく なったわねえ。 / この前まで だっこして たのに」
[label] 8月20日(日)  10:25  はれ | 「おおきく なったわねえ。 / この前まで だっこして たのに」
[spawn] 8月20日 11.00時 ミンミンゼミ @ (-9.5, 0, 5.8)
[spawn] 8月20日 11.00時 ミンミンゼミ @ (-12, 0, 4.2)
[spawn] 8月20日 11.00時 ミンミンゼミ @ (0, 0, -20)
[spawn] 8月20日 11.00時 ミンミンゼミ @ (19, 0, 5)
[msg~] 待ち2: ニイニイゼミの こえが やんだ。
[msg] 8月20日 11時 | 2つ 咲いて いた。 / あさの うちだけの 色だ。
[label] 8月20日(日)  11:48  はれ | 2つ 咲いて いた。 / あさの うちだけの 色だ。
[spawn] 8月20日 13.00時 ミンミンゼミ @ (-9.5, 0, 5.8)
[spawn] 8月20日 13.00時 ミンミンゼミ @ (-12, 0, 4.2)
[spawn] 8月20日 13.00時 ミンミンゼミ @ (0, 0, -20)
[spawn] 8月20日 13.00時 ミンミンゼミ @ (19, 0, 5)
[msg] 8月20日 13時 | クマゼミの こえが やんだ。
[label] 8月20日(日)  13:00  はれ | クマゼミの こえが やんだ。
[msg] 8月20日 13時 | 「だんちの 子だろう。 / おかあさんに よろしくね」
[label] 8月20日(日)  13:52  はれ | 「だんちの 子だろう。 / おかあさんに よろしくね」
[msg] 8月20日 14時 | おこづかい 900円 / ▶ ラムネ　100円 / 　 あたりくじ　20円 / 　 アイス　50円 / やじるしで えらぶ／スペースで かう／Ｚ で やめる
[label] 8月20日(日)  14:42  はれ | おこづかい 900円 / ▶ ラムネ　100円 / 　 あたりくじ　20円 / 　 アイス　50円 / やじるしで えらぶ／スペースで かう／Ｚ で やめる
[spawn] 8月20日 15.00時 ミンミンゼミ @ (-9.5, 0, 5.8)
[spawn] 8月20日 15.00時 ミンミンゼミ @ (-12, 0, 4.2)
[spawn] 8月20日 15.00時 ミンミンゼミ @ (0, 0, -20)
[spawn] 8月20日 15.00時 ミンミンゼミ @ (19, 0, 5)
[spawn] 8月20日 15.00時 ツクツクボウシ @ (-26, 0, -11)
[msg~] 待ち1: ツクツクボウシが 鳴きはじめた。
[msg] 8月20日 15時 | 「また おいで」
[label] 8月20日(日)  15:21  はれ | 「また おいで」
[spawn] 8月20日 16.00時 アブラゼミ @ (-4, 0, -9)
[spawn] 8月20日 16.00時 ミンミンゼミ @ (-8, 0, -18)
[spawn] 8月20日 16.00時 ミンミンゼミ @ (15, 0, -13)
[spawn] 8月20日 16.00時 アブラゼミ @ (-9.5, 0, 5.8)
[msg] 8月20日 16時 | セミの こえが かわった。
[label] 8月20日(日)  16:00  はれ | セミの こえが かわった。
[msg] 8月20日 17時 | 五時の チャイムが 鳴った。
[spawn] 8月20日 17.00時 ヒグラシ @ (15, 0, -13)
[spawn] 8月20日 17.00時 ヒグラシ @ (0, 0, -20)
[spawn] 8月20日 17.00時 ヒグラシ @ (-26, 0, -11)
[spawn] 8月20日 17.00時 ヒグラシ @ (19, 0, 5)
[spawn] 8月20日 17.00時 クワガタ @ (19, 0, 5)
[msg~] 待ち2: ヒグラシが 鳴きはじめた。
[label] 8月20日(日)  17:00  はれ | 五時の チャイムが 鳴った。
[msg] 8月20日 17時 | 「あの 電柱、わしより 年下なんだ」
[label] 8月20日(日)  17:52  はれ | 「あの 電柱、わしより 年下なんだ」
[diary] 【日記】8月20日(日) / きょうは セミが とれなかった。 / あと 4日で なつまつり。 / あしたは なにを しようかな。
[spawn] 8月21日 8.00時 クマゼミ @ (15, 0, -13)
[spawn] 8月21日 8.00時 クマゼミ @ (-26, 0, -11)
[spawn] 8月21日 8.00時 クマゼミ @ (-8, 0, -18)
[spawn] 8月21日 8.00時 クマゼミ @ (-6, 0, 4.6)
[spawn] 8月21日 8.00時 カブトムシ @ (19, 0, 5)
[msg] 8月21日 08時 | 8月21日の あさ。 / せんたくものが、もう ほされて いる。
[label] 8月20日(日)  19:00  はれ | 8月21日の あさ。 / せんたくものが、もう ほされて いる。
[day] 8月21日(月)  08:01  はれ  (t=580.8s)
[spawn] 8月21日 9.50時 クマゼミ @ (15, 0, -13)
[spawn] 8月21日 9.50時 クマゼミ @ (-26, 0, -11)
[spawn] 8月21日 9.50時 クマゼミ @ (-8, 0, -18)
[spawn] 8月21日 9.50時 クマゼミ @ (-6, 0, 4.6)
[msg] 8月21日 09時 | 「ラジオたいそう、行った？ / はんこ もらえるうちに 行きなさい」
[label] 8月21日(月)  09:40  はれ | 「ラジオたいそう、行った？ / はんこ もらえるうちに 行きなさい」
[spawn] 8月21日 10.00時 クマゼミ @ (15, 0, -13)
[spawn] 8月21日 10.00時 クマゼミ @ (-26, 0, -11)
[spawn] 8月21日 10.00時 クマゼミ @ (-8, 0, -18)
[spawn] 8月21日 10.00時 クマゼミ @ (-6, 0, 4.6)
[spawn] 8月21日 10.00時 ミンミンゼミ @ (-4, 0, -9)
[msg~] 待ち1: アブラゼミが 鳴きはじめた。
[msg] 8月21日 10時 | 「せんたくもの、はやく 入れなさいって / おかあさんに 言っといて」
[label] 8月21日(月)  10:25  はれ | 「せんたくもの、はやく 入れなさいって / おかあさんに 言っといて」
[spawn] 8月21日 11.00時 ミンミンゼミ @ (-6, 0, 4.6)
[spawn] 8月21日 11.00時 クマゼミ @ (15, 0, -13)
[spawn] 8月21日 11.00時 アブラゼミ @ (-12, 0, 4.2)
[spawn] 8月21日 11.00時 ミンミンゼミ @ (-4, 0, -9)
[msg~] 待ち2: ニイニイゼミの こえが やんだ。
[msg] 8月21日 11時 | 2つ 咲いて いた。 / あさの うちだけの 色だ。
[label] 8月21日(月)  11:48  はれ | 2つ 咲いて いた。 / あさの うちだけの 色だ。
[spawn] 8月21日 13.00時 ミンミンゼミ @ (-6, 0, 4.6)
[spawn] 8月21日 13.00時 アブラゼミ @ (-12, 0, 4.2)
[spawn] 8月21日 13.00時 ミンミンゼミ @ (-4, 0, -9)
[msg] 8月21日 13時 | クマゼミの こえが やんだ。
[label] 8月21日(月)  13:00  はれ | クマゼミの こえが やんだ。
[msg] 8月21日 13時 | 「そこの 木は、まいとし よく 鳴くんだよ。 / 毎年、おなじ 木でね」
[label] 8月21日(月)  13:52  はれ | 「そこの 木は、まいとし よく 鳴くんだよ。 / 毎年、おなじ 木でね」
[msg] 8月21日 14時 | おこづかい 900円 / ▶ ラムネ　100円 / 　 あたりくじ　20円 / 　 アイス　50円 / やじるしで えらぶ／スペースで かう／Ｚ で やめる
[label] 8月21日(月)  14:42  はれ | おこづかい 900円 / ▶ ラムネ　100円 / 　 あたりくじ　20円 / 　 アイス　50円 / やじるしで えらぶ／スペースで かう／Ｚ で やめる
[spawn] 8月21日 15.00時 ミンミンゼミ @ (-6, 0, 4.6)
[spawn] 8月21日 15.00時 アブラゼミ @ (-12, 0, 4.2)
[spawn] 8月21日 15.00時 ミンミンゼミ @ (-4, 0, -9)
[spawn] 8月21日 15.00時 ツクツクボウシ @ (19, 0, 5)
[msg~] 待ち1: ツクツクボウシが 鳴きはじめた。
[msg] 8月21日 15時 | 「また おいで」
[label] 8月21日(月)  15:21  はれ | 「また おいで」
[spawn] 8月21日 16.00時 アブラゼミ @ (-12, 0, 4.2)
[spawn] 8月21日 16.00時 アブラゼミ @ (-26, 0, -11)
[spawn] 8月21日 16.00時 ツクツクボウシ @ (-4, 0, -9)
[spawn] 8月21日 16.00時 ツクツクボウシ @ (0, 0, -20)
[msg] 8月21日 16時 | セミの こえが かわった。
[label] 8月21日(月)  16:00  はれ | セミの こえが かわった。
[msg] 8月21日 17時 | 五時の チャイムが 鳴った。
[spawn] 8月21日 17.00時 ツクツクボウシ @ (-4, 0, -9)
[spawn] 8月21日 17.00時 ツクツクボウシ @ (0, 0, -20)
[spawn] 8月21日 17.00時 ヒグラシ @ (-8, 0, -18)
[spawn] 8月21日 17.00時 ヒグラシ @ (-12, 0, 4.2)
[spawn] 8月21日 17.00時 カブトムシ @ (19, 0, 5)
[msg~] 待ち2: ヒグラシが 鳴きはじめた。
[label] 8月21日(月)  17:00  はれ | 五時の チャイムが 鳴った。
[msg] 8月21日 17時 | 「この あつさは、むかしの 夏には なかったよ」
[label] 8月21日(月)  17:52  はれ | 「この あつさは、むかしの 夏には なかったよ」
[diary] 【日記】8月21日(月) / きょうは セミが とれなかった。 / あと 3日で なつまつり。 / あしたは なにを しようかな。
[spawn] 8月22日 8.00時 クマゼミ @ (27, 0, -4)
[spawn] 8月22日 8.00時 クマゼミ @ (0, 0, -20)
[spawn] 8月22日 8.00時 ニイニイゼミ @ (-26, 0, -11)
[spawn] 8月22日 8.00時 クマゼミ @ (15, 0, -13)
[spawn] 8月22日 8.00時 クワガタ @ (19, 0, 5)
[spawn] 8月22日 8.00時 カブトムシ @ (19, 0, 5)
[msg] 8月22日 08時 | 8月22日の あさ。 / とおくで 工事の 音が している。
[label] 8月21日(月)  19:00  はれ | 8月22日の あさ。 / とおくで 工事の 音が している。
[day] 8月22日(火)  08:01  くもり  (t=609.8s)
[spawn] 8月22日 9.50時 クマゼミ @ (27, 0, -4)
[spawn] 8月22日 9.50時 クマゼミ @ (0, 0, -20)
[spawn] 8月22日 9.50時 ニイニイゼミ @ (-26, 0, -11)
[spawn] 8月22日 9.50時 クマゼミ @ (15, 0, -13)
[msg] 8月22日 09時 | 「うちの 子は もう おきないの。 / えらいわねえ、あなたは」
[label] 8月22日(火)  09:40  くもり | 「うちの 子は もう おきないの。 / えらいわねえ、あなたは」
[spawn] 8月22日 10.00時 クマゼミ @ (27, 0, -4)
[spawn] 8月22日 10.00時 クマゼミ @ (0, 0, -20)
[spawn] 8月22日 10.00時 ニイニイゼミ @ (-26, 0, -11)
[spawn] 8月22日 10.00時 クマゼミ @ (15, 0, -13)
[spawn] 8月22日 10.00時 アブラゼミ @ (-4, 0, -9)
[msg~] 待ち1: アブラゼミが 鳴きはじめた。
[msg] 8月22日 10時 | 「ぼうや、水分は とってる？」
[label] 8月22日(火)  10:25  くもり | 「ぼうや、水分は とってる？」
[spawn] 8月22日 11.00時 クマゼミ @ (15, 0, -13)
[spawn] 8月22日 11.00時 アブラゼミ @ (-8, 0, -18)
[spawn] 8月22日 11.00時 クマゼミ @ (27, 0, -4)
[spawn] 8月22日 11.00時 ミンミンゼミ @ (-26, 0, -11)
[msg~] 待ち2: ニイニイゼミの こえが やんだ。
[msg] 8月22日 11時 | きょうは ひとつも 咲いて いない。 / そういう 朝も ある。
[label] 8月22日(火)  11:48  くもり | きょうは ひとつも 咲いて いない。 / そういう 朝も ある。
[spawn] 8月22日 13.00時 アブラゼミ @ (-8, 0, -18)
[spawn] 8月22日 13.00時 ミンミンゼミ @ (-26, 0, -11)
[msg] 8月22日 13時 | クマゼミの こえが やんだ。
[label] 8月22日(火)  13:00  くもり | クマゼミの こえが やんだ。
[msg] 8月22日 13時 | 「ゆっくり おいき。 / 夏は、いそぐと おわるのが 早い」
[label] 8月22日(火)  13:52  くもり | 「ゆっくり おいき。 / 夏は、いそぐと おわるのが 早い」
[msg] 8月22日 14時 | おこづかい 900円 / ▶ ラムネ　100円 / 　 あたりくじ　20円 / 　 アイス　50円 / やじるしで えらぶ／スペースで かう／Ｚ で やめる
[label] 8月22日(火)  14:42  くもり | おこづかい 900円 / ▶ ラムネ　100円 / 　 あたりくじ　20円 / 　 アイス　50円 / やじるしで えらぶ／スペースで かう／Ｚ で やめる
[spawn] 8月22日 15.00時 アブラゼミ @ (-8, 0, -18)
[spawn] 8月22日 15.00時 ミンミンゼミ @ (-26, 0, -11)
[spawn] 8月22日 15.00時 ツクツクボウシ @ (-4, 0, -9)
[spawn] 8月22日 15.00時 ツクツクボウシ @ (19, 0, 5)
[msg~] 待ち1: ツクツクボウシが 鳴きはじめた。
[msg] 8月22日 15時 | 「また おいで」
[label] 8月22日(火)  15:21  くもり | 「また おいで」
[spawn] 8月22日 16.00時 アブラゼミ @ (-26, 0, -11)
[spawn] 8月22日 16.00時 ツクツクボウシ @ (-4, 0, -9)
[spawn] 8月22日 16.00時 アブラゼミ @ (15, 0, -13)
[spawn] 8月22日 16.00時 アブラゼミ @ (0, 0, -20)
[msg] 8月22日 16時 | セミの こえが かわった。
[label] 8月22日(火)  16:00  くもり | セミの こえが かわった。
[msg] 8月22日 17時 | 五時の チャイムが 鳴った。
[spawn] 8月22日 17.00時 ツクツクボウシ @ (-4, 0, -9)
[spawn] 8月22日 17.00時 ヒグラシ @ (0, 0, -20)
[spawn] 8月22日 17.00時 ヒグラシ @ (27, 0, -4)
[spawn] 8月22日 17.00時 ヒグラシ @ (-26, 0, -11)
[spawn] 8月22日 17.00時 カブトムシ @ (19, 0, 5)
[spawn] 8月22日 17.00時 クワガタ @ (19, 0, 5)
[msg~] 待ち2: ヒグラシが 鳴きはじめた。
[label] 8月22日(火)  17:00  くもり | 五時の チャイムが 鳴った。
[msg] 8月22日 17時 | 「この先の 空き地は、ずっと 田んぼだったんだ」
[label] 8月22日(火)  17:52  くもり | 「この先の 空き地は、ずっと 田んぼだったんだ」
[diary] 【日記】8月22日(火) / きょうは セミが とれなかった。 / あと 2日で なつまつり。 / あしたは なにを しようかな。
[spawn] 8月23日 8.00時 ニイニイゼミ @ (19, 0, 5)
[spawn] 8月23日 8.00時 ニイニイゼミ @ (-4, 0, -9)
[spawn] 8月23日 8.00時 クマゼミ @ (-12, 0, 4.2)
[spawn] 8月23日 8.00時 クマゼミ @ (-9.5, 0, 5.8)
[spawn] 8月23日 8.00時 カブトムシ @ (19, 0, 5)
[spawn] 8月23日 8.00時 カブトムシ @ (19, 0, 5)
[msg] 8月23日 08時 | 8月23日の あさ。 / きのうの ことを、少し わすれて いる。
[label] 8月22日(火)  19:00  くもり | 8月23日の あさ。 / きのうの ことを、少し わすれて いる。
[day] 8月23日(水)  08:01  はれ  (t=638.8s)
[spawn] 8月23日 9.50時 ニイニイゼミ @ (19, 0, 5)
[spawn] 8月23日 9.50時 ニイニイゼミ @ (-4, 0, -9)
[spawn] 8月23日 9.50時 クマゼミ @ (-12, 0, 4.2)
[spawn] 8月23日 9.50時 クマゼミ @ (-9.5, 0, 5.8)
[msg] 8月23日 09時 | 「あそこの 木、また セミが すごいのよ」
[label] 8月23日(水)  09:40  はれ | 「あそこの 木、また セミが すごいのよ」
[spawn] 8月23日 10.00時 ニイニイゼミ @ (19, 0, 5)
[spawn] 8月23日 10.00時 ニイニイゼミ @ (-4, 0, -9)
[spawn] 8月23日 10.00時 クマゼミ @ (-12, 0, 4.2)
[spawn] 8月23日 10.00時 クマゼミ @ (-9.5, 0, 5.8)
[spawn] 8月23日 10.00時 アブラゼミ @ (-6, 0, 4.6)
[msg~] 待ち1: アブラゼミが 鳴きはじめた。
[msg] 8月23日 10時 | 「なつまつりの 提灯、もう ついてたわ」
[label] 8月23日(水)  10:25  はれ | 「なつまつりの 提灯、もう ついてたわ」
[spawn] 8月23日 11.00時 クマゼミ @ (-9.5, 0, 5.8)
[spawn] 8月23日 11.00時 クマゼミ @ (-12, 0, 4.2)
[spawn] 8月23日 11.00時 ミンミンゼミ @ (19, 0, 5)
[spawn] 8月23日 11.00時 クマゼミ @ (0, 0, -20)
[msg~] 待ち2: ニイニイゼミの こえが やんだ。
[msg] 8月23日 11時 | 2つ 咲いて いた。 / あさの うちだけの 色だ。
[label] 8月23日(水)  11:48  はれ | 2つ 咲いて いた。 / あさの うちだけの 色だ。
[msg] 8月23日 12時 | じはんきの したに 十円。 / もらって おこう。
[label] 8月23日(水)  12:48  はれ | じはんきの したに 十円。 / もらって おこう。
[spawn] 8月23日 13.00時 ミンミンゼミ @ (19, 0, 5)
[msg~] 待ち2: クマゼミの こえが やんだ。
[msg] 8月23日 13時 | 「なつまつり、いくのかい。 / うちも 屋台を 出すよ」
[label] 8月23日(水)  13:52  はれ | 「なつまつり、いくのかい。 / うちも 屋台を 出すよ」
[msg] 8月23日 14時 | おこづかい 900円 / ▶ ラムネ　100円 / 　 あたりくじ　20円 / 　 アイス　50円 / やじるしで えらぶ／スペースで かう／Ｚ で やめる
[label] 8月23日(水)  14:42  はれ | おこづかい 900円 / ▶ ラムネ　100円 / 　 あたりくじ　20円 / 　 アイス　50円 / やじるしで えらぶ／スペースで かう／Ｚ で やめる
[spawn] 8月23日 15.00時 ミンミンゼミ @ (19, 0, 5)
[spawn] 8月23日 15.00時 ツクツクボウシ @ (-26, 0, -11)
[spawn] 8月23日 15.00時 ツクツクボウシ @ (-9.5, 0, 5.8)
[spawn] 8月23日 15.00時 ツクツクボウシ @ (-12, 0, 4.2)
[msg~] 待ち2: ツクツクボウシが 鳴きはじめた。
[msg] 8月23日 15時 | 「また おいで」
[label] 8月23日(水)  15:21  はれ | 「また おいで」
[spawn] 8月23日 16.00時 アブラゼミ @ (0, 0, -20)
[spawn] 8月23日 16.00時 ツクツクボウシ @ (27, 0, -4)
[spawn] 8月23日 16.00時 ツクツクボウシ @ (-4, 0, -9)
[spawn] 8月23日 16.00時 アブラゼミ @ (-6, 0, 4.6)
[msg] 8月23日 16時 | セミの こえが かわった。
[label] 8月23日(水)  16:00  はれ | セミの こえが かわった。
[msg] 8月23日 17時 | 五時の チャイムが 鳴った。
[spawn] 8月23日 17.00時 ツクツクボウシ @ (27, 0, -4)
[spawn] 8月23日 17.00時 ツクツクボウシ @ (-4, 0, -9)
[spawn] 8月23日 17.00時 ヒグラシ @ (-8, 0, -18)
[spawn] 8月23日 17.00時 ヒグラシ @ (0, 0, -20)
[spawn] 8月23日 17.00時 クワガタ @ (19, 0, 5)
[msg~] 待ち2: ヒグラシが 鳴きはじめた。
[label] 8月23日(水)  17:00  はれ | 五時の チャイムが 鳴った。
[msg] 8月23日 17時 | 「新聞は 朝に よむと きまってる。 / ここが いちばん すずしい」
[label] 8月23日(水)  17:52  はれ | 「新聞は 朝に よむと きまってる。 / ここが いちばん すずしい」
[diary] 【日記】8月23日(水) / きょうは セミが とれなかった。 / あと 1日で なつまつり。 / あしたは なにを しようかな。
[spawn] 8月24日 8.00時 クマゼミ @ (-8, 0, -18)
[spawn] 8月24日 8.00時 ニイニイゼミ @ (0, 0, -20)
[spawn] 8月24日 8.00時 クマゼミ @ (-4, 0, -9)
[spawn] 8月24日 8.00時 ニイニイゼミ @ (27, 0, -4)
[spawn] 8月24日 8.00時 クワガタ @ (19, 0, 5)
[msg] 8月24日 08時 | きょうは なつまつり。 / 夕方に はなびが 上がるらしい。
[label] 8月23日(水)  19:00  はれ | きょうは なつまつり。 / 夕方に はなびが 上がるらしい。
[day] 8月24日(木)  08:01  はれ  (t=667.9s)
[spawn] 8月24日 9.50時 クマゼミ @ (-8, 0, -18)
[spawn] 8月24日 9.50時 ニイニイゼミ @ (0, 0, -20)
[spawn] 8月24日 9.50時 クマゼミ @ (-4, 0, -9)
[spawn] 8月24日 9.50時 ニイニイゼミ @ (27, 0, -4)
[msg] 8月24日 09時 | 「夕立が くるかも しれないわ。 / かさ、もってる？」
[label] 8月24日(木)  09:40  はれ | 「夕立が くるかも しれないわ。 / かさ、もってる？」
[spawn] 8月24日 10.00時 クマゼミ @ (-8, 0, -18)
[spawn] 8月24日 10.00時 ニイニイゼミ @ (0, 0, -20)
[spawn] 8月24日 10.00時 クマゼミ @ (-4, 0, -9)
[spawn] 8月24日 10.00時 ニイニイゼミ @ (27, 0, -4)
[spawn] 8月24日 10.00時 ミンミンゼミ @ (19, 0, 5)
[msg~] 待ち1: アブラゼミが 鳴きはじめた。
[msg] 8月24日 10時 | 「たまごが 安いのよ、きょう。 / いそがないと なくなる」
[label] 8月24日(木)  10:25  はれ | 「たまごが 安いのよ、きょう。 / いそがないと なくなる」
[spawn] 8月24日 11.00時 ミンミンゼミ @ (-9.5, 0, 5.8)
[spawn] 8月24日 11.00時 クマゼミ @ (-6, 0, 4.6)
[spawn] 8月24日 11.00時 アブラゼミ @ (0, 0, -20)
[spawn] 8月24日 11.00時 ミンミンゼミ @ (19, 0, 5)
[msg~] 待ち2: ニイニイゼミの こえが やんだ。
[msg] 8月24日 11時 | 3つ 咲いて いた。 / あさの うちだけの 色だ。
[label] 8月24日(木)  11:48  はれ | 3つ 咲いて いた。 / あさの うちだけの 色だ。
[spawn] 8月24日 13.00時 ミンミンゼミ @ (-9.5, 0, 5.8)
[spawn] 8月24日 13.00時 アブラゼミ @ (0, 0, -20)
[spawn] 8月24日 13.00時 ミンミンゼミ @ (19, 0, 5)
[msg] 8月24日 13時 | クマゼミの こえが やんだ。
[label] 8月24日(木)  13:00  はれ | クマゼミの こえが やんだ。
[msg] 8月24日 13時 | 「おや、また 来たね。 / おぼえて いてくれるのは うれしいもんだ」
[label] 8月24日(木)  13:52  はれ | 「おや、また 来たね。 / おぼえて いてくれるのは うれしいもんだ」
[msg] 8月24日 14時 | なつまつり　おこづかい 900円 / ▶ かき氷　100円 / 　 りんご飴　150円 / 　 金魚すくい　200円 / やじるしで えらぶ／スペースで かう／Ｚ で やめる
[label] 8月24日(木)  14:42  はれ | なつまつり　おこづかい 900円 / ▶ かき氷　100円 / 　 りんご飴　150円 / 　 金魚すくい　200円 / やじるしで えらぶ／スペースで かう／Ｚ で やめる
[spawn] 8月24日 15.00時 ミンミンゼミ @ (-9.5, 0, 5.8)
[spawn] 8月24日 15.00時 アブラゼミ @ (0, 0, -20)
[spawn] 8月24日 15.00時 ミンミンゼミ @ (19, 0, 5)
[spawn] 8月24日 15.00時 ツクツクボウシ @ (-12, 0, 4.2)
[msg~] 待ち1: ツクツクボウシが 鳴きはじめた。
[msg] 8月24日 15時 | 「また おいで」
[label] 8月24日(木)  15:21  はれ | 「また おいで」
[spawn] 8月24日 16.00時 ツクツクボウシ @ (15, 0, -13)
[spawn] 8月24日 16.00時 アブラゼミ @ (-26, 0, -11)
[spawn] 8月24日 16.00時 ミンミンゼミ @ (27, 0, -4)
[spawn] 8月24日 16.00時 ミンミンゼミ @ (-6, 0, 4.6)
[msg] 8月24日 16時 | セミの こえが かわった。
[label] 8月24日(木)  16:00  はれ | セミの こえが かわった。
[msg] 8月24日 17時 | 五時の チャイムが 鳴った。
[spawn] 8月24日 17.00時 ツクツクボウシ @ (15, 0, -13)
[spawn] 8月24日 17.00時 ヒグラシ @ (-6, 0, 4.6)
[spawn] 8月24日 17.00時 ヒグラシ @ (-9.5, 0, 5.8)
[spawn] 8月24日 17.00時 ヒグラシ @ (-4, 0, -9)
[spawn] 8月24日 17.00時 カブトムシ @ (19, 0, 5)
[spawn] 8月24日 17.00時 カブトムシ @ (19, 0, 5)
[msg~] 待ち2: ヒグラシが 鳴きはじめた。
[label] 8月24日(木)  17:00  はれ | 五時の チャイムが 鳴った。
[msg] 8月24日 17時 | 「学校は どうだい。 / ……ああ、なつやすみか」
[label] 8月24日(木)  17:52  はれ | 「学校は どうだい。 / ……ああ、なつやすみか」
[diary] 【日記】8月24日(木) / きょうは セミが とれなかった。 / なつまつりの はなび。ずっと 見あげて いた。 / あしたは なにを しようかな。
[spawn] 8月25日 8.00時 ニイニイゼミ @ (-9.5, 0, 5.8)
[spawn] 8月25日 8.00時 ニイニイゼミ @ (-8, 0, -18)
[spawn] 8月25日 8.00時 クマゼミ @ (0, 0, -20)
[spawn] 8月25日 8.00時 クマゼミ @ (-12, 0, 4.2)
[spawn] 8月25日 8.00時 クワガタ @ (19, 0, 5)
[spawn] 8月25日 8.00時 クワガタ @ (19, 0, 5)
[msg] 8月25日 08時 | 8月25日の あさ。 / あさの うちは、まだ すずしい。
[label] 8月24日(木)  19:00  はれ | 8月25日の あさ。 / あさの うちは、まだ すずしい。
[day] 8月25日(金)  08:01  くもり  (t=696.9s)
[spawn] 8月25日 9.50時 ニイニイゼミ @ (-9.5, 0, 5.8)
[spawn] 8月25日 9.50時 ニイニイゼミ @ (-8, 0, -18)
[spawn] 8月25日 9.50時 クマゼミ @ (0, 0, -20)
[spawn] 8月25日 9.50時 クマゼミ @ (-12, 0, 4.2)
[msg] 8月25日 09時 | 「そうそう、それでね——」
[label] 8月25日(金)  09:40  くもり | 「そうそう、それでね——」
[spawn] 8月25日 10.00時 ニイニイゼミ @ (-9.5, 0, 5.8)
[spawn] 8月25日 10.00時 ニイニイゼミ @ (-8, 0, -18)
[spawn] 8月25日 10.00時 クマゼミ @ (0, 0, -20)
[spawn] 8月25日 10.00時 クマゼミ @ (-12, 0, 4.2)
[spawn] 8月25日 10.00時 ミンミンゼミ @ (27, 0, -4)
[msg~] 待ち1: アブラゼミが 鳴きはじめた。
[msg] 8月25日 10時 | 「おおきく なったわねえ。 / この前まで だっこして たのに」
[label] 8月25日(金)  10:25  くもり | 「おおきく なったわねえ。 / この前まで だっこして たのに」
[spawn] 8月25日 11.00時 クマゼミ @ (-26, 0, -11)
[spawn] 8月25日 11.00時 アブラゼミ @ (-8, 0, -18)
[spawn] 8月25日 11.00時 クマゼミ @ (27, 0, -4)
[spawn] 8月25日 11.00時 ミンミンゼミ @ (-6, 0, 4.6)
[msg~] 待ち2: ニイニイゼミの こえが やんだ。
[msg] 8月25日 11時 | 3つ 咲いて いた。 / あさの うちだけの 色だ。
[label] 8月25日(金)  11:48  くもり | 3つ 咲いて いた。 / あさの うちだけの 色だ。
[spawn] 8月25日 13.00時 アブラゼミ @ (-8, 0, -18)
[spawn] 8月25日 13.00時 ミンミンゼミ @ (-6, 0, 4.6)
[msg] 8月25日 13時 | クマゼミの こえが やんだ。
[label] 8月25日(金)  13:00  くもり | クマゼミの こえが やんだ。
[msg] 8月25日 13時 | 「あついねえ。 / ラムネ、ひやして あるよ」
[label] 8月25日(金)  13:52  くもり | 「あついねえ。 / ラムネ、ひやして あるよ」
[msg] 8月25日 14時 | おこづかい 900円 / ▶ ラムネ　100円 / 　 あたりくじ　20円 / 　 アイス　50円 / やじるしで えらぶ／スペースで かう／Ｚ で やめる
[label] 8月25日(金)  14:42  くもり | おこづかい 900円 / ▶ ラムネ　100円 / 　 あたりくじ　20円 / 　 アイス　50円 / やじるしで えらぶ／スペースで かう／Ｚ で やめる
[spawn] 8月25日 15.00時 アブラゼミ @ (-8, 0, -18)
[spawn] 8月25日 15.00時 ミンミンゼミ @ (-6, 0, 4.6)
[spawn] 8月25日 15.00時 ツクツクボウシ @ (-26, 0, -11)
[spawn] 8月25日 15.00時 ツクツクボウシ @ (15, 0, -13)
[msg~] 待ち1: ツクツクボウシが 鳴きはじめた。
[msg] 8月25日 15時 | 「また おいで」
[label] 8月25日(金)  15:21  くもり | 「また おいで」
[spawn] 8月25日 16.00時 アブラゼミ @ (0, 0, -20)
[spawn] 8月25日 16.00時 ミンミンゼミ @ (27, 0, -4)
[spawn] 8月25日 16.00時 アブラゼミ @ (19, 0, 5)
[spawn] 8月25日 16.00時 ミンミンゼミ @ (-8, 0, -18)
[msg] 8月25日 16時 | セミの こえが かわった。
[label] 8月25日(金)  16:00  くもり | セミの こえが かわった。
[msg] 8月25日 17時 | 五時の チャイムが 鳴った。
[spawn] 8月25日 17.00時 ヒグラシ @ (19, 0, 5)
[spawn] 8月25日 17.00時 ヒグラシ @ (15, 0, -13)
[spawn] 8月25日 17.00時 ヒグラシ @ (27, 0, -4)
[spawn] 8月25日 17.00時 ヒグラシ @ (0, 0, -20)
[spawn] 8月25日 17.00時 クワガタ @ (19, 0, 5)
[msg~] 待ち2: ヒグラシが 鳴きはじめた。
[label] 8月25日(金)  17:00  くもり | 五時の チャイムが 鳴った。
[msg] 8月25日 17時 | 「あの 電柱、わしより 年下なんだ」
[label] 8月25日(金)  17:52  くもり | 「あの 電柱、わしより 年下なんだ」
[diary] 【日記】8月25日(金) / きょうは セミが とれなかった。 / あさがおが 3つ 咲いて いた。 / あしたは なにを しようかな。
[spawn] 8月26日 8.00時 クマゼミ @ (0, 0, -20)
[spawn] 8月26日 8.00時 クマゼミ @ (-6, 0, 4.6)
[spawn] 8月26日 8.00時 クマゼミ @ (-12, 0, 4.2)
[spawn] 8月26日 8.00時 ニイニイゼミ @ (-26, 0, -11)
[spawn] 8月26日 8.00時 カブトムシ @ (19, 0, 5)
[msg] 8月26日 08時 | 8月26日の あさ。 / きょうは どこへ いこう。
[label] 8月25日(金)  19:00  くもり | 8月26日の あさ。 / きょうは どこへ いこう。
[day] 8月26日(土)  08:01  はれ  (t=725.9s)
[spawn] 8月26日 9.50時 クマゼミ @ (0, 0, -20)
[spawn] 8月26日 9.50時 クマゼミ @ (-6, 0, 4.6)
[spawn] 8月26日 9.50時 クマゼミ @ (-12, 0, 4.2)
[spawn] 8月26日 9.50時 ニイニイゼミ @ (-26, 0, -11)
[msg] 8月26日 09時 | 「ラジオたいそう、行った？ / はんこ もらえるうちに 行きなさい」
[label] 8月26日(土)  09:40  はれ | 「ラジオたいそう、行った？ / はんこ もらえるうちに 行きなさい」
[spawn] 8月26日 10.00時 クマゼミ @ (0, 0, -20)
[spawn] 8月26日 10.00時 クマゼミ @ (-6, 0, 4.6)
[spawn] 8月26日 10.00時 クマゼミ @ (-12, 0, 4.2)
[spawn] 8月26日 10.00時 ニイニイゼミ @ (-26, 0, -11)
[spawn] 8月26日 10.00時 ミンミンゼミ @ (15, 0, -13)
[msg~] 待ち1: アブラゼミが 鳴きはじめた。
[msg] 8月26日 10時 | 「せんたくもの、はやく 入れなさいって / おかあさんに 言っといて」
[label] 8月26日(土)  10:25  はれ | 「せんたくもの、はやく 入れなさいって / おかあさんに 言っといて」
[spawn] 8月26日 11.00時 アブラゼミ @ (-6, 0, 4.6)
[spawn] 8月26日 11.00時 クマゼミ @ (15, 0, -13)
[spawn] 8月26日 11.00時 アブラゼミ @ (19, 0, 5)
[spawn] 8月26日 11.00時 アブラゼミ @ (-8, 0, -18)
[msg~] 待ち2: ニイニイゼミの こえが やんだ。
[msg] 8月26日 11時 | 3つ 咲いて いた。 / あさの うちだけの 色だ。
[label] 8月26日(土)  11:48  はれ | 3つ 咲いて いた。 / あさの うちだけの 色だ。
[spawn] 8月26日 13.00時 アブラゼミ @ (-6, 0, 4.6)
[spawn] 8月26日 13.00時 アブラゼミ @ (19, 0, 5)
[spawn] 8月26日 13.00時 アブラゼミ @ (-8, 0, -18)
[msg] 8月26日 13時 | クマゼミの こえが やんだ。
[label] 8月26日(土)  13:00  はれ | クマゼミの こえが やんだ。
[msg] 8月26日 13時 | 「あしたは 雨が くるよ。 / 足が いたむ日は だいたい あたる」
[label] 8月26日(土)  13:52  はれ | 「あしたは 雨が くるよ。 / 足が いたむ日は だいたい あたる」
[msg] 8月26日 14時 | おこづかい 900円 / ▶ ラムネ　100円 / 　 あたりくじ　20円 / 　 アイス　50円 / やじるしで えらぶ／スペースで かう／Ｚ で やめる
[label] 8月26日(土)  14:42  はれ | おこづかい 900円 / ▶ ラムネ　100円 / 　 あたりくじ　20円 / 　 アイス　50円 / やじるしで えらぶ／スペースで かう／Ｚ で やめる
[spawn] 8月26日 15.00時 アブラゼミ @ (-6, 0, 4.6)
[spawn] 8月26日 15.00時 アブラゼミ @ (19, 0, 5)
[spawn] 8月26日 15.00時 アブラゼミ @ (-8, 0, -18)
[spawn] 8月26日 15.00時 ツクツクボウシ @ (27, 0, -4)
[msg~] 待ち1: ツクツクボウシが 鳴きはじめた。
[msg] 8月26日 15時 | 「また おいで」
[label] 8月26日(土)  15:21  はれ | 「また おいで」
[spawn] 8月26日 16.00時 ツクツクボウシ @ (-8, 0, -18)
[spawn] 8月26日 16.00時 ミンミンゼミ @ (-4, 0, -9)
[spawn] 8月26日 16.00時 アブラゼミ @ (-6, 0, 4.6)
[spawn] 8月26日 16.00時 アブラゼミ @ (-26, 0, -11)
[msg] 8月26日 16時 | セミの こえが かわった。
[label] 8月26日(土)  16:00  はれ | セミの こえが かわった。
[msg] 8月26日 17時 | 五時の チャイムが 鳴った。
[spawn] 8月26日 17.00時 ツクツクボウシ @ (-8, 0, -18)
[spawn] 8月26日 17.00時 ヒグラシ @ (0, 0, -20)
[spawn] 8月26日 17.00時 ヒグラシ @ (15, 0, -13)
[spawn] 8月26日 17.00時 ヒグラシ @ (-12, 0, 4.2)
[spawn] 8月26日 17.00時 クワガタ @ (19, 0, 5)
[spawn] 8月26日 17.00時 クワガタ @ (19, 0, 5)
[msg~] 待ち2: ヒグラシが 鳴きはじめた。
[label] 8月26日(土)  17:00  はれ | 五時の チャイムが 鳴った。
[msg] 8月26日 17時 | 「この あつさは、むかしの 夏には なかったよ」
[label] 8月26日(土)  17:52  はれ | 「この あつさは、むかしの 夏には なかったよ」
[diary] 【日記】8月26日(土) / きょうは セミが とれなかった。 / あさがおが 3つ 咲いて いた。 / あしたは なにを しようかな。
[spawn] 8月27日 8.00時 カタツムリ @ (-12, 0, 4.2)
[spawn] 8月27日 8.00時 カタツムリ @ (0, 0, -20)
[spawn] 8月27日 8.00時 カタツムリ @ (27, 0, -4)
[spawn] 8月27日 8.00時 アマガエル @ (15, 0, -13)
[msg] 8月27日 08時 | 8月27日の あさ。 / せんたくものが、もう ほされて いる。
[label] 8月26日(土)  19:00  はれ | 8月27日の あさ。 / せんたくものが、もう ほされて いる。
[day] 8月27日(日)  08:01  雨  (t=755.0s)
[msg] 8月27日 09時 | 「うちの 子は もう おきないの。 / えらいわねえ、あなたは」
[label] 8月27日(日)  09:40  雨 | 「うちの 子は もう おきないの。 / えらいわねえ、あなたは」
[msg] 8月27日 10時 | 「ぼうや、水分は とってる？」
[label] 8月27日(日)  10:25  雨 | 「ぼうや、水分は とってる？」
[spawn] 8月27日 11.00時 アマガエル @ (-4, 0, -9)
[spawn] 8月27日 11.00時 アマガエル @ (19, 0, 5)
[spawn] 8月27日 11.00時 アマガエル @ (-6, 0, 4.6)
[spawn] 8月27日 11.00時 アマガエル @ (-9.5, 0, 5.8)
[msg~] 待ち1: 雨の おとが かわった……
[msg] 8月27日 11時 | 3つ 咲いて いた。 / あさの うちだけの 色だ。
[label] 8月27日(日)  11:48  雨 | 3つ 咲いて いた。 / あさの うちだけの 色だ。
[msg+] 8月27日 13時 | 雨の おとが かわった……
[label] 8月27日(日)  13:35  雨 | 雨の おとが かわった……
[msg~] 待ち1: 「よく 来たね。 / こんな日は、あめの 生きものが 出るよ」
[msg] 8月27日 14時 | おこづかい 900円 / ▶ ラムネ　100円 / 　 あたりくじ　20円 / 　 アイス　50円 / やじるしで えらぶ／スペースで かう／Ｚ で やめる
[label] 8月27日(日)  14:42  雨 | おこづかい 900円 / ▶ ラムネ　100円 / 　 あたりくじ　20円 / 　 アイス　50円 / やじるしで えらぶ／スペースで かう／Ｚ で やめる
[msg] 8月27日 15時 | 「また おいで」
[label] 8月27日(日)  15:21  雨 | 「また おいで」
[spawn] 8月27日 16.00時 アマガエル @ (15, 0, -13)
[spawn] 8月27日 16.00時 カタツムリ @ (27, 0, -4)
[spawn] 8月27日 16.00時 アマガエル @ (-8, 0, -18)
[spawn] 8月27日 16.00時 カタツムリ @ (-9.5, 0, 5.8)
[msg] 8月27日 16時 | 雨の おとが かわった……
[label] 8月27日(日)  16:00  雨 | 雨の おとが かわった……
[msg] 8月27日 17時 | 五時の チャイムが 鳴った。
[label] 8月27日(日)  17:00  雨 | 五時の チャイムが 鳴った。
[msg] 8月27日 17時 | 「この先の 空き地は、ずっと 田んぼだったんだ」
[label] 8月27日(日)  17:52  雨 | 「この先の 空き地は、ずっと 田んぼだったんだ」
[diary] 【日記】8月27日(日) / あめ。セミは 一ぴきも 鳴かなかった。 / あさがおが 3つ 咲いて いた。 / あしたは なにを しようかな。
[spawn] 8月28日 8.00時 クマゼミ @ (-6, 0, 4.6)
[spawn] 8月28日 8.00時 ニイニイゼミ @ (0, 0, -20)
[spawn] 8月28日 8.00時 クマゼミ @ (-12, 0, 4.2)
[spawn] 8月28日 8.00時 クマゼミ @ (-8, 0, -18)
[spawn] 8月28日 8.00時 カブトムシ @ (19, 0, 5)
[spawn] 8月28日 8.00時 カブトムシ @ (19, 0, 5)
[msg] 8月28日 08時 | 8月28日の あさ。 / とおくで 工事の 音が している。
[label] 8月27日(日)  19:00  雨 | 8月28日の あさ。 / とおくで 工事の 音が している。
[day] 8月28日(月)  08:01  はれ  (t=784.0s)
[spawn] 8月28日 9.50時 クマゼミ @ (-6, 0, 4.6)
[spawn] 8月28日 9.50時 ニイニイゼミ @ (0, 0, -20)
[spawn] 8月28日 9.50時 クマゼミ @ (-12, 0, 4.2)
[spawn] 8月28日 9.50時 クマゼミ @ (-8, 0, -18)
[msg] 8月28日 09時 | 「あそこの 木、また セミが すごいのよ」
[label] 8月28日(月)  09:40  はれ | 「あそこの 木、また セミが すごいのよ」
[spawn] 8月28日 10.00時 クマゼミ @ (-6, 0, 4.6)
[spawn] 8月28日 10.00時 ニイニイゼミ @ (0, 0, -20)
[spawn] 8月28日 10.00時 クマゼミ @ (-12, 0, 4.2)
[spawn] 8月28日 10.00時 クマゼミ @ (-8, 0, -18)
[spawn] 8月28日 10.00時 ミンミンゼミ @ (-9.5, 0, 5.8)
[msg~] 待ち1: アブラゼミが 鳴きはじめた。
[msg] 8月28日 10時 | 「なつまつりの 提灯、もう ついてたわ」
[label] 8月28日(月)  10:25  はれ | 「なつまつりの 提灯、もう ついてたわ」
[spawn] 8月28日 11.00時 クマゼミ @ (-4, 0, -9)
[spawn] 8月28日 11.00時 ミンミンゼミ @ (-8, 0, -18)
[spawn] 8月28日 11.00時 ミンミンゼミ @ (0, 0, -20)
[spawn] 8月28日 11.00時 ミンミンゼミ @ (-26, 0, -11)
[msg~] 待ち2: ニイニイゼミの こえが やんだ。
[msg] 8月28日 11時 | 4つ 咲いて いた。 / あさの うちだけの 色だ。
[label] 8月28日(月)  11:48  はれ | 4つ 咲いて いた。 / あさの うちだけの 色だ。
[spawn] 8月28日 13.00時 ミンミンゼミ @ (-8, 0, -18)
[spawn] 8月28日 13.00時 ミンミンゼミ @ (0, 0, -20)
[spawn] 8月28日 13.00時 ミンミンゼミ @ (-26, 0, -11)
[msg] 8月28日 13時 | クマゼミの こえが やんだ。
[label] 8月28日(月)  13:00  はれ | クマゼミの こえが やんだ。
[msg] 8月28日 13時 | 「だんちの 子だろう。 / おかあさんに よろしくね」
[label] 8月28日(月)  13:52  はれ | 「だんちの 子だろう。 / おかあさんに よろしくね」
[msg] 8月28日 14時 | おこづかい 900円 / ▶ ラムネ　100円 / 　 あたりくじ　20円 / 　 アイス　50円 / やじるしで えらぶ／スペースで かう／Ｚ で やめる
[label] 8月28日(月)  14:42  はれ | おこづかい 900円 / ▶ ラムネ　100円 / 　 あたりくじ　20円 / 　 アイス　50円 / やじるしで えらぶ／スペースで かう／Ｚ で やめる
[spawn] 8月28日 15.00時 ミンミンゼミ @ (-8, 0, -18)
[spawn] 8月28日 15.00時 ミンミンゼミ @ (0, 0, -20)
[spawn] 8月28日 15.00時 ミンミンゼミ @ (-26, 0, -11)
[spawn] 8月28日 15.00時 ツクツクボウシ @ (15, 0, -13)
[msg~] 待ち1: ツクツクボウシが 鳴きはじめた。
[msg] 8月28日 15時 | 「また おいで」
[label] 8月28日(月)  15:21  はれ | 「また おいで」
[spawn] 8月28日 16.00時 アブラゼミ @ (-4, 0, -9)
[spawn] 8月28日 16.00時 アブラゼミ @ (0, 0, -20)
[spawn] 8月28日 16.00時 アブラゼミ @ (-6, 0, 4.6)
[spawn] 8月28日 16.00時 ミンミンゼミ @ (-8, 0, -18)
[msg] 8月28日 16時 | セミの こえが かわった。
[label] 8月28日(月)  16:00  はれ | セミの こえが かわった。
[msg] 8月28日 17時 | 五時の チャイムが 鳴った。
[spawn] 8月28日 17.00時 ヒグラシ @ (0, 0, -20)
[spawn] 8月28日 17.00時 ヒグラシ @ (-4, 0, -9)
[spawn] 8月28日 17.00時 ヒグラシ @ (19, 0, 5)
[spawn] 8月28日 17.00時 ヒグラシ @ (27, 0, -4)
[spawn] 8月28日 17.00時 カブトムシ @ (19, 0, 5)
[spawn] 8月28日 17.00時 クワガタ @ (19, 0, 5)
[msg~] 待ち2: ヒグラシが 鳴きはじめた。
[label] 8月28日(月)  17:00  はれ | 五時の チャイムが 鳴った。
[msg] 8月28日 17時 | 「新聞は 朝に よむと きまってる。 / ここが いちばん すずしい」
[label] 8月28日(月)  17:52  はれ | 「新聞は 朝に よむと きまってる。 / ここが いちばん すずしい」
[diary] 【日記】8月28日(月) / きょうは セミが とれなかった。 / あさがおが 4つ 咲いて いた。 / あしたは なにを しようかな。
[spawn] 8月29日 8.00時 クマゼミ @ (-9.5, 0, 5.8)
[spawn] 8月29日 8.00時 クマゼミ @ (-8, 0, -18)
[spawn] 8月29日 8.00時 ニイニイゼミ @ (15, 0, -13)
[spawn] 8月29日 8.00時 クマゼミ @ (-12, 0, 4.2)
[spawn] 8月29日 8.00時 カブトムシ @ (19, 0, 5)
[spawn] 8月29日 8.00時 クワガタ @ (19, 0, 5)
[msg] 8月29日 08時 | 8月29日の あさ。 / しゅくだいの ことは、まだ 考えない。
[label] 8月28日(月)  19:00  はれ | 8月29日の あさ。 / しゅくだいの ことは、まだ 考えない。
[day] 8月29日(火)  08:01  はれ  (t=813.0s)
[spawn] 8月29日 9.50時 クマゼミ @ (-9.5, 0, 5.8)
[spawn] 8月29日 9.50時 クマゼミ @ (-8, 0, -18)
[spawn] 8月29日 9.50時 ニイニイゼミ @ (15, 0, -13)
[spawn] 8月29日 9.50時 クマゼミ @ (-12, 0, 4.2)
[msg] 8月29日 09時 | 「夕立が くるかも しれないわ。 / かさ、もってる？」
[label] 8月29日(火)  09:40  はれ | 「夕立が くるかも しれないわ。 / かさ、もってる？」
[spawn] 8月29日 10.00時 クマゼミ @ (-9.5, 0, 5.8)
[spawn] 8月29日 10.00時 クマゼミ @ (-8, 0, -18)
[spawn] 8月29日 10.00時 ニイニイゼミ @ (15, 0, -13)
[spawn] 8月29日 10.00時 クマゼミ @ (-12, 0, 4.2)
[spawn] 8月29日 10.00時 アブラゼミ @ (27, 0, -4)
[msg~] 待ち1: アブラゼミが 鳴きはじめた。
[msg] 8月29日 10時 | 「たまごが 安いのよ、きょう。 / いそがないと なくなる」
[label] 8月29日(火)  10:25  はれ | 「たまごが 安いのよ、きょう。 / いそがないと なくなる」
[spawn] 8月29日 11.00時 アブラゼミ @ (-12, 0, 4.2)
[spawn] 8月29日 11.00時 ミンミンゼミ @ (0, 0, -20)
[spawn] 8月29日 11.00時 ミンミンゼミ @ (-4, 0, -9)
[spawn] 8月29日 11.00時 アブラゼミ @ (19, 0, 5)
[msg~] 待ち2: ニイニイゼミの こえが やんだ。
[msg] 8月29日 11時 | きょうは ひとつも 咲いて いない。 / そういう 朝も ある。
[label] 8月29日(火)  11:48  はれ | きょうは ひとつも 咲いて いない。 / そういう 朝も ある。
[spawn] 8月29日 13.00時 アブラゼミ @ (-12, 0, 4.2)
[spawn] 8月29日 13.00時 ミンミンゼミ @ (0, 0, -20)
[spawn] 8月29日 13.00時 ミンミンゼミ @ (-4, 0, -9)
[spawn] 8月29日 13.00時 アブラゼミ @ (19, 0, 5)
[msg] 8月29日 13時 | クマゼミの こえが やんだ。
[label] 8月29日(火)  13:00  はれ | クマゼミの こえが やんだ。
[msg] 8月29日 13時 | 「そこの 木は、まいとし よく 鳴くんだよ。 / 毎年、おなじ 木でね」
[label] 8月29日(火)  13:52  はれ | 「そこの 木は、まいとし よく 鳴くんだよ。 / 毎年、おなじ 木でね」
[msg] 8月29日 14時 | おこづかい 900円 / ▶ ラムネ　100円 / 　 あたりくじ　20円 / 　 アイス　50円 / やじるしで えらぶ／スペースで かう／Ｚ で やめる
[label] 8月29日(火)  14:42  はれ | おこづかい 900円 / ▶ ラムネ　100円 / 　 あたりくじ　20円 / 　 アイス　50円 / やじるしで えらぶ／スペースで かう／Ｚ で やめる
[spawn] 8月29日 15.00時 アブラゼミ @ (-12, 0, 4.2)
[spawn] 8月29日 15.00時 ミンミンゼミ @ (0, 0, -20)
[spawn] 8月29日 15.00時 ミンミンゼミ @ (-4, 0, -9)
[spawn] 8月29日 15.00時 アブラゼミ @ (19, 0, 5)
[spawn] 8月29日 15.00時 ツクツクボウシ @ (15, 0, -13)
[msg~] 待ち1: ツクツクボウシが 鳴きはじめた。
[msg] 8月29日 15時 | 「また おいで」
[label] 8月29日(火)  15:21  はれ | 「また おいで」
[spawn] 8月29日 16.00時 ミンミンゼミ @ (-6, 0, 4.6)
[spawn] 8月29日 16.00時 アブラゼミ @ (-26, 0, -11)
[spawn] 8月29日 16.00時 ミンミンゼミ @ (15, 0, -13)
[spawn] 8月29日 16.00時 ツクツクボウシ @ (27, 0, -4)
[msg] 8月29日 16時 | セミの こえが かわった。
[label] 8月29日(火)  16:00  はれ | セミの こえが かわった。
[msg] 8月29日 17時 | 五時の チャイムが 鳴った。
[spawn] 8月29日 17.00時 ツクツクボウシ @ (27, 0, -4)
[spawn] 8月29日 17.00時 ヒグラシ @ (-4, 0, -9)
[spawn] 8月29日 17.00時 ヒグラシ @ (-8, 0, -18)
[spawn] 8月29日 17.00時 ヒグラシ @ (19, 0, 5)
[spawn] 8月29日 17.00時 カブトムシ @ (19, 0, 5)
[spawn] 8月29日 17.00時 カブトムシ @ (19, 0, 5)
[msg~] 待ち2: ヒグラシが 鳴きはじめた。
[label] 8月29日(火)  17:00  はれ | 五時の チャイムが 鳴った。
[msg] 8月29日 17時 | 「学校は どうだい。 / ……ああ、なつやすみか」
[label] 8月29日(火)  17:52  はれ | 「学校は どうだい。 / ……ああ、なつやすみか」
[diary] 【日記】8月29日(火) / きょうは セミが とれなかった。 / だがしやの おばあさんと はなした。 / あしたは なにを しようかな。
[spawn] 8月30日 8.00時 ニイニイゼミ @ (-9.5, 0, 5.8)
[spawn] 8月30日 8.00時 クマゼミ @ (0, 0, -20)
[spawn] 8月30日 8.00時 ニイニイゼミ @ (-12, 0, 4.2)
[spawn] 8月30日 8.00時 クマゼミ @ (27, 0, -4)
[spawn] 8月30日 8.00時 カブトムシ @ (19, 0, 5)
[spawn] 8月30日 8.00時 カブトムシ @ (19, 0, 5)
[msg] 8月30日 08時 | 8月30日の あさ。 / あと ふつか。
[label] 8月29日(火)  19:00  はれ | 8月30日の あさ。 / あと ふつか。
[day] 8月30日(水)  08:01  くもり  (t=842.1s)
[spawn] 8月30日 9.50時 ニイニイゼミ @ (-9.5, 0, 5.8)
[spawn] 8月30日 9.50時 クマゼミ @ (0, 0, -20)
[spawn] 8月30日 9.50時 ニイニイゼミ @ (-12, 0, 4.2)
[spawn] 8月30日 9.50時 クマゼミ @ (27, 0, -4)
[msg] 8月30日 09時 | 「そうそう、それでね——」
[label] 8月30日(水)  09:40  くもり | 「そうそう、それでね——」
[spawn] 8月30日 10.00時 ニイニイゼミ @ (-9.5, 0, 5.8)
[spawn] 8月30日 10.00時 クマゼミ @ (0, 0, -20)
[spawn] 8月30日 10.00時 ニイニイゼミ @ (-12, 0, 4.2)
[spawn] 8月30日 10.00時 クマゼミ @ (27, 0, -4)
[spawn] 8月30日 10.00時 ミンミンゼミ @ (-26, 0, -11)
[msg~] 待ち1: アブラゼミが 鳴きはじめた。
[msg] 8月30日 10時 | 「おおきく なったわねえ。 / この前まで だっこして たのに」
[label] 8月30日(水)  10:25  くもり | 「おおきく なったわねえ。 / この前まで だっこして たのに」
[spawn] 8月30日 11.00時 クマゼミ @ (27, 0, -4)
[spawn] 8月30日 11.00時 ミンミンゼミ @ (-6, 0, 4.6)
[spawn] 8月30日 11.00時 アブラゼミ @ (-26, 0, -11)
[spawn] 8月30日 11.00時 アブラゼミ @ (15, 0, -13)
[msg~] 待ち2: ニイニイゼミの こえが やんだ。
[msg] 8月30日 11時 | 4つ 咲いて いた。 / あさの うちだけの 色だ。
[label] 8月30日(水)  11:48  くもり | 4つ 咲いて いた。 / あさの うちだけの 色だ。
[msg] 8月30日 12時 | じはんきの したに 十円。 / もらって おこう。
[label] 8月30日(水)  12:48  くもり | じはんきの したに 十円。 / もらって おこう。
[spawn] 8月30日 13.00時 ミンミンゼミ @ (-6, 0, 4.6)
[spawn] 8月30日 13.00時 アブラゼミ @ (-26, 0, -11)
[spawn] 8月30日 13.00時 アブラゼミ @ (15, 0, -13)
[msg!] 上書き（0.40秒・待ち2）: 「じはんきの したに 十円。 もらって おこう。」→「クマゼミの こえが やんだ。」
[msg] 8月30日 13時 | クマゼミの こえが やんだ。
[label] 8月30日(水)  13:00  くもり | クマゼミの こえが やんだ。
[msg] 8月30日 13時 | 「ゆっくり おいき。 / 夏は、いそぐと おわるのが 早い」
[label] 8月30日(水)  13:52  くもり | 「ゆっくり おいき。 / 夏は、いそぐと おわるのが 早い」
[msg] 8月30日 14時 | おこづかい 900円 / ▶ ラムネ　100円 / 　 あたりくじ　20円 / 　 アイス　50円 / やじるしで えらぶ／スペースで かう／Ｚ で やめる
[label] 8月30日(水)  14:42  くもり | おこづかい 900円 / ▶ ラムネ　100円 / 　 あたりくじ　20円 / 　 アイス　50円 / やじるしで えらぶ／スペースで かう／Ｚ で やめる
[spawn] 8月30日 15.00時 ミンミンゼミ @ (-6, 0, 4.6)
[spawn] 8月30日 15.00時 アブラゼミ @ (-26, 0, -11)
[spawn] 8月30日 15.00時 アブラゼミ @ (15, 0, -13)
[spawn] 8月30日 15.00時 ツクツクボウシ @ (-8, 0, -18)
[msg~] 待ち1: ツクツクボウシが 鳴きはじめた。
[msg] 8月30日 15時 | 「また おいで」
[label] 8月30日(水)  15:21  くもり | 「また おいで」
[spawn] 8月30日 16.00時 ツクツクボウシ @ (-12, 0, 4.2)
[spawn] 8月30日 16.00時 ツクツクボウシ @ (0, 0, -20)
[spawn] 8月30日 16.00時 ミンミンゼミ @ (19, 0, 5)
[spawn] 8月30日 16.00時 ツクツクボウシ @ (-4, 0, -9)
[msg] 8月30日 16時 | セミの こえが かわった。
[label] 8月30日(水)  16:00  くもり | セミの こえが かわった。
[msg] 8月30日 17時 | 五時の チャイムが 鳴った。
[spawn] 8月30日 17.00時 ツクツクボウシ @ (-12, 0, 4.2)
[spawn] 8月30日 17.00時 ツクツクボウシ @ (0, 0, -20)
[spawn] 8月30日 17.00時 ツクツクボウシ @ (-4, 0, -9)
[spawn] 8月30日 17.00時 ヒグラシ @ (27, 0, -4)
[spawn] 8月30日 17.00時 カブトムシ @ (19, 0, 5)
[msg~] 待ち2: ヒグラシが 鳴きはじめた。
[label] 8月30日(水)  17:00  くもり | 五時の チャイムが 鳴った。
[msg] 8月30日 17時 | 「あの 電柱、わしより 年下なんだ」
[label] 8月30日(水)  17:52  くもり | 「あの 電柱、わしより 年下なんだ」
[diary] 【日記】8月30日(水) / きょうは セミが とれなかった。 / あさがおが 4つ 咲いて いた。 / あしたは なにを しようかな。
[spawn] 8月31日 8.00時 ニイニイゼミ @ (-6, 0, 4.6)
[spawn] 8月31日 8.00時 クマゼミ @ (-4, 0, -9)
[spawn] 8月31日 8.00時 クマゼミ @ (-8, 0, -18)
[spawn] 8月31日 8.00時 ニイニイゼミ @ (19, 0, 5)
[spawn] 8月31日 8.00時 カブトムシ @ (19, 0, 5)
[spawn] 8月31日 8.00時 カブトムシ @ (19, 0, 5)
[msg] 8月31日 08時 | 8月31日。 / なつやすみ、さいごの 日。
[label] 8月30日(水)  19:00  くもり | 8月31日。 / なつやすみ、さいごの 日。
[day] 8月31日(木)  08:01  はれ  (t=871.1s)
[spawn] 8月31日 9.50時 ニイニイゼミ @ (-6, 0, 4.6)
[spawn] 8月31日 9.50時 クマゼミ @ (-4, 0, -9)
[spawn] 8月31日 9.50時 クマゼミ @ (-8, 0, -18)
[spawn] 8月31日 9.50時 ニイニイゼミ @ (19, 0, 5)
[msg] 8月31日 09時 | 「ラジオたいそう、行った？ / はんこ もらえるうちに 行きなさい」
[label] 8月31日(木)  09:40  はれ | 「ラジオたいそう、行った？ / はんこ もらえるうちに 行きなさい」
[spawn] 8月31日 10.00時 ニイニイゼミ @ (-6, 0, 4.6)
[spawn] 8月31日 10.00時 クマゼミ @ (-4, 0, -9)
[spawn] 8月31日 10.00時 クマゼミ @ (-8, 0, -18)
[spawn] 8月31日 10.00時 ニイニイゼミ @ (19, 0, 5)
[spawn] 8月31日 10.00時 アブラゼミ @ (15, 0, -13)
[msg~] 待ち1: アブラゼミが 鳴きはじめた。
[msg] 8月31日 10時 | 「せんたくもの、はやく 入れなさいって / おかあさんに 言っといて」
[label] 8月31日(木)  10:25  はれ | 「せんたくもの、はやく 入れなさいって / おかあさんに 言っといて」
[spawn] 8月31日 11.00時 クマゼミ @ (-26, 0, -11)
[spawn] 8月31日 11.00時 ミンミンゼミ @ (27, 0, -4)
[spawn] 8月31日 11.00時 ミンミンゼミ @ (19, 0, 5)
[spawn] 8月31日 11.00時 ミンミンゼミ @ (-6, 0, 4.6)
[msg~] 待ち2: ニイニイゼミの こえが やんだ。
[msg] 8月31日 11時 | 4つ 咲いて いた。 / あさの うちだけの 色だ。
[label] 8月31日(木)  11:48  はれ | 4つ 咲いて いた。 / あさの うちだけの 色だ。
[spawn] 8月31日 13.00時 ミンミンゼミ @ (27, 0, -4)
[spawn] 8月31日 13.00時 ミンミンゼミ @ (19, 0, 5)
[spawn] 8月31日 13.00時 ミンミンゼミ @ (-6, 0, 4.6)
[msg] 8月31日 13時 | クマゼミの こえが やんだ。
[label] 8月31日(木)  13:00  はれ | クマゼミの こえが やんだ。
[msg] 8月31日 13時 | 「なつまつり、いくのかい。 / うちも 屋台を 出すよ」
[label] 8月31日(木)  13:52  はれ | 「なつまつり、いくのかい。 / うちも 屋台を 出すよ」
[msg] 8月31日 14時 | おこづかい 900円 / ▶ ラムネ　100円 / 　 あたりくじ　20円 / 　 アイス　50円 / やじるしで えらぶ／スペースで かう／Ｚ で やめる
[label] 8月31日(木)  14:42  はれ | おこづかい 900円 / ▶ ラムネ　100円 / 　 あたりくじ　20円 / 　 アイス　50円 / やじるしで えらぶ／スペースで かう／Ｚ で やめる
[spawn] 8月31日 15.00時 ミンミンゼミ @ (27, 0, -4)
[spawn] 8月31日 15.00時 ミンミンゼミ @ (19, 0, 5)
[spawn] 8月31日 15.00時 ミンミンゼミ @ (-6, 0, 4.6)
[spawn] 8月31日 15.00時 ツクツクボウシ @ (-4, 0, -9)
[msg~] 待ち1: ツクツクボウシが 鳴きはじめた。
[msg] 8月31日 15時 | 「また おいで」
[label] 8月31日(木)  15:21  はれ | 「また おいで」
[spawn] 8月31日 16.00時 ツクツクボウシ @ (27, 0, -4)
[spawn] 8月31日 16.00時 アブラゼミ @ (-26, 0, -11)
[spawn] 8月31日 16.00時 ツクツクボウシ @ (-6, 0, 4.6)
[spawn] 8月31日 16.00時 ミンミンゼミ @ (-8, 0, -18)
[msg] 8月31日 16時 | セミの こえが かわった。
[label] 8月31日(木)  16:00  はれ | セミの こえが かわった。
[msg] 8月31日 17時 | 五時の チャイムが 鳴った。
[spawn] 8月31日 17.00時 ツクツクボウシ @ (27, 0, -4)
[spawn] 8月31日 17.00時 ツクツクボウシ @ (-6, 0, 4.6)
[spawn] 8月31日 17.00時 ヒグラシ @ (-26, 0, -11)
[spawn] 8月31日 17.00時 ヒグラシ @ (-9.5, 0, 5.8)
[spawn] 8月31日 17.00時 カブトムシ @ (19, 0, 5)
[spawn] 8月31日 17.00時 カブトムシ @ (19, 0, 5)
[msg~] 待ち2: ヒグラシが 鳴きはじめた。
[label] 8月31日(木)  17:00  はれ | 五時の チャイムが 鳴った。
[msg] 8月31日 17時 | 「この あつさは、むかしの 夏には なかったよ」
[label] 8月31日(木)  17:52  はれ | 「この あつさは、むかしの 夏には なかったよ」
[label] 8月31日(木)  19:00  はれ | 8月31日。なつやすみが おわった。 / つかまえた むし、ぜんぶで 0ひき。 / ずかんは 0/11しゅるい。 / おぼえて いる ばしょは 1こ。 / ラジオたいそうの はんこは 7こ。 / あさがおが 咲いた朝を 14回 見た。 / 町の人と 93回 立ち話を した。 / じはんきの したで 十円を 6回 ひろった。 / おなじ ばしょへ 1回 もどって みた。
[label] 8月31日(木)  19:00  はれ | ——目が さめる。
[label] 8月31日(木)  19:00  はれ | 二〇二六年。いつもの 朝。
[label] 8月31日(木)  19:00  はれ | 会議も 見積も、なにも 変わっていない。
[label] 8月31日(木)  19:00  はれ | ただ、あの がっこうの 帰り道の においを、 / まだ おぼえて いる 気がした。
[label] 8月31日(木)  19:00  はれ | （おわり）
